---
source: crates/rolldown_testing/src/integration_test.rs
snapshot_kind: text
---
# Errors

## MISSING_EXPORT

```text
[MISSING_EXPORT] Error: "def3" is not exported by "foo.json".
   ╭─[js-entry.js:9:10]
   │
 9 │ export { def3 as default } from './foo.json' assert { type: 'json' }
   │          ──┬─  
   │            ╰─── Missing export
───╯

```
## MISSING_EXPORT

```text
[MISSING_EXPORT] Error: "def3" is not exported by "foo.json".
   ╭─[ts-entry.ts:9:10]
   │
 9 │ export { def3 as default } from './foo.json' assert { type: 'json' }
   │          ──┬─  
   │            ╰─── Missing export
───╯

```
## MISSING_EXPORT

```text
[MISSING_EXPORT] Error: "exported" is not exported by "foo.json".
   ╭─[js-entry.js:7:10]
   │
 7 │ export { exported } from './foo.json' assert { type: 'json' }
   │          ────┬───  
   │              ╰───── Missing export
───╯

```
## MISSING_EXPORT

```text
[MISSING_EXPORT] Error: "exported" is not exported by "foo.json".
   ╭─[ts-entry.ts:7:10]
   │
 7 │ export { exported } from './foo.json' assert { type: 'json' }
   │          ────┬───  
   │              ╰───── Missing export
───╯

```
## MISSING_EXPORT

```text
[MISSING_EXPORT] Error: "unused" is not exported by "foo.json".
   ╭─[js-entry.js:3:10]
   │
 3 │ import { unused } from './foo.json' assert { type: 'json' }
   │          ───┬──  
   │             ╰──── Missing export
───╯

```
## MISSING_EXPORT

```text
[MISSING_EXPORT] Error: "used" is not exported by "foo.json".
   ╭─[js-entry.js:4:10]
   │
 4 │ import { used } from './foo.json' assert { type: 'json' }
   │          ──┬─  
   │            ╰─── Missing export
───╯

```
## MISSING_EXPORT

```text
[MISSING_EXPORT] Error: "used" is not exported by "foo.json".
   ╭─[ts-entry.ts:4:10]
   │
 4 │ import { used } from './foo.json' assert { type: 'json' }
   │          ──┬─  
   │            ╰─── Missing export
───╯

```
