---
source: crates/rolldown_testing/src/integration_test.rs
---
# Assets

## entry.js

```js
//#region entry.js
x["_doNotMangleThis"];
x?.["_doNotMangleThis"];
x[y ? "_doNotMangleThis" : z];
x?.[y ? "_doNotMangleThis" : z];
x[y ? z : "_doNotMangleThis"];
x?.[y ? z : "_doNotMangleThis"];
var { "_doNotMangleThis": x } = y;
"_doNotMangleThis" in x;
(y ? "_doNotMangleThis" : z) in x;
(y ? z : "_doNotMangleThis") in x;

//#endregion
```
