---
source: crates/rolldown_testing/src/integration_test.rs
---
# Assets

## entry.js

```js
import { t as bar } from "./foo2.js";

//#region entry.js
import("./foo.js").then(({ bar: b }) => console.log(bar, b));

//#endregion
```

## foo.js

```js
import { t as bar } from "./foo2.js";

export { bar };
```

## foo2.js

```js
//#region foo.js
let bar = 123;

//#endregion
export { bar as t };
```
