---
source: crates/rolldown_testing/src/integration_test.rs
---
# warnings

## UNRESOLVED_IMPORT

```text
[UNRESOLVED_IMPORT] Warning: "react/jsx-runtime" is imported by "factory.jsx", but could not be resolved – treating it as an external dependency.

```
## UNRESOLVED_IMPORT

```text
[UNRESOLVED_IMPORT] Warning: "react/jsx-runtime" is imported by "fragment.jsx", but could not be resolved – treating it as an external dependency.

```
# Assets

## factory.js

```js
import { jsx as _jsx } from "react/jsx-runtime";

//#region factory.jsx
console.log([_jsx("x", {}), /* @__PURE__ */ this("x", null)]);
f = function() {
	console.log([_jsx("y", {}), /* @__PURE__ */ this("y", null)]);
};

//#endregion
```
## fragment.js

```js
import { Fragment as _Fragment, jsx as _jsx } from "react/jsx-runtime";

//#region fragment.jsx
console.log([_jsx(_Fragment, { children: "x" }), /* @__PURE__ */ this(this, null, "x")]), f = function() {
	console.log([_jsx(_Fragment, { children: "y" }), /* @__PURE__ */ this(this, null, "y")]);
};

//#endregion
```
