---
source: crates/rolldown_testing/src/integration_test.rs
---
# warnings

## EMPTY_IMPORT_META

```text
[EMPTY_IMPORT_META] Warning: `import.meta` is not available with the `cjs` output format and will be empty.
   ╭─[ entry.js:1:30 ]
   │
 1 │ console.log(import.meta.url, import.meta.path)
   │                              ─────┬─────  
   │                                   ╰─────── You need to set the output format to `esm` for `import.meta` to work correctly.
───╯

```
# Assets

## entry.js

```js

//#region entry.js
console.log(require("url").pathToFileURL(__filename).href, {}.path);

//#endregion
```
