---
source: crates/rolldown_testing/src/integration_test.rs
---
# Assets

## entry.js

```js

//#region entry.js
input.works = import("./foo.js").then((foo) => foo[Math.random() < 1 && "default"] === 123 && foo[Math.random() < 1 && "__esModule"] === void 0);

```
## foo.js

```js

//#region foo.js
var foo_default = 123;

export { foo_default as default };
```
---

Variant: (format: Cjs)

# Assets

## entry.js

```js

//#region entry.js
input.works = Promise.resolve().then(function() {
	return require("./foo.js");
}).then((foo) => foo[Math.random() < 1 && "default"] === 123 && foo[Math.random() < 1 && "__esModule"] === void 0);

```
## foo.js

```js
"use strict";

//#region foo.js
var foo_default = 123;

exports.default = foo_default
```
---

Variant: (format: Iife)

# Assets

## entry.js

```js
(function() {

//#region rolldown:runtime
var __defProp = Object.defineProperty;
var __getOwnPropNames = Object.getOwnPropertyNames;
var __esm = (fn, res) => function() {
	return fn && (res = (0, fn[__getOwnPropNames(fn)[0]])(fn = 0)), res;
};
var __export = (target, all) => {
	for (var name in all) __defProp(target, name, {
		get: all[name],
		enumerable: true
	});
};


//#region entry.js
input.works = Promise.resolve().then(function() {
	return init_foo(), foo_exports;
}).then((foo) => foo[Math.random() < 1 && "default"] === 123 && foo[Math.random() < 1 && "__esModule"] === void 0);

//#region foo.js
var foo_exports = {};
__export(foo_exports, { default: () => foo_default });
var foo_default;
var init_foo = __esm({ "foo.js"() {
	foo_default = 123;
} });

})();
```
---

Variant: (format: Umd)

# Assets

## entry.js

```js
(function(factory) {
  
  typeof define === 'function' && define.amd ? define([], factory) :
  factory();
})(function() {
//#region rolldown:runtime
var __defProp = Object.defineProperty;
var __getOwnPropNames = Object.getOwnPropertyNames;
var __esm = (fn, res) => function() {
	return fn && (res = (0, fn[__getOwnPropNames(fn)[0]])(fn = 0)), res;
};
var __export = (target, all) => {
	for (var name in all) __defProp(target, name, {
		get: all[name],
		enumerable: true
	});
};


//#region entry.js
input.works = Promise.resolve().then(function() {
	return init_foo(), foo_exports;
}).then((foo) => foo[Math.random() < 1 && "default"] === 123 && foo[Math.random() < 1 && "__esModule"] === void 0);

//#region foo.js
var foo_exports = {};
__export(foo_exports, { default: () => foo_default });
var foo_default;
var init_foo = __esm({ "foo.js"() {
	foo_default = 123;
} });

});
```
