---
source: crates/rolldown_testing/src/integration_test.rs
snapshot_kind: text
---
# Assets

## assets/file-CbsPdNNJ.txt

```txt
y
```
## assets/image-3GRP3O-A.png

```png
x
```
## entries_entry.js

```js

//#region images/image.png
var image_default = "assets/image-3GRP3O-A.png";

//#endregion
//#region uploads/file.txt
var file_default = "assets/file-CbsPdNNJ.txt";

//#endregion
//#region entries/entry.js
console.log(image_default, file_default);

//#endregion
```
