---
source: crates/rolldown_testing/src/integration_test.rs
---
# warnings

## UNRESOLVED_IMPORT

```text
[UNRESOLVED_IMPORT] Warning: Could not resolve './external' in entry.js
   ╭─[entry.js:3:15]
   │
 3 │ export * from './external'
   │               ──────┬─────  
   │                     ╰─────── Module not found, treating it as an external dependency
───╯

```
# Assets

## entry.js

```js
import "fs";
import "./external";

export * from "fs"

export * from "./external"

//#region internal.js
let foo = 123;

//#endregion
export { foo };
```
