---
source: crates/rolldown_testing/src/integration_test.rs
---
# Assets

## entry_js.mjs

```js
import { default as assert } from "node:assert";


//#region folders/child/foo.js
const foo = () => "hi there";

//#endregion
//#region folders/index.js
var folders_index_ns = {};
__export(folders_index_ns, { foo: () => foo });

//#endregion
//#region entry.js
assert(Object.keys(JSON.stringify(folders_index_ns)), 2);

//#endregion
```
