---
source: crates/rolldown_testing/src/integration_test.rs
---
# Assets

## main.js

```js

//#region rolldown:runtime
var __defProp = Object.defineProperty;
var __getOwnPropNames = Object.getOwnPropertyNames;
var __esm = (fn, res) => function() {
	return fn && (res = (0, fn[__getOwnPropNames(fn)[0]])(fn = 0)), res;
};
var __export = (target, all) => {
	for (var name in all) __defProp(target, name, {
		get: all[name],
		enumerable: true
	});
};

//#region esm.js
var esm_exports = {};
__export(esm_exports, { default: () => esm_default });
var esm_default;
var init_esm = __esm({ "esm.js"() {
	esm_default = "esm";
} });

//#region main.js
init_esm();

```
