---
source: crates/rolldown_testing/src/integration_test.rs
---
# warnings

## UNRESOLVED_IMPORT

```text
[UNRESOLVED_IMPORT] Warning: Could not resolve let Foo = {
	Bar_(p in entry.jsx
   ╭─[entry.jsx:1:1]
   │
 1 │ ╭─▶ let Foo = {
 2 │ ├─▶     Bar_(props) {
   │ │                       
   │ ╰─────────────────────── 
───╯

```
# Assets

## entry.js

```js
import { Fragment as _Fragment, jsx as _jsx } from "react/jsx-runtime";

//#region entry.jsx
let Foo = {
	Bar_(props) {
		return _jsx(_Fragment, { children: props.text_ });
	},
	hello_: "hello, world",
	createElement_(...args) {
		console.log("createElement", ...args);
	},
	Fragment_(...args) {
		console.log("Fragment", ...args);
	}
};
var entry_default = _jsx(Foo.Bar_, { text_: Foo.hello_ });

//#endregion
export { entry_default as default };
```
