---
source: crates/rolldown/tests/common/case.rs
expression: content
input_file: crates/rolldown/tests/esbuild/default/nested_es6_from_common_js
---
# Assets

## entry_js.mjs

```js
import { __commonJS, __toESM } from "./_rolldown_runtime.mjs";

// foo.js
var require_foo = __commonJS((exports, module) => {
	exports.fn = function() {
		return 123;
	};
});

// entry.js
var import_foo = require_foo();
(() => {
	console.log(import_foo.fn());
})();
```
