---
source: crates/rolldown_testing/src/integration_test.rs
---
# Assets

## entry.js

```js
// HIDDEN [rolldown:runtime]

//#region entry.js
var entry_exports = {};
__export(entry_exports, {
	foo: () => foo,
	ns: () => entry_exports
});
const foo = 123;

//#endregion
exports.foo = foo;
exports.ns = entry_exports;
```
