---
source: crates/rolldown_testing/src/integration_test.rs
---
# Assets

## entry.js

```js
//#region ../../../../../../node_modules/.pnpm/@oxc-project+runtime@0.82.1/node_modules/@oxc-project/runtime/src/helpers/esm/decorate.js
function __decorate(decorators, target, key, desc) {
	var c = arguments.length, r$1 = c < 3 ? target : desc === null ? desc = Object.getOwnPropertyDescriptor(target, key) : desc, d;
	if (typeof Reflect === "object" && typeof Reflect.decorate === "function") r$1 = Reflect.decorate(decorators, target, key, desc);
	else for (var i = decorators.length - 1; i >= 0; i--) if (d = decorators[i]) r$1 = (c < 3 ? d(r$1) : c > 3 ? d(target, key, r$1) : d(target, key)) || r$1;
	return c > 3 && r$1 && Object.defineProperty(target, key, r$1), r$1;
}

//#endregion
//#region entry.ts
var _x, _y;
var Foo = class {
	[q];
	[r] = s;
	[_x = x];
	[_y = y] = z;
};
__decorate([dec], Foo.prototype, _x, void 0);
__decorate([dec], Foo.prototype, _y, void 0);
new Foo();

//#endregion
```
