---
source: crates/rolldown_testing/src/integration_test.rs
---
# Assets

## entry.js

```js
// HIDDEN [rolldown:runtime]

//#region is-main.js
var require_is_main = __commonJS({ "is-main.js"(exports, module) {
	module.exports = require.main === module;
} });

//#endregion
//#region entry.js
console.log("is main:", require.main === module);
console.log(require_is_main());
console.log("cache:", require.cache);

//#endregion
```
