---
source: crates/rolldown_testing/src/integration_test.rs
---
# Assets

## entry.js

```js
import * as ns$1 from "x";
import { ns } from "x";

// HIDDEN [\0rolldown/runtime.js]
//#region a.js
var a_exports = /* @__PURE__ */ __exportAll({ ns: () => ns$1 });
var init_a = __esmMin((() => {}));

//#endregion
//#region b.js
var b_exports = /* @__PURE__ */ __exportAll({ ns: () => ns$1 });
var init_b = __esmMin((() => {}));

//#endregion
//#region c.js
var c_exports = /* @__PURE__ */ __exportAll({ ns: () => ns$1 });
var init_c = __esmMin((() => {}));

//#endregion
//#region d.js
var d_exports = /* @__PURE__ */ __exportAll({ ns: () => ns });
var init_d = __esmMin((() => {}));

//#endregion
//#region e.js
var e_exports = /* @__PURE__ */ __exportAll({});
import * as import_x from "x";
__reExport(e_exports, import_x);
var init_e = __esmMin((() => {}));

//#endregion
//#region entry.js
init_a();
init_b();
init_c();
init_d();
init_e();

//#endregion
```
