---
source: crates/rolldown_testing/src/integration_test.rs
---
# Assets

## dynamic.js

```js
import { t as __commonJSMin } from "./rolldown-runtime.js";
//#region dynamic.js
var require_dynamic = /* @__PURE__ */ __commonJSMin(((exports, module) => {
	module.exports = 1e3;
	globalThis.a = 1e3;
}));
//#endregion
export default require_dynamic();
export { require_dynamic as t };

```

## main.js

```js
import { t as init_main } from "./main2.js";
init_main();

```

## main2.js

```js
import { t as require_dynamic } from "./dynamic.js";
import { n as __esmMin } from "./rolldown-runtime.js";
import { strictEqual } from "node:assert";
//#region sideeffects.js
function init_sideeffects() {
	return (init_sideeffects = __esmMin((() => {
		globalThis.a = 2;
	})))();
}
//#endregion
//#region esm.js
var a;
function init_esm() {
	return (init_esm = __esmMin((() => {
		require_dynamic();
		init_sideeffects();
		a = globalThis.a;
		strictEqual(a, 2);
	})))();
}
//#endregion
//#region cjs.js
function foo() {
	return 100;
}
function init_cjs() {
	return (init_cjs = __esmMin((() => {
		init_esm();
	})))();
}
//#endregion
//#region main.js
function init_main() {
	return (init_main = __esmMin((() => {
		init_cjs();
		console.log(`mod.foo: `, foo);
	})))();
}
//#endregion
export { init_main as t };

```

## rolldown-runtime.js

```js
// HIDDEN [\0rolldown/runtime.js]
export { __esmMin as n, __commonJSMin as t };

```
