---
source: crates/rolldown/tests/common/case.rs
expression: content
input_file: crates/rolldown/tests/esbuild/splitting/dynamic-commonjs-into-es6
---
# Assets

## foo.mjs

```js


//#region foo.js
var require_foo = __commonJSMin((exports, module) => {
	exports.bar = 123;
});

//#endregion
export default require_foo();

```
## main.mjs

```js

//#region main.js
import('./foo.mjs').then(({ bar }) => console.log(bar));

//#endregion
```
