---
source: crates/rolldown/tests/common/case.rs
expression: content
input_file: crates/rolldown/tests/esbuild/splitting/dynamic-commonjs-into-es6
---
# Assets

## foo_js.mjs

```js
import { __commonJSMin, __export } from "./_rolldown_runtime.mjs";

// foo.js
var require_foo = __commonJSMin((exports, module) => {
	exports.bar = 123;
});

export default require_foo();
```
## main.mjs

```js
import { __export } from "./_rolldown_runtime.mjs";

// main.js
import('./foo.js').then(({bar}) => console.log(bar));
```
