---
source: crates/rolldown_testing/src/integration_test.rs
---
# Assets

## main.js

```js
//#region bar.jsx
const Bar = () => <div>Bar</div>;
var Bar_default = Bar;

//#endregion
//#region foo.jsx
const Foo = () => <div>Foo</div>;
var Foo_default = () => Foo();

//#endregion
//#region main.jsx
console.log(<><Bar_default /><Foo /><Foo_default /></>);

//#endregion
```
