---
source: crates/rolldown_testing/src/integration_test.rs
---
# Assets

## main.js

```js
import assert from "assert";
//#region names.js
const [a$1, b$1, c$1, d$1, e$1] = [
	"a2",
	"b2",
	"c2",
	"d2",
	"e2"
];
//#endregion
//#region main.js
const [a, b, c, d, e] = [
	"a",
	"b",
	"c",
	"d",
	"e"
];
function foo(a$1$1, { b$1: b$1$1 }, { c$1: c$1$1 = "c$1" }, { d$1: d$1$1 } = { d$1: "d$1" }, { e$1: e$1$1 = "" } = { e$1: "e$1" }) {
	return {
		main: [
			a,
			b,
			c,
			d,
			e
		],
		names: [
			a$1,
			b$1,
			c$1,
			d$1,
			e$1
		],
		params: [
			a$1$1,
			b$1$1,
			c$1$1,
			d$1$1,
			e$1$1
		]
	};
}
const ret = foo("a$1", { b$1: "b$1" }, {}, void 0, void 0);
assert.deepStrictEqual(ret.main, [
	"a",
	"b",
	"c",
	"d",
	"e"
]);
assert.deepStrictEqual(ret.names, [
	"a2",
	"b2",
	"c2",
	"d2",
	"e2"
]);
assert.deepStrictEqual(ret.params, [
	"a$1",
	"b$1",
	"c$1",
	"d$1",
	"e$1"
]);
//#endregion
export { a, b, c, d, e };

//# sourceMappingURL=main.js.map
```

# Sourcemap Visualizer

```
- ../names.js
(0:0) "export const " --> (2:0) "const "
(0:13) "[" --> (2:6) "["
(0:14) "a, " --> (2:7) "a$1, "
(0:17) "b, " --> (2:12) "b$1, "
(0:20) "c, " --> (2:17) "c$1, "
(0:23) "d, " --> (2:22) "d$1, "
(0:26) "e] = " --> (2:27) "e$1] = "
(0:31) "[" --> (2:34) "[\n"
(0:32) "'a2', " --> (3:1) "\"a2\",\n"
(0:38) "'b2', " --> (4:1) "\"b2\",\n"
(0:44) "'c2', " --> (5:1) "\"c2\",\n"
(0:50) "'d2', " --> (6:1) "\"d2\",\n"
(0:56) "'e2']" --> (7:1) "\"e2\"\n"
(0:61) ";\n" --> (8:1) ";\n"
- ../main.js
(3:0) "export const " --> (11:0) "const "
(3:13) "[" --> (11:6) "["
(3:14) "a, " --> (11:7) "a, "
(3:17) "b, " --> (11:10) "b, "
(3:20) "c, " --> (11:13) "c, "
(3:23) "d, " --> (11:16) "d, "
(3:26) "e] = " --> (11:19) "e] = "
(3:31) "[" --> (11:24) "[\n"
(3:32) "'a', " --> (12:1) "\"a\",\n"
(3:37) "'b', " --> (13:1) "\"b\",\n"
(3:42) "'c', " --> (14:1) "\"c\",\n"
(3:47) "'d', " --> (15:1) "\"d\",\n"
(3:52) "'e']" --> (16:1) "\"e\"\n"
(3:56) ";\n" --> (17:1) ";\n"
(5:0) "function " --> (18:0) "function "
(5:9) "foo(\n" --> (18:9) "foo("
(6:2) "a$1,\n" --> (18:13) "a$1$1, "
(7:2) "{ " --> (18:20) "{ "
(7:4) "b$1 },\n" --> (18:22) "b$1: "
(7:4) "b$1 },\n" --> (18:27) "b$1$1 }, "
(8:2) "{ " --> (18:36) "{ "
(8:4) "c$1 = " --> (18:38) "c$1: "
(8:4) "c$1 = " --> (18:43) "c$1$1 = "
(8:10) "'c$1' },\n" --> (18:51) "\"c$1\" }, "
(9:2) "{ " --> (18:60) "{ "
(9:4) "d$1 } = " --> (18:62) "d$1: "
(9:4) "d$1 } = " --> (18:67) "d$1$1 } = "
(9:12) "{ " --> (18:77) "{ "
(9:14) "d$1: " --> (18:79) "d$1: "
(9:19) "'d$1' }" --> (18:84) "\"d$1\" }"
(9:26) ",\n" --> (18:91) ", "
(10:2) "{ " --> (18:93) "{ "
(10:4) "e$1 = " --> (18:95) "e$1: "
(10:4) "e$1 = " --> (18:100) "e$1$1 = "
(10:10) "'' } = " --> (18:108) "\"\" } = "
(10:17) "{ " --> (18:115) "{ "
(10:19) "e$1: " --> (18:117) "e$1: "
(10:24) "'e$1' }" --> (18:122) "\"e$1\" }"
(10:31) ",\n" --> (18:129) ") "
(11:2) "{\n" --> (18:131) "{\n"
(12:2) "return " --> (19:0) "\treturn "
(12:9) "{\n" --> (19:8) "{\n"
(13:4) "main: " --> (20:2) "main: "
(13:10) "[" --> (20:8) "[\n"
(13:11) "a, " --> (21:3) "a,\n"
(13:14) "b, " --> (22:3) "b,\n"
(13:17) "c, " --> (23:3) "c,\n"
(13:20) "d, " --> (24:3) "d,\n"
(13:23) "e]" --> (25:3) "e\n"
(13:25) ",\n" --> (26:3) ",\n"
(14:4) "names: " --> (27:2) "names: "
(14:11) "[" --> (27:9) "[\n"
(14:12) "a2, " --> (28:3) "a$1,\n"
(14:16) "b2, " --> (29:3) "b$1,\n"
(14:20) "c2, " --> (30:3) "c$1,\n"
(14:24) "d2, " --> (31:3) "d$1,\n"
(14:28) "e2]" --> (32:3) "e$1\n"
(14:31) ",\n" --> (33:3) ",\n"
(15:4) "params: " --> (34:2) "params: "
(15:12) "[" --> (34:10) "[\n"
(15:13) "a$1, " --> (35:3) "a$1$1,\n"
(15:18) "b$1, " --> (36:3) "b$1$1,\n"
(15:23) "c$1, " --> (37:3) "c$1$1,\n"
(15:28) "d$1, " --> (38:3) "d$1$1,\n"
(15:33) "e$1]" --> (39:3) "e$1$1\n"
(15:37) ",\n" --> (40:3) "\n"
(16:3) ";\n" --> (41:2) ";\n"
(19:0) "const " --> (43:0) "const "
(19:6) "ret = " --> (43:6) "ret = "
(19:12) "foo(" --> (43:12) "foo("
(19:16) "'a$1', " --> (43:16) "\"a$1\", "
(19:23) "{ " --> (43:23) "{ "
(19:25) "b$1: " --> (43:25) "b$1: "
(19:30) "'b$1' }" --> (43:30) "\"b$1\" }"
(19:37) ", " --> (43:37) ", "
(19:39) "{}" --> (43:39) "{}"
(19:41) ", " --> (43:41) ", "
(19:43) "undefined, " --> (43:43) "void "
(19:43) "undefined, " --> (43:48) "0, "
(19:54) "undefined)" --> (43:51) "void "
(19:54) "undefined)" --> (43:56) "0)"
(19:64) ";\n" --> (43:58) ";\n"
(20:0) "assert." --> (44:0) "assert."
(20:7) "deepStrictEqual(" --> (44:7) "deepStrictEqual("
(20:23) "ret." --> (44:23) "ret."
(20:27) "main, " --> (44:27) "main, "
(20:33) "[" --> (44:33) "[\n"
(20:34) "'a', " --> (45:1) "\"a\",\n"
(20:39) "'b', " --> (46:1) "\"b\",\n"
(20:44) "'c', " --> (47:1) "\"c\",\n"
(20:49) "'d', " --> (48:1) "\"d\",\n"
(20:54) "'e']" --> (49:1) "\"e\"\n"
(20:58) ")" --> (50:1) ")"
(20:59) ";\n" --> (50:2) ";\n"
(21:0) "assert." --> (51:0) "assert."
(21:7) "deepStrictEqual(" --> (51:7) "deepStrictEqual("
(21:23) "ret." --> (51:23) "ret."
(21:27) "names, " --> (51:27) "names, "
(21:34) "[" --> (51:34) "[\n"
(21:35) "'a2', " --> (52:1) "\"a2\",\n"
(21:41) "'b2', " --> (53:1) "\"b2\",\n"
(21:47) "'c2', " --> (54:1) "\"c2\",\n"
(21:53) "'d2', " --> (55:1) "\"d2\",\n"
(21:59) "'e2']" --> (56:1) "\"e2\"\n"
(21:64) ")" --> (57:1) ")"
(21:65) ";\n" --> (57:2) ";\n"
(22:0) "assert." --> (58:0) "assert."
(22:7) "deepStrictEqual(" --> (58:7) "deepStrictEqual("
(22:23) "ret." --> (58:23) "ret."
(22:27) "params, " --> (58:27) "params, "
(22:35) "[" --> (58:35) "[\n"
(22:36) "'a$1', " --> (59:1) "\"a$1\",\n"
(22:43) "'b$1', " --> (60:1) "\"b$1\",\n"
(22:50) "'c$1', " --> (61:1) "\"c$1\",\n"
(22:57) "'d$1', " --> (62:1) "\"d$1\",\n"
(22:64) "'e$1']" --> (63:1) "\"e$1\"\n"
(22:70) ")" --> (64:1) ")"
(22:71) ";\n" --> (64:2) ";\n"
```
