---
source: crates/rolldown_testing/src/integration_test.rs
---
# Errors

## UNLOADABLE_DEPENDENCY

```text
[UNLOADABLE_DEPENDENCY] Error: Could not resolve entry.javascript - Fail to guess module type for "entry.javascript". So rolldown could not load this asset correctly. Please use the load hook to load the resource.

```
