---
source: crates/rolldown/tests/common/case.rs
expression: content
input_file: crates/rolldown/tests/fixtures/tree_shaking/advanced_barrel_exports
---
# Assets

## main.mjs

```js

//#region foo.js
var foo_ns = {};
__export(foo_ns, {
	a:() => a
});
var foo_ns = {};
__export(foo_ns, {a: () => a});
const a = 100;

//#endregion
//#region main.js
console.log(a);

//#endregion
```
