---
source: crates/rolldown_testing/src/integration_test.rs
---
# Assets

## entry.js

```js
//#region entry.js
var entry_exports = {};
input.works = entry_exports[Math.random() < 1 && "__esModule"] === void 0;

//#endregion
```
---

Variant: (format: Cjs)

# Assets

## entry.js

```js

//#region entry.js
var entry_exports = {};
input.works = entry_exports[Math.random() < 1 && "__esModule"] === void 0;

//#endregion
```
---

Variant: (format: Iife)

# Assets

## entry.js

```js
(function() {


//#region entry.js
var entry_exports = {};
input.works = entry_exports[Math.random() < 1 && "__esModule"] === void 0;

//#endregion
})();
```
---

Variant: (format: Umd)

# Assets

## entry.js

```js
(function(factory) {
  
  typeof define === 'function' && define.amd ? define([], factory) :
  factory();
})(function() {

//#region entry.js
var entry_exports = {};
input.works = entry_exports[Math.random() < 1 && "__esModule"] === void 0;

//#endregion
});
```
