---
source: crates/rolldown_testing/src/integration_test.rs
---
# Assets

## entry.js

```js
import assert from "node:assert";

// HIDDEN [rolldown:runtime]
//#region foo.js
var foo_exports = {};
/* @__PURE__ */ __export(foo_exports, { foo: () => foo$1 });
function foo$1() {
	return "foo";
}
var init_foo = __esm({ "foo.js": (() => {}) });

//#endregion
//#region bar.js
var bar_exports = {};
/* @__PURE__ */ __export(bar_exports, { bar: () => bar$1 });
function bar$1() {
	return "bar";
}
var init_bar = __esm({ "bar.js": (() => {}) });

//#endregion
//#region entry.js
const { foo } = (init_foo(), __toCommonJS(foo_exports));
assert.equal(foo(), "foo");
assert.equal(bar(), "bar");
const { bar } = (init_bar(), __toCommonJS(bar_exports));

//#endregion
```
