---
source: crates/rolldown_testing/src/integration_test.rs
---
# Assets

## entry.js

```js

//#region inject.js
function $inject_React_createElement() {}
function $inject_React_Fragment() {}

//#endregion
//#region entry.jsx
console.log(/* @__PURE__ */ $inject_React_createElement($inject_React_Fragment, null, /* @__PURE__ */ $inject_React_createElement("div", null)));

//#endregion
```
