---
source: crates/rolldown_testing/src/integration_test.rs
---
# Assets

## entry.js

```js
//#region entry.js
function testReturn() {
	return y + z();
	function z() {
		KEEP_ME();
	}
	var y;
}
function testThrow() {
	throw y + z();
	function z() {
		KEEP_ME();
	}
	var y;
}
function testBreak() {
	while (true) {
		{
			y + z();
			break;
		}
		function z() {
			KEEP_ME();
		}
		var y;
	}
}
function testContinue() {
	while (true) {
		{
			y + z();
			continue;
		}
		function z() {
			KEEP_ME();
		}
		var y;
	}
}
function testStmts() {
	return [
		a,
		b,
		c,
		d,
		e,
		f,
		g,
		h,
		i
	];
	var a, b, c, d, e, f, g, h, i;
}
testReturn();
testThrow();
testBreak();
testContinue();
testStmts();

//#endregion
```
