---
source: crates/rolldown_testing/src/integration_test.rs
snapshot_kind: text
---
# warnings

## IMPORT_IS_UNDEFINED

```text
[IMPORT_IS_UNDEFINED] Warning: Import `Type` will always be undefined because there is no matching export in 'import.ts'
   ╭─[entry.ts:1:9]
   │
 1 │ import * as ns from './import.ts'
   │         │ 
   │         ╰─ 
───╯

```
# Assets

## entry.js

```js

//#region import.ts
let value = 123;

//#endregion
//#region entry.ts
var value_copy = value;
var Type_copy = void 0;
let foo = value_copy;
console.log(foo);

//#endregion
```
