---
source: crates/rolldown_testing/src/integration_test.rs
---
# Assets

## entry.js

```js
// HIDDEN [rolldown:runtime]
//#region entry.js
import("./foo.js").then(__toDynamicImportESM()).then(({ default: { bar } }) => console.log(bar));

//#endregion
export { __commonJS as t };
```

## foo.js

```js
import { t as __commonJS } from "./entry.js";

//#region foo.js
var require_foo = /* @__PURE__ */ __commonJS({ "foo.js": ((exports) => {
	exports.bar = 123;
}) });

//#endregion
export default require_foo();

```
