---
source: crates/rolldown_testing/src/integration_test.rs
---
# Assets

## main.js

```js
// HIDDEN [rolldown:runtime]
//#region react-dom.js
var require_react_dom = /* @__PURE__ */ __commonJS({ "react-dom.js": ((exports, module) => {
	module.exports = "react-dom";
}) });

//#endregion
export default require_react_dom();

```
