---
source: crates/rolldown_testing/src/integration_test.rs
snapshot_kind: text
---
# Assets

## entry.js

```js


//#region node_modules/pkg/require.js
var require_exports = {};
var init_require = __esm({ "node_modules/pkg/require.js"() {
	console.log("SUCCESS");
} });

//#endregion
//#region src/entry.js
init_require();

//#endregion
```
