---
source: crates/rolldown_testing/src/integration_test.rs
---
# Assets

## entry.js

```js
import assert from "node:assert";



//#region foo.js
var require_foo = __commonJS({ "foo.js"(exports) {
	exports.foo = function() {
		return "foo";
	};
} });
var import_foo = __toESM(require_foo());
//#endregion

//#region bar.js
var require_bar = __commonJS({ "bar.js"(exports) {
	exports.bar = function() {
		return "bar";
	};
} });
var import_bar = __toESM(require_bar());
//#endregion

//#region entry.js
assert.equal((0, import_foo.foo)(), "foo");
assert.equal((0, import_bar.bar)(), "bar");
//#endregion

```
