---
source: crates/rolldown/tests/common/case.rs
expression: content
input_file: crates/rolldown/tests/esbuild/default/es6_from_common_js
---
# Assets

## entry_js.mjs

```js
import { __commonJS, __toESM } from "./_rolldown_runtime.mjs";

// foo.js
exports.foo = function() {
	return 'foo';
};

// bar.js
exports.bar = function() {
	return 'bar';
};

// entry.js
console.log(import_foo.foo(), import_bar.bar());
```
