---
source: crates/rolldown_testing/src/integration_test.rs
---
# Assets

## entry_ts.js

```js
(class {
	static {
		console.log("a");
	}
	static {
		console.log("b");
	}
	constructor(b1 = 2.1, b2 = 2.2) {
		this.b1 = b1;
		this.b2 = b2;
		this.a = 1;
		this.c = 3;
	}
	static {
		console.log("c");
	}
});
//#endregion

```
