---
source: crates/rolldown_testing/src/integration_test.rs
---
# Assets

## entry.js

```js
// HIDDEN [\0@oxc-project+runtime@0.0.0/file.js]
// HIDDEN [\0@oxc-project+runtime@0.0.0/file.js]
// HIDDEN [\0@oxc-project+runtime@0.0.0/file.js]
// HIDDEN [\0@oxc-project+runtime@0.0.0/file.js]
// HIDDEN [\0@oxc-project+runtime@0.0.0/file.js]
//#region entry.js
var _a = /* @__PURE__ */ new WeakMap();
var A = class {
	constructor() {
		_classPrivateFieldInitSpec(this, _a, void 0);
	}
	f() {
		var _classPrivateFieldGet2;
		(_classPrivateFieldGet2 = _classPrivateFieldGet2$1(_a, this)) !== null && _classPrivateFieldGet2 !== void 0 || _classPrivateFieldSet2(_a, this, 1);
	}
};

//#endregion
export { A };
```
