---
source: crates/rolldown/tests/common/case.rs
expression: content
input_file: crates/rolldown/tests/esbuild/dce/package_json_side_effects_false_keep_star_import_common_js
---
# Assets

## src_entry_js.mjs

```js
import { default as assert } from "node:assert";


//#region node_modules/demo-pkg/index.js
var require_demo_pkg_index = __commonJSMin((exports, module) => {
	exports.foo = 123;
	console.log('hello');
});

//#endregion
//#region src/entry.js
var import_demo_pkg_index = __toESM(require_demo_pkg_index());
assert.deepEqual(import_demo_pkg_index, {
	default: {foo: 123},
	foo: 123
});

//#endregion
```
