---
source: crates/rolldown_testing/src/integration_test.rs
---
# Assets

## src_entry.js

```js
import assert from "node:assert";

// HIDDEN [rolldown:runtime]
//#region node_modules/demo-pkg/index.js
var require_demo_pkg = /* @__PURE__ */ __commonJS({ "node_modules/demo-pkg/index.js"(exports) {
	exports.foo = 123;
	console.log("hello");
} });

//#endregion
//#region src/entry.js
var import_demo_pkg = __toESM(require_demo_pkg());
assert.deepEqual(import_demo_pkg, {
	default: { foo: 123 },
	foo: 123
});

//#endregion
```
