---
source: crates/rolldown_testing/src/integration_test.rs
snapshot_kind: text
---
# Assets

## test.css

```css
button { color: red }

```
## test.js

```js


//#region node_modules/pkg/button.css
var button_exports = {};
var init_button = __esm({ "node_modules/pkg/button.css"() {} });

//#endregion
//#region node_modules/pkg/components.jsx
init_button();
const Button = () => React.createElement("button", null);

//#endregion
//#region test.jsx
render(React.createElement(Button, null));

//#endregion
```
