---
source: crates/rolldown/tests/common/case.rs
expression: content
input_file: crates/rolldown/tests/fixtures/exec_order/basic
---
# Assets

## main.mjs

```js
// init.js
globalThis.order = '';

// a.js
globalThis.order += 'a';

// b.js
globalThis.order += 'b';

// c.js
globalThis.order += 'c';
```
