---
source: crates/rolldown_testing/src/integration_test.rs
---
# Assets

## main.js

```js
// HIDDEN [rolldown:runtime]
//#region lib.prod.js
var lib_prod_exports = {};
/* @__PURE__ */ __export(lib_prod_exports, { default: () => lib_prod_default });
var lib_prod_default;
var init_lib_prod = __esm({ "lib.prod.js": (() => {
	lib_prod_default = "prod";
}) });

//#endregion
//#region lib.js
var require_lib = /* @__PURE__ */ __commonJS({ "lib.js": ((exports, module) => {
	module.exports = (init_lib_prod(), __toCommonJS(lib_prod_exports));
}) });

//#endregion
//#region main.js
var import_lib = /* @__PURE__ */ __toESM(require_lib());

//#endregion
var lib = import_lib.default;
export { lib };
```
