---
source: crates/rolldown_testing/src/integration_test.rs
---
# Assets

## entry.js

```js

//#region foo1.js
var foo1 = class extends x {
	static foo1() {
		return async () => super.foo = "foo1";
	}
};

//#endregion
//#region foo2.js
var foo2 = class extends x {
	static foo2() {
		return async () => () => super.foo = "foo2";
	}
};

//#endregion
//#region foo3.js
var foo3 = class extends x {
	static foo3() {
		return () => async () => super.foo = "foo3";
	}
};

//#endregion
//#region foo4.js
var foo4 = class extends x {
	static foo4() {
		return async () => async () => super.foo = "foo4";
	}
};

//#endregion
//#region bar1.js
var bar1 = class extends x {
	static bar1 = async () => super.foo = "bar1";
};

//#endregion
//#region bar2.js
var bar2 = class extends x {
	static bar2 = async () => () => super.foo = "bar2";
};

//#endregion
//#region bar3.js
var bar3 = class extends x {
	static bar3 = () => async () => super.foo = "bar3";
};

//#endregion
//#region bar4.js
var bar4 = class extends x {
	static bar4 = async () => async () => super.foo = "bar4";
};

//#endregion
//#region baz1.js
var baz1 = class extends x {
	static async baz1() {
		return () => super.foo = "baz1";
	}
};

//#endregion
//#region baz2.js
var baz2 = class extends x {
	static async baz2() {
		return () => () => super.foo = "baz2";
	}
};

//#endregion
//#region outer.js
var outer_default = async function() {
	class y extends z {
		static foo = async () => super.foo = "foo";
	}
	await y.foo()();
}();

//#endregion
export { bar1, bar2, bar3, bar4, baz1, baz2, foo1, foo2, foo3, foo4 };
```
