---
source: crates/rolldown_testing/src/integration_test.rs
snapshot_kind: text
---
# warnings

## MISSING_GLOBAL_NAME

```text
[MISSING_GLOBAL_NAME] Warning: No name was provided for external module "node:fs" in "output.globals" – guessing "node_fs".

```
## MISSING_GLOBAL_NAME

```text
[MISSING_GLOBAL_NAME] Warning: No name was provided for external module "node:path" in "output.globals" – guessing "node_path".

```
# Assets

## main.js

```js
(function(node_path, node_fs) {

"use strict";
const { default: nodePath } = node_path;

//#region main.js
console.log(nodePath);

//#endregion
})(node_path, node_fs);
```
