---
source: crates/rolldown_testing/src/integration_test.rs
---
# Assets

## a.js

```js
import { p, q } from "./a2.js";

export { p, q };
```
## a2.js

```js

//#region b.js
var q = 6;

//#region a.js
var p = 5;

export { p, q };
```
## b.js

```js
import { p, q } from "./a2.js";

export { p, q };
```
