---
source: crates/rolldown_testing/src/integration_test.rs
---
# warnings

## UNRESOLVED_IMPORT

```text
[UNRESOLVED_IMPORT] Warning: Could not resolve 'foo' in entry.js
    ╭─[ entry.js:10:9 ]
    │
 10 │     import('foo', { /* before */ assert: { type: 'json' } }),
    │            ──┬──  
    │              ╰──── Module not found, treating it as an external dependency
────╯

```
## UNRESOLVED_IMPORT

```text
[UNRESOLVED_IMPORT] Warning: Could not resolve 'foo' in entry.js
    ╭─[ entry.js:11:9 ]
    │
 11 │     import('foo', { assert: /* before */ { type: 'json' } }),
    │            ──┬──  
    │              ╰──── Module not found, treating it as an external dependency
────╯

```
## UNRESOLVED_IMPORT

```text
[UNRESOLVED_IMPORT] Warning: Could not resolve 'foo' in entry.js
    ╭─[ entry.js:12:9 ]
    │
 12 │     import('foo', { assert: { /* before */ type: 'json' } }),
    │            ──┬──  
    │              ╰──── Module not found, treating it as an external dependency
────╯

```
## UNRESOLVED_IMPORT

```text
[UNRESOLVED_IMPORT] Warning: Could not resolve 'foo' in entry.js
    ╭─[ entry.js:13:9 ]
    │
 13 │     import('foo', { assert: { type: /* before */ 'json' } }),
    │            ──┬──  
    │              ╰──── Module not found, treating it as an external dependency
────╯

```
## UNRESOLVED_IMPORT

```text
[UNRESOLVED_IMPORT] Warning: Could not resolve 'foo' in entry.js
    ╭─[ entry.js:14:9 ]
    │
 14 │     import('foo', { assert: { type: 'json' /* before */ } }),
    │            ──┬──  
    │              ╰──── Module not found, treating it as an external dependency
────╯

```
## UNRESOLVED_IMPORT

```text
[UNRESOLVED_IMPORT] Warning: Could not resolve 'foo' in entry.js
    ╭─[ entry.js:15:9 ]
    │
 15 │     import('foo', { assert: { type: 'json' } /* before */ }),
    │            ──┬──  
    │              ╰──── Module not found, treating it as an external dependency
────╯

```
## UNRESOLVED_IMPORT

```text
[UNRESOLVED_IMPORT] Warning: Could not resolve 'foo' in entry.js
    ╭─[ entry.js:16:9 ]
    │
 16 │     import('foo', { assert: { type: 'json' } } /* before */),
    │            ──┬──  
    │              ╰──── Module not found, treating it as an external dependency
────╯

```
## UNRESOLVED_IMPORT

```text
[UNRESOLVED_IMPORT] Warning: Could not resolve 'foo' in entry.js
    ╭─[ entry.js:21:23 ]
    │
 21 │     require(/* before */ 'foo'),
    │                          ──┬──  
    │                            ╰──── Module not found, treating it as an external dependency
────╯

```
## UNRESOLVED_IMPORT

```text
[UNRESOLVED_IMPORT] Warning: Could not resolve 'foo' in entry.js
    ╭─[ entry.js:23:10 ]
    │
 23 │     require('foo' /* after */),
    │             ──┬──  
    │               ╰──── Module not found, treating it as an external dependency
────╯

```
## UNRESOLVED_IMPORT

```text
[UNRESOLVED_IMPORT] Warning: Could not resolve 'foo' in entry.js
   ╭─[ entry.js:3:22 ]
   │
 3 │     import(/* before */ 'foo'),
   │                         ──┬──  
   │                           ╰──── Module not found, treating it as an external dependency
───╯

```
## UNRESOLVED_IMPORT

```text
[UNRESOLVED_IMPORT] Warning: Could not resolve 'foo' in entry.js
   ╭─[ entry.js:5:9 ]
   │
 5 │     import('foo' /* after */),
   │            ──┬──  
   │              ╰──── Module not found, treating it as an external dependency
───╯

```
## UNRESOLVED_IMPORT

```text
[UNRESOLVED_IMPORT] Warning: Could not resolve 'foo' in entry.js
   ╭─[ entry.js:9:9 ]
   │
 9 │     import('foo', /* before */ { assert: { type: 'json' } }),
   │            ──┬──  
   │              ╰──── Module not found, treating it as an external dependency
───╯

```
# Assets

## entry.js

```js

//#region entry.js
console.log(import(
	/* before */
	foo
), import(
	/* before */
	"foo"
), import(
	foo
	/* after */
), import(
	"foo"
	/* after */
));
console.log(import(
	"foo",
	{ assert: { type: "json" } }
), import("foo", { assert: { type: "json" } }), import("foo", { assert: { type: "json" } }), import("foo", { assert: { type: "json" } }), import("foo", { assert: { type: "json" } }), import("foo", { assert: { type: "json" } }), import("foo", { assert: { type: "json" } }), import(
	"foo",
	{ assert: { type: "json" } }
	/* before */
));
console.log(require(
	/* before */
	foo
), require(
	/* before */
	"foo"
), require(
	foo
	/* after */
), require(
	"foo"
	/* after */
));
console.log(require.resolve(
	/* before */
	foo
), require.resolve(
	/* before */
	"foo"
), require.resolve(
	foo
	/* after */
), require.resolve(
	"foo"
	/* after */
));
let [ ...s] = [...s];
let [ ...s2] = [...s2];
let {} = {};
let {} = {};
let { ...s3 } = { ...s3 };
let { ...s4 } = { ...s4 };
let [x] = [x];
let { y } = { y };
let { y2 } = { y2 };
let { y3 } = { y3 };
let { [y4]: y4 } = { [y4]: y4 };
let { [y5]: y5 } = { [y5]: y5 };
let { [y6]: y6 } = { [y6]: y6 };
foo[x] = foo[x];
foo[x] = foo[x];
console.log(
	// before
	foo,
	/* comment before */
	bar
	// comment after
);
console.log([foo, bar]);
console.log({
	foo,
	bar
});
console.log(class {
	foo;
	bar;
});
console.log(() => {
	return null;
}, () => {
	throw null;
}, () => {
	return 1;
}, () => {
	throw 1;
}, () => {
	return 1;
}, () => {
	throw 1;
});
console.log(
	/*a*/
	a ? b : c,
	a ? b : c
);
for (a;;);
for (; a;);
for (;; a);
for (a in b);
for (a in b);
for (a of b);
for (a of b);
if (a);
with(a);
while (a);
do;
while (a);
switch (a) {}
//#endregion

```
