---
source: crates/rolldown_testing/src/integration_test.rs
---
# Assets

## _virtual/rolldown_runtime.js

```js
// HIDDEN [rolldown:runtime]

exports.__exportAll = __exportAll;
exports.__reExport = __reExport;
```

## main.js

```js
const require_rolldown_runtime = require('./_virtual/rolldown_runtime.js');
require('./server.js');

//#region main.js
var main_exports = /* @__PURE__ */ require_rolldown_runtime.__exportAll({}, 1);

//#endregion

var external_lib = require("external-lib");
Object.keys(external_lib).forEach(function (k) {
  if (k !== 'default' && !Object.prototype.hasOwnProperty.call(exports, k)) Object.defineProperty(exports, k, {
    enumerable: true,
    get: function () { return external_lib[k]; }
  });
});

```

## server.js

```js
const require_rolldown_runtime = require('./_virtual/rolldown_runtime.js');


var external_lib = require("external-lib");
Object.keys(external_lib).forEach(function (k) {
  if (k !== 'default' && !Object.prototype.hasOwnProperty.call(exports, k)) Object.defineProperty(exports, k, {
    enumerable: true,
    get: function () { return external_lib[k]; }
  });
});

```
