---
source: crates/rolldown/tests/common/case.rs
expression: content
input_file: crates/rolldown/tests/esbuild/default/preserve_key_comment
---
# entry_js.mjs

```js
// entry.js
x(/* __KEY__ */ 'notKey', /* __KEY__ */ ` + "`" + `notKey` + "`" + `)
x(/* @__KEY__ */ 'key', /* @__KEY__ */ ` + "`" + `key` + "`" + `)
x(/* #__KEY__ */ 'alsoKey', /* #__KEY__ */ ` + "`" + `alsoKey` + "`" + `)
```
