---
source: crates/rolldown_testing/src/integration_test.rs
---
# Assets

## main.mjs

```js
import { default as assert } from "node:assert";


//#region main.js
var require_main = __commonJSMin((exports, module) => {
	module.exports = "main";
	globalThis.__commonJS = 0;
	__commonJS = 1;
	assert.equal(__commonJS, 1);
});

//#endregion
export default require_main();

```
