---
source: crates/rolldown/tests/common/case.rs
expression: content
input_file: crates/rolldown/tests/fixtures/module_types/base64/text
---
# warnings

## UNRESOLVED_IMPORT

```text
[UNRESOLVED_IMPORT] Warning: "node:assert" is imported by "main.js", but could not be resolved – treating it as an external dependency.

```
# Assets

## main.mjs

```js
import { default as assert } from "node:assert";

//#region text.data
var text_default = 'IidgKz0vQCMkJCVeJiooCuS9oOWlve+8jOS4lueVjArQn9GA0LjQstC10YIg0LzQuNGACuOBk+OCk+OBq+OBoeOBr+S4lueVjAo=';

//#endregion
//#region main.js
assert(typeof text_default === 'string');

//#endregion
```
