---
source: crates/rolldown_testing/src/integration_test.rs
---
# Assets

## entry_js.mjs

```js
import { default as assert } from "node:assert";


//#region bar.js
const x = 123;

//#endregion
//#region foo.js
var foo_ns = {};
__export(foo_ns, { x: () => x });

//#endregion
//#region entry.js
assert.deepEqual(foo_ns, { x: 123 });
assert.equal(foo_ns.foo, undefined);

//#endregion
```
