---
source: crates/rolldown_testing/src/integration_test.rs
---
# Assets

## a.js

```js
import { n as __exportAll } from "./chunk.js";
import { t as require_cjs } from "./cjs.js";

//#region a.js
var a_exports = /* @__PURE__ */ __exportAll({});
var import_cjs = require_cjs();

//#endregion
export { a_exports as t };
```

## b.js

```js
import { n as __exportAll, r as __toESM } from "./chunk.js";

//#region b.js
var b_exports = /* @__PURE__ */ __exportAll({ foo: () => foo });
function foo() {
	import("./cjs.js").then((n) => /* @__PURE__ */ __toESM(n.t()));
}

//#endregion
export { b_exports as t };
```

## chunk.js

```js
// HIDDEN [\0rolldown/runtime.js]
export { __exportAll as n, __toESM as r, __commonJSMin as t };
```

## cjs.js

```js
import { t as __commonJSMin } from "./chunk.js";

//#region cjs.js
var require_cjs = /* @__PURE__ */ __commonJSMin(((exports, module) => {
	module.exports = 42;
}));

//#endregion
export { require_cjs as t };
```

## main.js

```js
import "./b.js";
import { t as require_cjs } from "./cjs.js";
import "./a.js";
import assert from "node:assert";

//#region main.js
const cjs = require_cjs();
assert.strictEqual(cjs, 42);

//#endregion
```
