---
source: crates/rolldown_testing/src/integration_test.rs
---
# warnings

## TOLERATED_TRANSFORM

```text
[TOLERATED_TRANSFORM] Warning: Namespace tags are not supported by default. React's JSX doesn't support namespace tags. You can set `throwIfNamespace: false` to bypass this warning.
   ╭─[ entry.jsx:3:3 ]
   │
 3 │     <KEEP:THIS_ />,
   │      ─────┬────  
   │           ╰────── 
───╯

```

# Assets

## entry.js

```js
//#region entry.jsx
var entry_default = [
	/* @__PURE__ */ React.createElement(KEEP_THIS_, null),
	/* @__PURE__ */ React.createElement("KEEP:THIS_", null),
	/* @__PURE__ */ React.createElement("foo", { "KEEP:THIS_": true })
];

//#endregion
export { entry_default as default };
```
