---
source: crates/rolldown_testing/src/integration_test.rs
---
# Assets

## lazy-chunk.js

```js
import { t as foo } from "./main.js";
//#region lazy-chunk.js
foo();
//#endregion

```

## main.js

```js
//#region polyfill.js
Object.somePolyfilledFunction = () => {};
//#endregion
//#region user-lib.js
Object.somePolyfilledFunction();
async function foo() {
	return import("./lazy-chunk.js");
}
//#endregion
//#region main.js
foo();
//#endregion
export { foo as t };

```

# Variant: strict: [strict_execution_order: true]

## Assets

### lazy-chunk.js

```js
import { n as foo, r as init_user_lib } from "./main2.js";
import { t as __esmMin } from "./rolldown-runtime.js";
//#region lazy-chunk.js
function init_lazy_chunk() {
	return (init_lazy_chunk = __esmMin((() => {
		init_user_lib();
		foo();
	})))();
}
//#endregion
export { init_lazy_chunk as t };

```

### lazy-chunk2.js

```js
import { t as init_lazy_chunk } from "./lazy-chunk.js";
init_lazy_chunk();

```

### main.js

```js
import { t as init_main } from "./main2.js";
init_main();

```

### main2.js

```js
import { t as __esmMin } from "./rolldown-runtime.js";
//#region polyfill.js
function init_polyfill() {
	return (init_polyfill = __esmMin((() => {
		Object.somePolyfilledFunction = () => {};
	})))();
}
//#endregion
//#region user-lib.js
async function foo() {
	return import("./lazy-chunk2.js");
}
function init_user_lib() {
	return (init_user_lib = __esmMin((() => {
		Object.somePolyfilledFunction();
	})))();
}
//#endregion
//#region main.js
function init_main() {
	return (init_main = __esmMin((() => {
		init_polyfill();
		init_user_lib();
		foo();
	})))();
}
//#endregion
export { init_polyfill as i, foo as n, init_user_lib as r, init_main as t };

```

### rolldown-runtime.js

```js
// HIDDEN [\0rolldown/runtime.js]
export { __esmMin as t };

```
