---
source: crates/rolldown_testing/src/integration_test.rs
snapshot_kind: text
---
# Assets

## entry.js

```js


//#region entry.js
var entry_exports = {};
__export(entry_exports, { default: () => entry_default });
var entry, entry_default;
var init_entry = __esm({ "entry.js"() {
	entry = (init_entry(), __toCommonJS(entry_exports));
	input.works = entry.__esModule === true;
	entry_default = 123;
} });

//#endregion
init_entry();
export { entry_default as default };
```
