---
source: crates/rolldown_testing/src/integration_test.rs
snapshot_kind: text
---
# Assets

## entry.js

```js


//#region entry.js
var entry_exports = {};
__export(entry_exports, { default: () => entry_default });
var entry, entry_default;
var init_entry = __esm({ "entry.js"() {
	entry = (init_entry(), __toCommonJS(entry_exports));
	input.works = entry.__esModule === true;
	entry_default = 123;
} });

//#endregion
init_entry();
export { entry_default as default };
```
---

Variant: (format: Cjs)

# Assets

## entry.js

```js
"use strict";


//#region entry.js
var entry_exports = {};
__export(entry_exports, { default: () => entry_default });
var entry, entry_default;
var init_entry = __esm({ "entry.js"() {
	entry = (init_entry(), __toCommonJS(entry_exports));
	input.works = entry.__esModule === true;
	entry_default = 123;
} });

//#endregion
init_entry();
module.exports = entry_default;
```
---

Variant: (format: Iife)

# warnings

## MISSING_NAME_OPTION_FOR_IIFE_EXPORT

```text
[MISSING_NAME_OPTION_FOR_IIFE_EXPORT] Warning: If you do not supply "output.name", you may not be able to access the exports of an IIFE bundle.

```
# Assets

## entry.js

```js
(function() {

"use strict";


//#region entry.js
var entry_exports = {};
__export(entry_exports, { default: () => entry_default });
var entry, entry_default;
var init_entry = __esm({ "entry.js"() {
	entry = (init_entry(), __toCommonJS(entry_exports));
	input.works = entry.__esModule === true;
	entry_default = 123;
} });

//#endregion
init_entry();
return entry_default;
})();
```
