---
source: crates/rolldown/tests/common/case.rs
expression: content
input_file: crates/rolldown/tests/fixtures/reexport_commonjs
---
# Assets

## main.mjs

```js
import { __commonJS, __reExport, __toESM } from "./_rolldown_runtime.mjs";

// commonjs.js
module.exports = {
	bar:1
};

// esm.js
export const value = 1;

// foo.js
export* from'./commonjs';
export { bar } from './commonjs';export* from'./esm';

// main.js
console.log(foo_ns, import_commonjs$2.bar, value, foo_ns.foo);
export { bar } from './commonjs';
var bar$1 = import_commonjs.bar;
export { bar$1 as bar };
```
