---
source: crates/rolldown_testing/src/integration_test.rs
---
# Assets

## entry.js

```js

//#region rolldown:runtime
var __getOwnPropNames = Object.getOwnPropertyNames;
var __commonJS = (cb, mod) => function() {
	return mod || (0, cb[__getOwnPropNames(cb)[0]])((mod = { exports: {} }).exports, mod), mod.exports;
};

//#region a.js
var require_a = __commonJS({ "a.js"(exports) {
	exports.foo = function() {
		return 123;
	};
} });

//#region j.json
var require_j = __commonJS({ "j.json"(exports, module) {
	module.exports = { "test": true };
} });

//#region entry.js
const { foo } = require_a();
console.log(foo(), require_j());

```
