---
source: crates/rolldown_testing/src/integration_test.rs
---
# Assets

## after-preload-dynamic.js

```js
import "./after-preload-dynamic2.js";

```
## after-preload-dynamic2.js

```js
//#region src/after-preload-dynamic.js
import("./dynamic-foo.js");
console.log("after preload dynamic");

//#endregion
```
## dynamic-foo.js

```js
//#region src/dynamic-foo.js
console.log("dynamic-foo");

//#endregion
```
## entry.js

```js
import "./after-preload-dynamic2.js";

```
