---
source: crates/rolldown/tests/common/case.rs
expression: content
input_file: crates/rolldown/tests/esbuild/import_star/import_star_export_star_as_unused
---
# Assets

## entry_js.mjs

```js
import { default as assert } from "node:assert";

//#region entry.js
let foo = 234;
assert(foo, 234);

//#endregion
```
