---
source: crates/rolldown_testing/src/integration_test.rs
---
# Assets

## main.cjs

```js
"use strict";

const { read, readFile, readFileSync, readSync } = __toESM(require("node:fs"));

//#region main.js
const nonExternal = "nonExternal";

//#endregion
Object.defineProperty(exports, 'nonExternal', {
  enumerable: true,
  get: function () {
    return nonExternal;
  }
});
exports.read = read
exports.readFile = readFile
exports.readFileSync = readFileSync
exports.readSync = readSync
```
