---
source: crates/rolldown_testing/src/integration_test.rs
snapshot_kind: text
---
# Errors

## UNRESOLVED_IMPORT

```text
[UNRESOLVED_IMPORT] Warning: Could not resolve './imported.mjs' in entry.ts
   ╭─[entry.ts:1:8]
   │
 1 │ import './imported.mjs'
   │        ────────┬───────  
   │                ╰───────── Module not found.
───╯

```
