---
source: crates/rolldown_testing/src/integration_test.rs
---
# Assets

## imp.js

```js
// HIDDEN [\0rolldown/runtime.js]
//#region imp.js
var require_imp = /* @__PURE__ */ __commonJSMin(((exports) => {
	exports.imp = 1;
}));
//#endregion
export { __toESM as n, require_imp as t };

```

## main.js

```js
import { n as __toESM } from "./imp.js";
import assert from "node:assert";
//#region main.js
const load = async () => {
	import("./imp.js").then((n) => /* @__PURE__ */ __toESM(n.t())).then((m) => {
		assert.strictEqual(m.imp, 1);
	});
};
load();
//#endregion

```

# Variant: [format: Cjs]

## Assets

### imp.js

```js
// HIDDEN [\0rolldown/runtime.js]
//#region imp.js
var require_imp = /* @__PURE__ */ __commonJSMin(((exports) => {
	exports.imp = 1;
}));
//#endregion
Object.defineProperty(exports, "__toESM", {
	enumerable: true,
	get: function() {
		return __toESM;
	}
});
Object.defineProperty(exports, "require_imp", {
	enumerable: true,
	get: function() {
		return require_imp;
	}
});

```

### main.js

```js
const require_imp = require("./imp.js");
let node_assert = require("node:assert");
node_assert = require_imp.__toESM(node_assert);
//#region main.js
const load = async () => {
	Promise.resolve().then(() => require("./imp.js")).then((n) => /* @__PURE__ */ require_imp.__toESM(n.require_imp())).then((m) => {
		node_assert.default.strictEqual(m.imp, 1);
	});
};
load();
//#endregion

```
