---
source: crates/rolldown_testing/src/integration_test.rs
---
# Assets

## assets/foo-C-m4uiP6.txt

## main.js

```js
// HIDDEN [rolldown:runtime]

//#region foo.txt
var require_foo = /* @__PURE__ */ __commonJS({ "foo.txt": ((exports, module) => {
	module.exports = "assets/foo-C-m4uiP6.txt";
}) });

//#endregion
//#region main.cjs
console.log(require_foo());

//#endregion
```
