---
source: crates/rolldown/tests/common/case.rs
expression: content
input_file: crates/rolldown/tests/esbuild/default/reserve_props
---
# Assets

## entry_js.mjs

```js
import { __export } from "./_rolldown_runtime.mjs";

// entry.js
var entry_default = {
	foo_:0,
	_bar_:1
};

export { entry_default as default };
```
