---
source: crates/rolldown/tests/common/case.rs
expression: content
input_file: crates/rolldown/tests/esbuild/default/import_then_catch
---
# Assets

## entry_js.mjs

```js

//#region entry.js
if (false) {
	import(name).then(pass, fail);
	import(name).then(pass).catch(fail);
	import(name).catch(fail);
}

//#endregion
```
