---
source: crates/rolldown_testing/src/integration_test.rs
---
# Assets

## entry.js

```js

//#region entry.js
ok(
	// These should be fully substituted
	this,
	this.foo,
	this.foo.bar,
	// Should just substitute "this.foo"
	this.foo.baz,
	// This should not be substituted
	this.bar
);
(() => {
	ok(this, this.foo, this.foo.bar, this.foo.baz, this.bar);
})();
(function() {
	doNotSubstitute(this, this.foo, this.foo.bar, this.foo.baz, this.bar);
})();

//#endregion
```
