---
source: crates/rolldown_testing/src/integration_test.rs
snapshot_kind: text
---
# Assets

## src_entry.js

```js


//#region node_modules/demo-pkg/index.js
var import_demo_pkg;
var require_demo_pkg = __commonJS({ "node_modules/demo-pkg/index.js"(exports) {
	exports.foo = 123;
	console.log("hello");
	import_demo_pkg = __toESM(require_demo_pkg());
} });

//#endregion
//#region src/entry.js
require_demo_pkg();
console.log(import_demo_pkg.foo);

//#endregion
```
