---
source: crates/rolldown/tests/common/case.rs
expression: content
input_file: crates/rolldown/tests/esbuild/bundler_ts/ts_import_mts
---
# warnings

## UNRESOLVED_IMPORT

```text
[UNRESOLVED_IMPORT] Warning: "./imported.mjs" is imported by "entry.ts", but could not be resolved – treating it as an external dependency.

```
# Assets

## entry_ts.mjs

```js
import "./imported.mjs";

```
