---
source: crates/rolldown_testing/src/integration_test.rs
---
# Assets

## array.js

```js

//#region array.js
let x = [require];

//#endregion
```
## assign.js

```js

//#region assign.js
require = x;

//#endregion
```
## dot.js

```js

//#region dot.js
let x = require.cache;

//#endregion
```
## ident.js

```js

//#region ident.js
let x = require;

//#endregion
```
## index.js

```js

//#region index.js
let x = require[cache];

//#endregion
```
