---
source: crates/rolldown_testing/src/integration_test.rs
---
# Assets

## entry.js

```js



//#region test.svg
var require_test = __commonJS({ "test.svg"(exports, module) {
	module.exports = "data:image/svg+xml;base64,YQBigGP/ZA==";
} });
//#endregion

//#region entry.js
console.log(require_test());
//#endregion

```
