---
source: crates/rolldown_testing/src/integration_test.rs
---
# Assets

## main.js

```js
import assert from "node:assert";
// HIDDEN [\0rolldown/runtime.js]
//#region foo.js
//#endregion
//#region main.js
(/* @__PURE__ */ __commonJSMin(((exports) => {
	exports.value = "foo";
	globalThis.value = exports.value;
})))();
assert.strictEqual(globalThis.value, "foo", "globalThis.value should be \"foo\"");
//#endregion

```
