---
source: crates/rolldown_testing/src/integration_test.rs
---
# Assets

## index.js

```js
import { strict } from "node:assert";
// HIDDEN [\0rolldown/runtime.js]
//#region greet.cjs
var require_greet$1 = /* @__PURE__ */ __commonJSMin(((exports) => {
	function greet() {
		return "hello from cjs-dependency";
	}
	exports.greet = greet;
}));
//#endregion
//#region index.js
var import_cjs_dependency = (/* @__PURE__ */ __commonJSMin(((exports) => {
	Object.defineProperty(exports, Symbol.toStringTag, { value: "Module" });
	exports.greet = require_greet$1().greet;
})))();
strict.strictEqual(typeof import_cjs_dependency.greet, "function");
strict.strictEqual((0, import_cjs_dependency.greet)(), "hello from cjs-dependency");
//#endregion

```
