---
source: crates/rolldown_testing/src/integration_test.rs
---
# Assets

## main.mjs

```js
import { default as assert } from "node:assert";

//#region foo.json
const key_0 = 1;
var foo_default = { "😈": key_0 };

//#endregion
//#region main.js
assert.deepStrictEqual(foo_default, { "😈": key_0 });

//#endregion
```
