---
source: crates/rolldown_testing/src/integration_test.rs
---
# Assets

## main.js

```js
//#region foo.js
__toCommonJS(exports);
__export(exports, { default: () => foo_default });
class {};

//#region main.js
__toCommonJS(exports);
__export(exports, { default: () => A });
var foo_exports = require("foo.js");
class A {};

```
