---
source: crates/rolldown_testing/src/integration_test.rs
---
# Assets

## a.js

```js
import { setValue } from "./shared.js";

//#region a.js
setValue(123);

```
## b.js

```js
import "./shared.js";

```
## shared.js

```js

//#region shared.js
var observer;
var value;
function getValue() {
	return value;
}
function setValue(next) {
	value = next;
	if (observer) observer();
}
sideEffects(getValue);

export { setValue };
```
