---
source: crates/rolldown_testing/src/integration_test.rs
---
# Errors

## MISSING_EXPORT

```text
[MISSING_EXPORT] Error: "buton" is not exported by "bar.js".
   ╭─[foo.js:1:9]
   │
 1 │ export {buton} from './bar'
   │         ──┬──  
   │           ╰──── Missing export
───╯

```# Assets

## entry.js

```js


//#region foo.js
var foo_exports = {};
__export(foo_exports, { buton: () => buton });

//#endregion
//#region entry.js
console.log(foo_exports);

//#endregion
```
