---
source: crates/rolldown_testing/src/integration_test.rs
---
# Assets

## entry.js

```js

//#region rolldown:runtime
var __defProp = Object.defineProperty;
var __getOwnPropDesc = Object.getOwnPropertyDescriptor;
var __getOwnPropNames = Object.getOwnPropertyNames;
var __hasOwnProp = Object.prototype.hasOwnProperty;
var __esm = (fn, res) => function() {
	return fn && (res = (0, fn[__getOwnPropNames(fn)[0]])(fn = 0)), res;
};
var __export = (target, all) => {
	for (var name in all) __defProp(target, name, {
		get: all[name],
		enumerable: true
	});
};
var __copyProps = (to, from, except, desc) => {
	if (from && typeof from === "object" || typeof from === "function") for (var keys = __getOwnPropNames(from), i = 0, n = keys.length, key; i < n; i++) {
		key = keys[i];
		if (!__hasOwnProp.call(to, key) && key !== except) __defProp(to, key, {
			get: ((k) => from[k]).bind(null, key),
			enumerable: !(desc = __getOwnPropDesc(from, key)) || desc.enumerable
		});
	}
	return to;
};
var __toCommonJS = (mod) => __copyProps(__defProp({}, "__esModule", { value: true }), mod);

//#region foo.js
var foo_exports = {};
__export(foo_exports, { default: () => foo_default });
var foo_default;
var init_foo = __esm({ "foo.js"() {
	foo_default = 123;
} });

//#region entry.js
const foo = (init_foo(), __toCommonJS(foo_exports));
input.works = foo.default === 123 && foo.__esModule === true;

```
---

Variant: (format: Cjs)

# Assets

## entry.js

```js
//#region rolldown:runtime
var __defProp = Object.defineProperty;
var __getOwnPropDesc = Object.getOwnPropertyDescriptor;
var __getOwnPropNames = Object.getOwnPropertyNames;
var __hasOwnProp = Object.prototype.hasOwnProperty;
var __esm = (fn, res) => function() {
	return fn && (res = (0, fn[__getOwnPropNames(fn)[0]])(fn = 0)), res;
};
var __export = (target, all) => {
	for (var name in all) __defProp(target, name, {
		get: all[name],
		enumerable: true
	});
};
var __copyProps = (to, from, except, desc) => {
	if (from && typeof from === "object" || typeof from === "function") for (var keys = __getOwnPropNames(from), i = 0, n = keys.length, key; i < n; i++) {
		key = keys[i];
		if (!__hasOwnProp.call(to, key) && key !== except) __defProp(to, key, {
			get: ((k) => from[k]).bind(null, key),
			enumerable: !(desc = __getOwnPropDesc(from, key)) || desc.enumerable
		});
	}
	return to;
};
var __toCommonJS = (mod) => __copyProps(__defProp({}, "__esModule", { value: true }), mod);


//#region foo.js
var foo_exports = {};
__export(foo_exports, { default: () => foo_default });
var foo_default;
var init_foo = __esm({ "foo.js"() {
	foo_default = 123;
} });

//#region entry.js
const foo = (init_foo(), __toCommonJS(foo_exports));
input.works = foo.default === 123 && foo.__esModule === true;

```
---

Variant: (format: Iife)

# Assets

## entry.js

```js
(function() {

//#region rolldown:runtime
var __defProp = Object.defineProperty;
var __getOwnPropDesc = Object.getOwnPropertyDescriptor;
var __getOwnPropNames = Object.getOwnPropertyNames;
var __hasOwnProp = Object.prototype.hasOwnProperty;
var __esm = (fn, res) => function() {
	return fn && (res = (0, fn[__getOwnPropNames(fn)[0]])(fn = 0)), res;
};
var __export = (target, all) => {
	for (var name in all) __defProp(target, name, {
		get: all[name],
		enumerable: true
	});
};
var __copyProps = (to, from, except, desc) => {
	if (from && typeof from === "object" || typeof from === "function") for (var keys = __getOwnPropNames(from), i = 0, n = keys.length, key; i < n; i++) {
		key = keys[i];
		if (!__hasOwnProp.call(to, key) && key !== except) __defProp(to, key, {
			get: ((k) => from[k]).bind(null, key),
			enumerable: !(desc = __getOwnPropDesc(from, key)) || desc.enumerable
		});
	}
	return to;
};
var __toCommonJS = (mod) => __copyProps(__defProp({}, "__esModule", { value: true }), mod);


//#region foo.js
var foo_exports = {};
__export(foo_exports, { default: () => foo_default });
var foo_default;
var init_foo = __esm({ "foo.js"() {
	foo_default = 123;
} });

//#region entry.js
const foo = (init_foo(), __toCommonJS(foo_exports));
input.works = foo.default === 123 && foo.__esModule === true;

})();
```
---

Variant: (format: Umd)

# Assets

## entry.js

```js
(function(factory) {
  
  typeof define === 'function' && define.amd ? define([], factory) :
  factory();
})(function() {
//#region rolldown:runtime
var __defProp = Object.defineProperty;
var __getOwnPropDesc = Object.getOwnPropertyDescriptor;
var __getOwnPropNames = Object.getOwnPropertyNames;
var __hasOwnProp = Object.prototype.hasOwnProperty;
var __esm = (fn, res) => function() {
	return fn && (res = (0, fn[__getOwnPropNames(fn)[0]])(fn = 0)), res;
};
var __export = (target, all) => {
	for (var name in all) __defProp(target, name, {
		get: all[name],
		enumerable: true
	});
};
var __copyProps = (to, from, except, desc) => {
	if (from && typeof from === "object" || typeof from === "function") for (var keys = __getOwnPropNames(from), i = 0, n = keys.length, key; i < n; i++) {
		key = keys[i];
		if (!__hasOwnProp.call(to, key) && key !== except) __defProp(to, key, {
			get: ((k) => from[k]).bind(null, key),
			enumerable: !(desc = __getOwnPropDesc(from, key)) || desc.enumerable
		});
	}
	return to;
};
var __toCommonJS = (mod) => __copyProps(__defProp({}, "__esModule", { value: true }), mod);


//#region foo.js
var foo_exports = {};
__export(foo_exports, { default: () => foo_default });
var foo_default;
var init_foo = __esm({ "foo.js"() {
	foo_default = 123;
} });

//#region entry.js
const foo = (init_foo(), __toCommonJS(foo_exports));
input.works = foo.default === 123 && foo.__esModule === true;

});
```
