---
source: crates/rolldown_testing/src/integration_test.rs
---
# Assets

## a.js

```js
import { require_a } from "./a2.js";

export default require_a();

```
## a2.js

```js

//#region rolldown:runtime
var __getOwnPropNames = Object.getOwnPropertyNames;
var __commonJS = (cb, mod) => function() {
	return mod || (0, cb[__getOwnPropNames(cb)[0]])((mod = { exports: {} }).exports, mod), mod.exports;
};

//#region b.js
var require_b = __commonJS({ "b.js"(exports, module) {
	module.exports = "b";
} });

//#region a.js
var require_a = __commonJS({ "a.js"(exports, module) {
	module.exports = "a";
} });

export { require_a, require_b };
```
## b.js

```js
import { require_b } from "./a2.js";

export default require_b();

```
