---
source: crates/rolldown_testing/src/integration_test.rs
---
# warnings

## UNRESOLVED_IMPORT

```text
[UNRESOLVED_IMPORT] Warning: Could not resolve 'pkg' in entry.css

```

## UNRESOLVED_IMPORT

```text
[UNRESOLVED_IMPORT] Warning: Could not resolve 'pkg' in entry.js
   ╭─[ entry.js:1:15 ]
   │
 1 │ import a from 'pkg'
   │               ──┬──  
   │                 ╰──── Module not found, treating it as an external dependency
───╯

```

## UNRESOLVED_IMPORT

```text
[UNRESOLVED_IMPORT] Warning: Could not resolve 'pkg2' in entry.css

```

## UNRESOLVED_IMPORT

```text
[UNRESOLVED_IMPORT] Warning: Could not resolve 'pkg2' in entry.js
   ╭─[ entry.js:6:10 ]
   │
 6 │     require('pkg2'),
   │             ───┬──  
   │                ╰──── Module not found, treating it as an external dependency
───╯

```

# Assets

## entry.js

```js
import a from "pkg";
import b from "./file";

// HIDDEN [rolldown:runtime]
//#region entry.js
console.log(a, b, __require("pkg2"), __require("./file2"), import("./dynamic"));
let exported;

//#endregion
export { exported };
```

## entry2.css

```css
a { background: url(pkg2) }
a { background: url(./file2) }

```

## entry2.js

```js

```
