---
source: crates/rolldown/tests/common/case.rs
expression: content
input_file: crates/rolldown/tests/fixtures/wrapped_esm
---
# Assets

## main.mjs

```js
import { __esm, __export, __toCommonJS } from "./_rolldown_runtime.mjs";

// foo.js
function foo() {
}
var foo_ns, a, b, c, bar, baz;
var init_foo = __esm(() => {
	foo_ns = {};
	__export(foo_ns, {
		a:() => a,
		b:() => b,
		bar:() => bar,
		c:() => c,
		default:() => baz,
		foo:() => foo
	});
	[b] = [],[c=1] = [];
	bar = class {
	};
	baz = class {
	};
});

// main.js
init_foo(),__toCommonJS(foo_ns);
```
