---
source: crates/rolldown/tests/common/case.rs
expression: content
input_file: crates/rolldown/tests/fixtures/deconflict/conflict_between_imported_and_local_binding
---
# Assets

## main.mjs

```js
import { __commonJSMin } from "./$runtime$.mjs";
import { default as assert } from "node:assert";

//#region main.js
var require_main = __commonJSMin((exports, module) => {
	module.exports = 'main';
	const __commonJS = 1;
	assert.equal(__commonJS, 1);
});

//#endregion
export default require_main();

```
