---
source: crates/rolldown/tests/common/case.rs
expression: content
input_file: crates/rolldown/tests/fixtures/deconflict/conflict_between_imported_and_local_binding
---
# Assets

## main.mjs

```js
import { default as assert } from "node:assert";
import { __commonJS } from "./_rolldown_runtime.mjs";

// main.js
import assert from 'node:assert';
module.exports = 'main';
const __commonJS$1 = 1;
assert.equal(__commonJS$1, 1);

export default require_main();
```
