---
source: crates/rolldown_testing/src/integration_test.rs
---
# Assets

## app.js

```js
import "./rolldown-runtime.js";
__rolldown_runtime__.registerGraph({
	ids: ["app.js"],
	localCount: 1,
	edges: [[]]
});
//#region app.js
const app_hot = __rolldown_runtime__.createModuleHotContext("app.js");
__rolldown_runtime__.registerModule("app.js");
app_hot.accept();
const value = await Promise.resolve(1);
console.log(value);
//#endregion

```

## main.js

```js
import "./rolldown-runtime.js";
__rolldown_runtime__.registerGraph({
	ids: ["main.js", "app.js"],
	localCount: 1,
	edges: [[]],
	dynamicEdges: { 0: [1] }
});
//#region main.js
__rolldown_runtime__.createModuleHotContext("main.js");
__rolldown_runtime__.registerModule("main.js");
import("./app.js");
//#endregion

```

## rolldown-runtime.js

```js
// HIDDEN [\0rolldown/runtime.js]

```

# HMR Step 0

## Code

```js
__rolldown_runtime__.registerGraph({ids:["app.js"],localCount:1,edges:[[]],stamps:{0:1}});
//#region app.js
__rolldown_runtime__.registerFactory("app.js", (async function(__rolldown_module_id__) {
	try {
		__rolldown_runtime__.registerModule(__rolldown_module_id__);
		const hot_app = __rolldown_runtime__.createModuleHotContext(__rolldown_module_id__);
		hot_app.accept();
		const value = await Promise.resolve(2);
		console.log(value);
	} finally {}
}), 1);

//#endregion
```

## Meta

- update type: patch

### Changed Ids

- app.js
