---
source: crates/rolldown_testing/src/integration_test.rs
---
# warnings

## UNRESOLVED_IMPORT

```text
[UNRESOLVED_IMPORT] Warning: "ext" is imported by "entry.js", but could not be resolved – treating it as an external dependency.

```
# Assets

## entry.js

```js
import * as ns from "ext";

//#region entry.js
console.log(ns.mustBeUnquoted, ns["mustBeUnquoted2"]);

//#endregion
```
