---
source: crates/rolldown_testing/src/integration_test.rs
---
# Assets

## bridge.js

```js
//#region bridge.js
function x() {
	return 1;
}
//#endregion
export { x as t };

```

## main.js

```js
//#region main.js
await import("./page-b.js");
const namespaceCopy = { ...await import("./page-a.js") };
if (namespaceCopy.x() !== 1 || namespaceCopy.common !== "common" || namespaceCopy.commonLeaf !== "common" || namespaceCopy._ !== void 0 || namespaceCopy.underscoreLeaf !== void 0) throw new Error("opaque dynamic import observed the wrong namespace");
//#endregion

```

## page-a.js

```js
import { t as x } from "./bridge.js";
import { t as __esmMin } from "./rolldown-runtime.js";
//#region common.js
function init() {
	globalThis.value = typeof globalThis.value === "number" ? globalThis.value + 1 : 0;
}
var common, _;
function init_common() {
	return (init_common = __esmMin((() => {
		common = "common";
		_ = /* @__PURE__ */ init();
	})))();
}
//#endregion
//#region page-a.js
function init_page_a() {
	return (init_page_a = __esmMin((() => {
		init_common();
		if (globalThis.value !== 0) throw new Error(`page-a observed ${globalThis.value}`);
	})))();
}
//#endregion
init_page_a();
export { _, _ as underscoreLeaf, common, common as commonLeaf, x };

```

## page-b.js

```js
import { t as x } from "./bridge.js";
import { t as __esmMin } from "./rolldown-runtime.js";
//#region page-b.js
function init_page_b() {
	return (init_page_b = __esmMin((() => {
		x();
		if (globalThis.value !== void 0) throw new Error(`page-b observed ${globalThis.value}`);
	})))();
}
//#endregion
init_page_b();

```

## rolldown-runtime.js

```js
// HIDDEN [\0rolldown/runtime.js]
export { __esmMin as t };

```

# Variant: wrap-all: [on_demand_wrapping: false]

## Assets

### bridge.js

```js
import { t as __esmMin } from "./rolldown-runtime.js";
//#region bridge.js
function x() {
	return 1;
}
function init_bridge() {
	return (init_bridge = __esmMin((() => {})))();
}
//#endregion
export { x as n, init_bridge as t };

```

### main.js

```js
import { t as __esmMin } from "./rolldown-runtime.js";
//#region main.js
var namespaceCopy;
function init_main() {
	return (init_main = __esmMin((async () => {
		await import("./page-b.js");
		namespaceCopy = { ...await import("./page-a.js") };
		if (namespaceCopy.x() !== 1 || namespaceCopy.common !== "common" || namespaceCopy.commonLeaf !== "common" || namespaceCopy._ !== void 0 || namespaceCopy.underscoreLeaf !== void 0) throw new Error("opaque dynamic import observed the wrong namespace");
	})))();
}
//#endregion
await init_main();

```

### page-a.js

```js
import { n as x } from "./bridge.js";
import { t as __esmMin } from "./rolldown-runtime.js";
//#region common.js
function init() {
	globalThis.value = typeof globalThis.value === "number" ? globalThis.value + 1 : 0;
}
var common, _;
function init_common() {
	return (init_common = __esmMin((() => {
		common = "common";
		_ = /* @__PURE__ */ init();
	})))();
}
//#endregion
//#region page-a.js
function init_page_a() {
	return (init_page_a = __esmMin((() => {
		init_common();
		if (globalThis.value !== 0) throw new Error(`page-a observed ${globalThis.value}`);
	})))();
}
//#endregion
init_page_a();
export { _, _ as underscoreLeaf, common, common as commonLeaf, x };

```

### page-b.js

```js
import { n as x } from "./bridge.js";
import { t as __esmMin } from "./rolldown-runtime.js";
//#region page-b.js
function init_page_b() {
	return (init_page_b = __esmMin((() => {
		x();
		if (globalThis.value !== void 0) throw new Error(`page-b observed ${globalThis.value}`);
	})))();
}
//#endregion
init_page_b();

```

### rolldown-runtime.js

```js
// HIDDEN [\0rolldown/runtime.js]
export { __esmMin as t };

```
