---
source: crates/rolldown_testing/src/integration_test.rs
---
# Assets

## main.js

```js
import assert from "node:assert";

//#region foo.js
const { baz } = { baz: "baz" };
const [c, d] = [1, 2];

//#endregion
//#region main.js
assert.equal("foo", "foo");
assert.equal(c, 1);

//#endregion
//# sourceMappingURL=main.js.map
```

# Sourcemap Visualizer

```
- ../foo.js
(0:0) "export const " --> (3:0) "const "
(0:13) "{ " --> (3:6) "{ "
(0:15) "baz } = " --> (3:8) "baz } = "
(0:23) "{ " --> (3:16) "{ "
(0:25) "baz: " --> (3:18) "baz: "
(0:30) "'baz' }" --> (3:23) "\"baz\" }"
(0:37) ",\n" --> (3:30) ";\n"
(3:0) "export const " --> (4:0) "const "
(3:13) "[" --> (4:6) "["
(3:14) "c, " --> (4:7) "c, "
(3:17) "d] = " --> (4:10) "d] = "
(3:22) "[" --> (4:15) "["
(3:23) "1, " --> (4:16) "1, "
(3:26) "2]" --> (4:19) "2]"
(3:28) ";\n" --> (4:21) ";\n"
- ../main.js
(3:0) "assert." --> (8:0) "assert."
(3:7) "equal(foo, " --> (8:7) "equal(\"foo\", "
(3:18) "'foo')" --> (8:20) "\"foo\")"
(3:24) ";\n" --> (8:26) ";\n"
(4:0) "assert." --> (9:0) "assert."
(4:7) "equal(" --> (9:7) "equal("
(4:13) "c, " --> (9:13) "c, "
(4:16) "1)" --> (9:16) "1)"
(4:18) ";\n" --> (9:18) ";\n"
```
