---
source: crates/rolldown_testing/src/integration_test.rs
---
# Assets

## main.js

```js
import assert from "node:assert";
// HIDDEN [\0rolldown/runtime.js]
//#region cjs.js
var require_cjs = /* @__PURE__ */ __commonJSMin(((exports) => {
	exports.a = "original";
	exports.b = "original";
	exports.c = "ab";
}));
//#endregion
//#region cjs_ns.js
var require_cjs_ns = /* @__PURE__ */ __commonJSMin(((exports) => {
	exports.a = "n1";
}));
//#endregion
//#region main.js
var import_cjs = /* @__PURE__ */ __toESM(require_cjs(), 1);
var import_cjs_ns = /* @__PURE__ */ __toESM(require_cjs_ns(), 1);
assert.strictEqual(import_cjs.a, "original");
assert.strictEqual(import_cjs.b, "original");
assert.strictEqual(import_cjs.c, "ab");
import_cjs.default.a = "new value a";
assert.strictEqual(import_cjs.a, "new value a");
import_cjs.default["b"] = "new value b";
assert.strictEqual(import_cjs.b, "new value b");
import_cjs.default.c = "abcd";
assert.strictEqual(import_cjs.c, "abcd");
assert.strictEqual(import_cjs_ns.a, "n1");
import_cjs_ns.default.a = "ns1";
assert.strictEqual(import_cjs_ns.a, "ns1");
//#endregion
export {};

```
