---
source: crates/rolldown/tests/common/case.rs
expression: content
input_file: crates/rolldown/tests/esbuild/default/import_missing_common_js
---
# Assets

## entry_js.mjs

```js
import { __commonJS, __toESM } from "./_rolldown_runtime.mjs";

// foo.js
var require_foo = __commonJS((exports, module) => {
	exports.x = 123;
});

// entry.js
var import_foo = require_foo();
if (false) {
	console.log((0,import_foo.default)(import_foo.x, import_foo.y));
}
```
