---
source: crates/rolldown_testing/src/integration_test.rs
---
# warnings

## UNRESOLVED_IMPORT

```text
[UNRESOLVED_IMPORT] Warning: Could not resolve react/jsx-runtime in node_modules/pkg/button.jsx

```
## UNRESOLVED_IMPORT

```text
[UNRESOLVED_IMPORT] Warning: Could not resolve react/jsx-runtime in test.jsx

```
# Assets

## test.js

```js
import { jsx as _jsx, jsx as _jsx$1 } from "react/jsx-runtime";

//#region node_modules/pkg/button.jsx
const Button = () => _jsx$1("button", {});

//#endregion
//#region test.jsx
render(_jsx(Button, {}));

//#endregion
```
