---
source: crates/rolldown_testing/src/integration_test.rs
---
# warnings

## UNRESOLVED_IMPORT

```text
[UNRESOLVED_IMPORT] Warning: Could not resolve import styles from  in node_modules/pkg/button.jsx
   ╭─[node_modules/pkg/button.jsx:1:1]
   │
 1 │ import styles from './styles'
   │ ─────────┬─────────  
   │          ╰─────────── 
───╯

```
## UNRESOLVED_IMPORT

```text
[UNRESOLVED_IMPORT] Warning: Could not resolve import { Button } f in test.jsx
   ╭─[test.jsx:1:1]
   │
 1 │ import { Button } from 'pkg/button'
   │ ─────────┬─────────  
   │          ╰─────────── 
───╯

```
# Assets

## test.js

```js
import { jsx as _jsx, jsx as _jsx$1 } from "react/jsx-runtime";

//#region node_modules/pkg/button.jsx
const Button = () => _jsx$1("button", {});

//#endregion
//#region test.jsx
render(_jsx(Button, {}));

//#endregion
```
