---
source: crates/rolldown_testing/src/integration_test.rs
---
# Assets

## main.js

```js

//#region rolldown:runtime
var __defProp = Object.defineProperty;
var __getOwnPropDesc = Object.getOwnPropertyDescriptor;
var __getOwnPropNames = Object.getOwnPropertyNames;
var __hasOwnProp = Object.prototype.hasOwnProperty;
var __esm = (fn, res) => function() {
	return fn && (res = (0, fn[__getOwnPropNames(fn)[0]])(fn = 0)), res;
};
var __copyProps = (to, from, except, desc) => {
	if (from && typeof from === "object" || typeof from === "function") for (var keys = __getOwnPropNames(from), i = 0, n = keys.length, key; i < n; i++) {
		key = keys[i];
		if (!__hasOwnProp.call(to, key) && key !== except) __defProp(to, key, {
			get: ((k) => from[k]).bind(null, key),
			enumerable: !(desc = __getOwnPropDesc(from, key)) || desc.enumerable
		});
	}
	return to;
};
var __toCommonJS = (mod) => __copyProps(__defProp({}, "__esModule", { value: true }), mod);

//#region esm.js
var esm_exports = {};
var init_esm = __esm({ "esm.js"() {} });

//#region main.js
init_esm();
var esm = (init_esm(), __toCommonJS(esm_exports));

//# sourceMappingURL=main.js.map
```

# Sourcemap Visualizer

```
- ../main.js
(0:0) "require('./esm.js');\n" --> (26:0) "init_esm();\n"
(1:0) "var " --> (27:0) "var "
(1:4) "esm = require('./esm.js');\n" --> (27:4) "esm = (init_esm(), __toCommonJS(esm_exports));\n"
```
