---
source: crates/rolldown_testing/src/integration_test.rs
---
# Assets

## main.js

```js
Object.defineProperty;
var __esmMin = (fn, res) => () => (fn && (res = fn(fn = 0)), res);
var init_esm = __esmMin((() => {}));
//#endregion
//#region main.js
init_esm();
init_esm();
//#endregion

//# sourceMappingURL=main.js.map
```

# Sourcemap Visualizer

```
```
