---
source: crates/rolldown_testing/src/integration_test.rs
---
# Assets

## main.js

```js
// HIDDEN [\0rolldown/runtime.js]
//#region esm.js
var esm_exports = /* @__PURE__ */ __exportAll({});
var init_esm = __esmMin((() => {}));

//#endregion
//#region main.js
init_esm();
init_esm();

//#endregion
//# sourceMappingURL=main.js.map
```

# Sourcemap Visualizer

```
```
