---
source: crates/rolldown_testing/src/integration_test.rs
---
# Assets

## main.js

```js
// HIDDEN [\0rolldown/runtime.js]
let node_assert = require("node:assert");
node_assert = __toESM(node_assert);
let node_util = require("node:util");
//#endregion
//#region main.js
const exports$1 = (/* @__PURE__ */ __commonJSMin(((exports, module) => {
	/**
	* For Node.js, simply re-export the core `util.deprecate` function.
	*/
	module.exports = require("util").deprecate;
})))();
node_assert.default.strictEqual(node_util.deprecate, exports$1);
//#endregion

```
