---
source: crates/rolldown_testing/src/integration_test.rs
---
# Assets

## assets/foo-gTZMu9ze.txt

## chunks/dep-B8Y5-s0g.js

```js
import "./foo-DArcAyb9.js";

//#region dep.js
const url = new URL("../assets/foo-gTZMu9ze.txt", import.meta.url);
//#endregion

export { url };
```
## chunks/foo-DArcAyb9.js

```js

//#region foo.txt
var foo_default = "assets/foo-gTZMu9ze.txt";
//#endregion

```
## main.js

```js
import "./chunks/foo-DArcAyb9.js";

//#region main.js
const url = new URL("assets/foo-gTZMu9ze.txt", import.meta.url);
const dep = import("./chunks/dep-B8Y5-s0g.js");
//#endregion

export { dep, url };
```
