---
source: crates/rolldown_testing/src/integration_test.rs
---
# Assets

## assets/foo-Bs4jCgwv.txt

## chunks/dep-TtfCYYuS.js

```js
import "./foo-01CB4Q5r.js";

//#region dep.js
const url = new URL("../assets/foo-Bs4jCgwv.txt", import.meta.url);

//#endregion
export { url };
```
## chunks/foo-01CB4Q5r.js

```js
//#region foo.txt
var foo_default = "assets/foo-Bs4jCgwv.txt";

//#endregion
```
## main.js

```js
import "./chunks/foo-01CB4Q5r.js";

//#region main.js
const url = new URL("assets/foo-Bs4jCgwv.txt", import.meta.url);
const dep = import("./chunks/dep-TtfCYYuS.js");

//#endregion
export { dep, url };
```
