---
source: crates/rolldown/tests/common/case.rs
expression: content
input_file: crates/rolldown/tests/esbuild/splitting/shared-es6-into-es6
---
# Assets

## a.mjs

```js
import { __export } from "./_rolldown_runtime.mjs";
import { foo } from "./shared_js.mjs";

// a.js
var a_ns = {};
__export(a_ns, {});
console.log(foo);
```
## b.mjs

```js
import { __export } from "./_rolldown_runtime.mjs";
import { foo } from "./shared_js.mjs";

// b.js
var b_ns = {};
__export(b_ns, {});
console.log(foo);
```
## shared_js.mjs

```js
import { __export } from "./_rolldown_runtime.mjs";

// shared.js
var shared_ns = {};
__export(shared_ns, {
	foo:() => foo
});
let foo = 123;

export { foo };
```
