---
source: crates/rolldown/tests/common/case.rs
expression: content
input_file: crates/rolldown/tests/esbuild/splitting/shared-es6-into-es6
---
# Assets

## a.mjs

```js
import { foo } from "./shared.mjs";

//#region a.js
console.log(foo);

//#endregion
```
## b.mjs

```js
import { foo } from "./shared.mjs";

//#region b.js
console.log(foo);

//#endregion
```
## shared.mjs

```js
//#region shared.js
let foo = 123;

//#endregion

export { foo };
```
