---
source: crates/rolldown_testing/src/integration_test.rs
---
# Errors

## PARSE_ERROR

```text
[PARSE_ERROR] Error: Expected a semicolon or an implicit semicolon after a statement, but found none
   ╭─[ main.js:1:8 ]
   │
 1 │ invalid syntax
   │        │ 
   │        ╰─ 
   │ 
   │ Help: Try inserting a semicolon here
───╯

```

# HMR Step 0

## Build Output

### Errors

#### PARSE_ERROR

```text
[PARSE_ERROR] Error: Cannot use import statement outside a module
   ╭─[ main.js:1:1 ]
   │
 1 │ console.log('main.js')
   │ ───┬──  
   │    ╰──── 
───╯

```

## Build Output

### Errors

#### PARSE_ERROR

```text
[PARSE_ERROR] Error: Cannot use import statement outside a module
   ╭─[ main.js:1:1 ]
   │
 1 │ console.log('main.js')
   │ ───┬──  
   │    ╰──── 
───╯

```
