---
source: crates/rolldown_testing/src/integration_test.rs
---
# Assets

## entry.js

```js

//#region custom-react.js
function elem() {}
function frag() {}
//#endregion

//#region entry.jsx
console.log(/* @__PURE__ */ elem("div", null), /* @__PURE__ */ elem(frag, null, "fragment"));
//#endregion

```
