---
source: crates/rolldown_testing/src/integration_test.rs
---
# Assets

## entry.js

```js

//#region entry.js
// These shouldn't warn since the format is CommonJS
console.log(Object.keys(require.cache));
console.log(Object.keys(require.extensions));
delete require.cache["fs"];
delete require.extensions[".json"];

//#endregion
```
