---
source: crates/rolldown_testing/src/integration_test.rs
snapshot_kind: text
---
# warnings

## UNRESOLVED_IMPORT

```text
[UNRESOLVED_IMPORT] Warning: Could not resolve 'react/jsx-runtime' in entry.jsx

```
# Assets

## entry.js

```js
import { Fragment, jsx, jsxs } from "react/jsx-runtime";

//#region entry.jsx
console.log(
	jsx("div", { x }),
	jsx("div", { x: "y" }),
	jsx("div", { x: true }),
	jsx("div", { ...x }),
	jsx("div", { children: x }),
	jsx(Fragment, { children: x }),
	// Comments on absent AST nodes
	jsxs("div", { children: ["before", "after"] }),
	jsxs("div", { children: ["before", "after"] }),
	jsxs("div", { children: ["before", "after"] }),
	jsxs(Fragment, { children: ["before", "after"] }),
	jsxs(Fragment, { children: ["before", "after"] }),
	jsxs(
		Fragment,
		/*before*/
		{ children: ["before", "after"] }
)
);

//#endregion
```
