---
source: crates/rolldown/tests/common/case.rs
expression: content
input_file: crates/rolldown/tests/esbuild/default/dot_import
---
# warnings

## UNRESOLVED_IMPORT

```text
[UNRESOLVED_IMPORT] Warning: "console" is imported by "entry.js", but could not be resolved – treating it as an external dependency.

```
# Assets

## entry_js.mjs

```js
import { assert } from "console";


//#region index.js
var require_dot_import_index = __commonJSMin((exports, module) => {
	exports.x = 123;
});

//#endregion
//#region entry.js
var import_dot_import_index = __toESM(require_dot_import_index());
assert(import_dot_import_index.x === 123);

//#endregion
```
