---
source: crates/rolldown_testing/src/integration_test.rs
---
# Assets

## a.js

```js
import "./shared.js";
//#region a.js
console.log(1);
//#endregion

```

## b.js

```js
import "./shared.js";
//#region b.js
console.log(2);
//#endregion

```

## shared.js

```js
//#region shared.js
console.log("side effect");
//#endregion

```
