---
source: crates/rolldown/tests/common/case.rs
expression: content
input_file: crates/rolldown/tests/esbuild/dce/dce_of_symbol_instances
---
# Assets

## class_js.mjs

```js

//#region class.js
class Keep1 {
	*[Symbol.iterator]() {}
	[keep];
}
class Keep2 {
	[keep];
	*[Symbol.iterator]() {}
}

//#endregion
```
## object_js.mjs

```js

//#region object.js
let remove2 = {*[Symbol.iterator]() {}};
let remove3 = {*[Symbol['iterator']]() {}};
let keep1 = {
	*[Symbol.iterator]() {},
	[keep]: null
};
let keep2 = {
	[keep]: null,
	*[Symbol.iterator]() {}
};
let keep3 = {*[Symbol.wtf]() {}};

//#endregion
```
