---
source: crates/rolldown_testing/src/integration_test.rs
---
# Assets

## keep-these.js

```js

//#region decorator.js
const fn = () => {
	console.log("side effect");
};
//#endregion

//#region keep-these.js
var Class = @fn class {};
var Field = class {
	@fn field;
};
var Method = class {
	@fn method() {}
};
var StaticField = class {
	@fn static field;
};
var StaticMethod = class {
	@fn static method() {}
};
//#endregion

```
