---
source: crates/rolldown_testing/src/integration_test.rs
---
# Assets

## entry.js

```js

//#region rolldown:runtime
var __require = /* @__PURE__ */ ((x) => typeof require !== "undefined" ? require : typeof Proxy !== "undefined" ? new Proxy(x, { get: (a, b) => (typeof require !== "undefined" ? require : a)[b] }) : x)(function(x) {
	if (typeof require !== "undefined") return require.apply(this, arguments);
	throw Error("Calling `require` for \"" + x + "\" in an environment that doesn't expose the `require` function.");
});

//#region entry.ts
const ab = Math.random() < .5 ? "a.ts" : "b.ts";
console.log({
	concat: {
		require: __require("./src/" + ab),
		import: import("./src/" + ab)
	},
	template: {
		require: __require(`./src/${ab}`),
		import: import(`./src/${ab}`)
	}
});

```
