---
source: crates/rolldown_testing/src/integration_test.rs
---
# Assets

## entry.js

```js
//#region entry.jsx
let Foo = {
	Bar_(props) {
		return <>{props.text_}</>;
	},
	hello_: "hello, world"
};
var entry_default = <Foo.Bar_ text_={Foo.hello_}></Foo.Bar_>;

//#endregion
export { entry_default as default };
```
