---
source: crates/rolldown_testing/src/integration_test.rs
---
# Assets

## cube.js

```js
let preact = require("preact");

```

## lib.js

```js
require('./cube.js');
let preact = require("preact");

```

## main.js

```js
Object.defineProperty(exports, Symbol.toStringTag, { value: 'Module' });
require('./lib.js');
let preact = require("preact");

Object.defineProperty(exports, 'createContext', {
  enumerable: true,
  get: function () {
    return preact.createContext;
  }
});
```
