---
source: crates/rolldown_testing/src/integration_test.rs
---
# Assets

## entry.js

```js
// HIDDEN [rolldown:runtime]
let node_assert = require("node:assert");
node_assert = __toESM(node_assert);

//#region foo/test.js
var test_exports = __export({ foo: () => foo });
let foo = 123;

//#endregion
//#region bar/test.js
var test_exports$1 = __export({ bar: () => bar });
let bar = 123;

//#endregion
//#region entry.js
console.log(exports, module.exports);
node_assert.default.deepEqual(test_exports, { foo: 123 });
node_assert.default.deepEqual(test_exports$1, { bar: 123 });

//#endregion
```
