---
source: crates/rolldown/tests/common/case.rs
expression: content
input_file: crates/rolldown/tests/esbuild/default/exports_and_module_format_common_js
---
# Assets

## entry.cjs

```js


//#region foo/test.js
var test_ns$1 = {};
__export(test_ns$1, {foo: () => foo});
let foo = 123;

//#endregion
//#region bar/test.js
var test_ns = {};
__export(test_ns, {bar: () => bar});
let bar = 123;

//#endregion
//#region entry.js
console.log(exports, module.exports, test_ns$1, test_ns);

//#endregion
```
