---
source: crates/rolldown_testing/src/integration_test.rs
---
# Assets

## a.mjs

```js
import { foo, setFoo } from "./shared.mjs";
import { default as assert } from "node:assert";

//#region a.js
setFoo(123);
assert.equal(foo, 123);

//#endregion
```
## b.mjs

```js
import { foo } from "./shared.mjs";
import { default as assert } from "node:assert";

//#region b.js
assert.equal(foo, 123);

//#endregion
```
## shared.mjs

```js

//#region shared.js
let foo;
function setFoo(value) {
	foo = value;
}

//#endregion
export { foo, setFoo };
```
