---
source: crates/rolldown_testing/src/integration_test.rs
---
# Errors

## UNLOADABLE_DEPENDENCY

```text
[UNLOADABLE_DEPENDENCY] Error: Could not load test.js
   ╭─[entry.js:1:18]
   │
 1 │ import test from 'test.js'
   │                  ────┬────  
   │                      ╰────── No such file or directory (os error 2)
───╯

```
