---
source: crates/rolldown_testing/src/integration_test.rs
---
# Assets

## main.js

```js
import assert from "node:assert";

// HIDDEN [\0rolldown/runtime.js]
//#region bar.js
var bar_exports = /* @__PURE__ */ __exportAll({ bar: () => "bar" });
const bar = "bar";

//#endregion
//#region main.js
assert.deepEqual(bar_exports, {
	[Symbol.toStringTag]: "Module",
	bar: "bar"
});

//#endregion
```
