---
source: crates/rolldown_testing/src/integration_test.rs
---
# Assets

## main.js

```js
(function(global, factory) {
  typeof exports === 'object' && typeof module !== 'undefined' ?  factory(exports) :
  typeof define === 'function' && define.amd ? define(['exports'], factory) :
  (global = typeof globalThis !== 'undefined' ? globalThis : global || self, factory((global["1"] = global["1"] || {},global["1"]["2"] = {})));
})(this, function(exports) {
"use strict";

//#region foo.js
const value = 1;
//#endregion

exports.value = value
});
```
