---
source: crates/rolldown_testing/src/integration_test.rs
---
# Assets

## main.js

```js
import { t as lib_default } from "./splited_lib.js";

//#region main.js
console.log("lib", lib_default);

//#endregion
```

## splited_lib.js

```js
//#region lib.js
var lib_default = "hello, world";

//#endregion
export { lib_default as t };
```
