---
source: crates/rolldown_testing/src/integration_test.rs
---
# Assets

## main.js

```js
import assert from "node:assert";



//#region a.js
var Foo$2 = class {
	static {
		__name(this, "Foo");
	}
};
var Bar$1 = class {
	static {
		__name(this, "Bar");
	}
};
assert.strictEqual(Foo$2.name, "Foo");
assert.strictEqual(Bar$1.name, "Bar");
var fn$2 = function() {};
__name(fn$2, "fn");
var fn2$1 = function() {};
__name(fn2$1, "fn2");
assert.strictEqual(fn$2.name, "fn");
assert.strictEqual(fn2$1.name, "fn2");
//#endregion

//#region b.js
var Foo$1 = class Foo$3 {
	static {
		__name(this, "Foo");
	}
};
var Bar = class {};
assert.strictEqual(Foo$1.name, "Foo");
assert.strictEqual(Bar.name, "Bar");
var fn$1 = function fn$3() {};
__name(fn$1, "fn");
var fn2 = function() {};
assert.strictEqual(fn$1.name, "fn");
assert.strictEqual(fn2.name, "fn2");
//#endregion

//#region main.js
var Foo = class {};
assert.strictEqual(Foo.name, "Foo");
var fn = function() {};
assert.strictEqual(fn.name, "fn");
//#endregion

```
