---
source: crates/rolldown_testing/src/integration_test.rs
---
# warnings

## UNRESOLVED_IMPORT

```text
[UNRESOLVED_IMPORT] Warning: "foo" is imported by "a.js", but could not be resolved – treating it as an external dependency.

```
# Assets

## a.js

```js

//#region a.js
import("foo");
import(foo());

//#endregion
```
