---
source: crates/rolldown_testing/src/integration_test.rs
---
# Assets

## main.js

```js
//! User-defined Entry: [Entry-Module-Id: main.js] [Name: Some("main")]
//#region main.js
const loaded = import("./target.js").then((n) => n.t).then((namespace) => namespace);
//#endregion
export { loaded };

```

## target.js

```js
//! ManualCodeSplitting: [Group-Name: target]
//! Eliminated Facade Chunk: [Chunk-Name: unnamed] [Entry-Module-Id: target.js] [Reason: Dynamic entry chunk merged into manual code splitting group]
//#region \0rolldown/runtime.js
var __defProp = Object.defineProperty;
var __getOwnPropDesc = Object.getOwnPropertyDescriptor;
var __getOwnPropNames = Object.getOwnPropertyNames;
var __hasOwnProp = Object.prototype.hasOwnProperty;
var __exportAll = (all, no_symbols) => {
	let target = {};
	for (var name in all) __defProp(target, name, {
		get: all[name],
		enumerable: true
	});
	if (!no_symbols) __defProp(target, Symbol.toStringTag, { value: "Module" });
	return target;
};
var __copyProps = (to, from, except, desc) => {
	if (from && typeof from === "object" || typeof from === "function") for (var keys = __getOwnPropNames(from), i = 0, n = keys.length, key; i < n; i++) {
		key = keys[i];
		if (!__hasOwnProp.call(to, key) && key !== except) __defProp(to, key, {
			get: ((k) => from[k]).bind(null, key),
			enumerable: !(desc = __getOwnPropDesc(from, key)) || desc.enumerable
		});
	}
	return to;
};
var __reExport = (target, mod, secondTarget) => (__copyProps(target, mod, "default"), secondTarget && __copyProps(secondTarget, mod, "default"));
//#endregion
//#region reader.js
//#endregion
//#region target.js
var target_exports = /* @__PURE__ */ __exportAll({ x: () => 1 });
import * as import_external from "external" with { type: "json" };
__reExport(target_exports, import_external);
//#endregion
export { target_exports as t };

```
