---
source: crates/rolldown_testing/src/integration_test.rs
---
# Assets

## main.js

```js
import assert from "node:assert";



//#region a.js
function test$1() {}
__name(test$1, "test");
function a() {}
var Foo$1 = class {
	static {
		__name(this, "Foo");
	}
};
//#endregion

//#region main.js
test$1();
a();
const test = 10;
var Foo = class extends Foo$1 {};
console.log(`test: `, test);
assert.strictEqual(Foo.name, "Foo");
assert.strictEqual(Foo$1.name, "Foo");
assert.strictEqual(test$1.name, "test");
//#endregion

```
