---
source: crates/rolldown_testing/src/integration_test.rs
---
# Assets

## main.js

```js
var e=Object.create,t=Object.defineProperty,n=Object.getOwnPropertyDescriptor,r=Object.getOwnPropertyNames,i=Object.getPrototypeOf,a=Object.prototype.hasOwnProperty,o=(e,t)=>()=>(t||e((t={exports:{}}).exports,t),t.exports),s=(e,i,o,s)=>{if(i&&typeof i==`object`||typeof i==`function`)for(var c=r(i),l=0,u=c.length,d;l<u;l++)d=c[l],!a.call(e,d)&&d!==o&&t(e,d,{get:(e=>i[e]).bind(null,d),enumerable:!(s=n(i,d))||s.enumerable});return e},c=Symbol(),l=((n,r,a)=>(a=n==null?{}:e(i(n)),s(!n||!n.__esModule?t(a,`default`,{value:n,enumerable:!0}):r?t(a,`default`,{value:c in n?n[c]:n[c]=typeof n.default==`object`&&n.default?s(s(e(i(n.default)),n.default),n):n,enumerable:!0}):a,n)))(o(((e,t)=>{t.exports=123}))());assert.equal(l.foo,123);
```
