---
source: crates/rolldown_testing/src/integration_test.rs
---
# Errors

## RESOLVE_ERROR

```text
[RESOLVE_ERROR] Error: Could not resolve 'pkg/path/to/other/file' in src/entry.js
   ╭─[ src/entry.js:2:9 ]
   │
 2 │ require('pkg/path/to/other/file')
   │         ────────────┬───────────  
   │                     ╰───────────── Package subpath is not defined by exports
───╯

```

## RESOLVE_ERROR

```text
[RESOLVE_ERROR] Error: Could not resolve 'pkg/path/to/real/file' in src/entry.js
   ╭─[ src/entry.js:1:9 ]
   │
 1 │ require('pkg/path/to/real/file')
   │         ───────────┬───────────  
   │                    ╰───────────── Package subpath is not defined by exports
───╯

```
