---
source: crates/rolldown_testing/src/integration_test.rs
---
# Assets

## main.js

```js
import assert from "node:assert";
// HIDDEN [\0rolldown/runtime.js]
__rolldown_runtime__.registerGraph({
	ids: ["hmr.js", "main.js"],
	localCount: 2,
	edges: [[], [0]]
});
//#region hmr.js
var hmr_exports = /* @__PURE__ */ __exportAll({ value: () => "v1" });
const hmr_hot = __rolldown_runtime__.createModuleHotContext("hmr.js");
__rolldown_runtime__.registerModule("hmr.js", { exports: hmr_exports });
globalThis.__reload_after_failed_full_build_value = "v1";
hmr_hot.accept();
//#endregion
//#region main.js
var main_exports = /* @__PURE__ */ __exportAll({});
__rolldown_runtime__.createModuleHotContext("main.js");
__rolldown_runtime__.registerModule("main.js", { exports: main_exports });
process.on("beforeExit", (code) => {
	if (code !== 0) return;
	assert.strictEqual(globalThis.__reload_after_failed_full_build_value, "v3");
});
//#endregion

//# sourceMappingURL=main.js.map
```

# HMR Step 0

## Errors

### UNHANDLEABLE_ERROR

```text
[UNHANDLEABLE_ERROR] Something went wrong inside rolldown, please report this problem at https://github.com/rolldown/rolldown/issues.
simulated failure while rendering an HMR patch

```

## Build Output

### Errors

#### UNHANDLEABLE_ERROR

```text
[UNHANDLEABLE_ERROR] Something went wrong inside rolldown, please report this problem at https://github.com/rolldown/rolldown/issues.
simulated failure while rendering an HMR patch

```

# HMR Step 1

## Meta

- update type: full-reload
- reason: an earlier hot update failed

## Build Output

### Assets

#### main.js

```js
import assert from "node:assert";
// HIDDEN [\0rolldown/runtime.js]
__rolldown_runtime__.registerGraph({
	ids: ["hmr.js", "main.js"],
	localCount: 2,
	edges: [[], [0]]
});
//#region hmr.js
var hmr_exports = /* @__PURE__ */ __exportAll({ value: () => "v3" });
const hmr_hot = __rolldown_runtime__.createModuleHotContext("hmr.js");
__rolldown_runtime__.registerModule("hmr.js", { exports: hmr_exports });
globalThis.__reload_after_failed_full_build_value = "v3";
hmr_hot.accept();
//#endregion
//#region main.js
var main_exports = /* @__PURE__ */ __exportAll({});
__rolldown_runtime__.createModuleHotContext("main.js");
__rolldown_runtime__.registerModule("main.js", { exports: main_exports });
process.on("beforeExit", (code) => {
	if (code !== 0) return;
	assert.strictEqual(globalThis.__reload_after_failed_full_build_value, "v3");
});
//#endregion

//# sourceMappingURL=main.js.map
```
