---
source: crates/rolldown/tests/common/case.rs
expression: content
input_file: crates/rolldown/tests/esbuild/import_star/export_self_as_namespace_common_js
---
# main.js

```js
// main.js
var main_ns = {
  get ns() { return main_ns },
  get foo() { return foo }
};
const foo = 123


export { foo, main_ns as ns };
```
