---
source: crates/rolldown/tests/common/case.rs
expression: content
input_file: crates/rolldown/tests/esbuild/packagejson/test_package_json_dual_package_hazard_import_only
---
# Assets

## entry.mjs

```js

//#region node_modules/demo-pkg/module.js
var module_default = 'module';

//#endregion
//#region src/entry.js
console.log(module_default);

//#endregion
```
