---
source: crates/rolldown_testing/src/integration_test.rs
---
# warnings

## UNRESOLVED_IMPORT

```text
[UNRESOLVED_IMPORT] Warning: Could not resolve './other.js' in data:text/javascript,import './other.js'
   ╭─[data:text/javascript,import './other.js':1:8]
   │
 1 │ import './other.js'
   │        ──────┬─────  
   │              ╰─────── Module not found, treating it as an external dependency
───╯

```
# Assets

## entry.js

```js
import "./other.js";

```
