---
source: crates/rolldown_testing/src/integration_test.rs
---
# Assets

## assets/image-Dg65n3Fj.png

```png
x
```
## entries_entry.css

```css
div {
	background: url(assets/image-Dg65n3Fj.png);
}

```
## entries_entry.js

```js
//#region images/image.png
var image_default = "assets/image-Dg65n3Fj.png";

//#endregion
```
