---
source: crates/rolldown/tests/common/case.rs
expression: content
input_file: crates/rolldown/tests/fixtures/cjs_compat/reexport_commonjs
---
# Assets

## main.mjs

```js


//#region commonjs.js
var require_commonjs = __commonJSMin((exports, module) => {
	module.exports = {bar: 1};
});

//#endregion
//#region esm.js
const value = 1;

//#endregion
//#region foo.js
var foo_ns = {};
__export(foo_ns, {
	bar: () => import_commonjs$1.bar,
	value: () => value
});
__reExport(foo_ns, __toESM(require_commonjs()));
var import_commonjs$1 = __toESM(require_commonjs());

//#endregion
//#region main.js
var import_commonjs = __toESM(require_commonjs());
console.log(foo_ns, import_commonjs$1.bar, value, foo_ns.foo);

//#endregion
var bar = import_commonjs.bar;
export { bar };
```
