---
source: crates/rolldown_testing/src/integration_test.rs
---
# Assets

## function-nested_js.js

```js

//#region function-nested.js
function x() {
	{
		var a;
		for (var b; 0;);
		for (var { c, x: [d] } = {}; 0;);
		for (var e of []);
		for (var { f, x: [g] } of []);
		for (var h in {});
		for (var i = 1 in {});
		for (var { j, x: [k] } in {});
		function l() {}
	}
}
x();

//#endregion
```
## function_js.js

```js

//#region function.js
function x() {
	var a;
	for (var b; 0;);
	for (var { c, x: [d] } = {}; 0;);
	for (var e of []);
	for (var { f, x: [g] } of []);
	for (var h in {});
	for (var i = 1 in {});
	for (var { j, x: [k] } in {});
	function l() {}
}
x();

//#endregion
```
## let_js.js

```js

//#region let.js
{
	let a;
	for (let b; 0;);
	for (let { c, x: [d] } = {}; 0;);
	for (let e of []);
	for (let { f, x: [g] } of []);
	for (let h in {});
	for (let { j, x: [k] } in {});
}

//#endregion
```
## nested_js.js

```js

//#region nested.js
{
	var a;
	for (var b; 0;);
	for (var { c, x: [d] } = {}; 0;);
	for (var e of []);
	for (var { f, x: [g] } of []);
	for (var h in {});
	for (var i = 1 in {});
	for (var { j, x: [k] } in {});
	function l() {}
}

//#endregion
```
## top-level_js.js

```js

//#region top-level.js
for (var b; 0;);
for (var { c, x: [d] } = {}; 0;);
for (var e of []);
for (var { f, x: [g] } of []);
for (var h in {});
for (var i = 1 in {});
for (var { j, x: [k] } in {});

//#endregion
```
