---
source: crates/rolldown_testing/src/integration_test.rs
---
# Assets

## main.js

```js
//#region share.js
var share_default = "shared";

//#endregion
//#region share.json
var share_default$1 = {};

//#endregion
//#region main.js
console.log(share_default, share_default$1);
Promise.resolve().then(() => ({ default: share_default })).then(console.log);
Promise.resolve().then(() => ({ default: share_default$1 })).then(console.log);

//#endregion
```
