---
source: crates/rolldown/tests/common/case.rs
expression: content
input_file: crates/rolldown/tests/esbuild/import_star/namespace_import_missing_es6
---
# Assets

## entry_js.mjs

```js


//#region foo.js
var foo_ns = {};
__export(foo_ns, {x: () => x});
const x = 123;

//#endregion
//#region entry.js
console.log(foo_ns, foo_ns.foo);

//#endregion
```
