---
source: crates/rolldown_testing/src/integration_test.rs
---
# Assets

## main.js

```js
// HIDDEN [rolldown:runtime]
// HIDDEN [rolldown:hmr]
//#region a.js
var a_exports = {};
const a_hot = __rolldown_runtime__.createModuleHotContext("$CWD/a.js");
__rolldown_runtime__.registerModule("$CWD/a.js", { exports: a_exports });
console.log("a");

//#endregion
//#region b.js
var b_exports = {};
const b_hot = __rolldown_runtime__.createModuleHotContext("$CWD/b.js");
__rolldown_runtime__.registerModule("$CWD/b.js", { exports: b_exports });
console.log("b");

//#endregion
//#region main.js
var main_exports = {};
const main_hot = __rolldown_runtime__.createModuleHotContext("$CWD/main.js");
__rolldown_runtime__.registerModule("$CWD/main.js", { exports: main_exports });

//#endregion
```
