---
source: crates/rolldown/tests/common/case.rs
expression: content
input_file: crates/rolldown/tests/esbuild/import_star/import_export_self_as_namespace_es6
---
# warnings

## CIRCULAR_DEPENDENCY

```text
[CIRCULAR_DEPENDENCY] Warning: Circular dependency: entry.js -> entry.js.

```
# Assets

## entry_js.mjs

```js


//#region entry.js
var entry_ns = {};
__export(entry_ns, {
	foo: () => foo,
	ns: () => entry_ns
});
const foo = 123;

//#endregion
export { foo, entry_ns as ns };
```
