---
source: crates/rolldown_testing/src/integration_test.rs
---
# Assets

## entry.js

```js
import "node:fs";

export * from "node:fs"


//#region main.js
import * as import_node_fs from "node:fs";
var main_exports, main;
var init_main = __esm({ "main.js"() {
	main_exports = {};
	__export(main_exports, { main: () => main });
	__reExport(main_exports, import_node_fs);
	main = "main";
	console.log((init_main(), __toCommonJS(main_exports)));
} });

//#endregion
init_main();
export { main };
```
