---
source: crates/rolldown_testing/src/integration_test.rs
---
# Assets

## entry.mjs

```js
import "node:fs";

export * from "node:fs"


//#region main.js
import * as import_node_fs from "node:fs";
var main_ns, main;
var init_main = __esmMin(() => {
	main_ns = {};
	__export(main_ns, { main: () => main });
	__reExport(main_ns, import_node_fs);
	main = "main";
	console.log((init_main(), __toCommonJS(main_ns)));
});

//#endregion
init_main();
export { main };
```
