---
source: crates/rolldown_testing/src/integration_test.rs
---
# Assets

## entry.js

```js
import { jsx as _jsx } from "react/jsx-runtime";

//#region remove-me.js
var remove_me_default = "unused";

//#endregion
//#region keep-me/index.js
console.log("side effects");

//#endregion
//#region entry.jsx
function RemoveMe1() {}
let removeMe2 = 0;
class RemoveMe3 {}
function KeepMe1() {}
let keepMe2 = _jsx(KeepMe1, {});
function keepMe3() {
	console.log("side effects");
}
let keepMe4 = /* @__PURE__ */ keepMe3();
let keepMe5 = pure();
let keepMe6 = some.fn();

//#endregion
```
