---
source: crates/rolldown_testing/src/integration_test.rs
---
# Assets

## main.js

```js
import assert from "node:assert";

//#region shared.js
const a2 = "shared.js";

//#endregion
//#region main.js
const a = "index.js";
assert.equal(a, "index.js");
assert.equal(a2, "shared.js");

//#endregion
//# sourceMappingURL=main.js.map
```

# Sourcemap Visualizer

```
- ../shared.js
(0:0) "const " --> (3:0) "const "
(0:6) "a = " --> (3:6) "a2 = "
(0:10) "'shared.js'\n" --> (3:11) "\"shared.js\";\n"
- ../main.js
(2:0) "const " --> (7:0) "const "
(2:6) "a = " --> (7:6) "a = "
(2:10) "'index.js'\n" --> (7:10) "\"index.js\";\n"
(3:0) "assert." --> (8:0) "assert."
(3:7) "equal(" --> (8:7) "equal("
(3:13) "a, " --> (8:13) "a, "
(3:16) "'index.js')" --> (8:16) "\"index.js\")"
(3:27) "\n" --> (8:27) ";\n"
(4:0) "assert." --> (9:0) "assert."
(4:7) "equal(" --> (9:7) "equal("
(4:13) "a2, " --> (9:13) "a2, "
(4:17) "'shared.js')" --> (9:17) "\"shared.js\")"
(4:29) "\n" --> (9:29) ";\n"
```
