---
source: crates/rolldown_testing/src/integration_test.rs
---
# Assets

## entry.js

```js
// HIDDEN [rolldown:runtime]
//#region foo.ts
const foo = 123;

//#endregion
//#region bar.ts
var bar_exports = __export({ foo: () => foo });

//#endregion
//#region entry.ts
console.log(bar_exports, foo, 234);

//#endregion
```
