---
source: crates/rolldown_testing/src/integration_test.rs
snapshot_kind: text
---
# warnings

## MISSING_GLOBAL_NAME

```text
[MISSING_GLOBAL_NAME] Warning: No name was provided for external module "./foo" in "output.globals" – guessing "___foo".

```
## MISSING_NAME_OPTION_FOR_IIFE_EXPORT

```text
[MISSING_NAME_OPTION_FOR_IIFE_EXPORT] Warning: If you do not supply "output.name", you may not be able to access the exports of an IIFE bundle.

```
# Assets

## entry.js

```js
(function(exports, ___foo) {

"use strict";

___foo = __toESM(___foo);

Object.defineProperty(exports, 'all the stuff', {
  enumerable: true,
  get: function () {
    return ___foo;
  }
});
exports["some export"] = ___foo["some import"]
return exports;
})({}, ___foo);
```
