---
source: crates/rolldown_testing/src/integration_test.rs
---
# Assets

## cube.js

```js
//#region square.js
__toCommonJS(exports);
__export(exports, { default: () => square });
function square(x) {
	return x * x;
};

//#endregion
//#region cube.js
__toCommonJS(exports);
__export(exports, { default: () => cube });
var square_exports = require("square.js");
function cube(x) {
	return square_exports.default(x) * x;
};

//#endregion
```
## main.js

```js
//#region hyper-cube.js
__toCommonJS(exports);
__export(exports, { default: () => hyperCube });
var cube_exports = require("cube.js");
function hyperCube(x) {
	return cube_exports.default(x) * x;
};

//#endregion
//#region main.js
__toCommonJS(exports);
// MULTIPLE ENTRY MODULES
var hyper_cube_exports = require("hyper-cube.js");
console.log(hyper_cube_exports.default(5));

//#endregion
```
## other-entry.js

```js
//#region other-entry.js
__toCommonJS(exports);
// Additional entry modules create new chunks
var cube_exports = require("cube.js");
console.log(cube_exports.default(5));

//#endregion
```
