---
source: crates/rolldown_testing/src/integration_test.rs
---
# Assets

## assets/x-RzbKAZGz.txt

```txt
x
```

## assets/y-DlqcDX5l.txt

```txt
y
```

## entry.js

```js
// HIDDEN [\0rolldown/runtime.js]
//#region y.txt
var require_y = /* @__PURE__ */ __commonJSMin(((exports, module) => {
	module.exports = "./assets/y-DlqcDX5l.txt";
}));
//#endregion
//#region x.txt
var require_x = /* @__PURE__ */ __commonJSMin(((exports, module) => {
	module.exports = "./assets/x-RzbKAZGz.txt";
}));
//#endregion
//#region entry.js
var import_y = /* @__PURE__ */ __toESM(require_y());
const x_url = require_x();
console.log(x_url, import_y.default);
//#endregion

```
