---
source: crates/rolldown_testing/src/integration_test.rs
---
# Assets

## entry.js

```js

//#region rolldown:runtime
var __defProp = Object.defineProperty;
var __getOwnPropDesc = Object.getOwnPropertyDescriptor;
var __getOwnPropNames = Object.getOwnPropertyNames;
var __hasOwnProp = Object.prototype.hasOwnProperty;
var __esm = (fn, res) => function() {
	return fn && (res = (0, fn[__getOwnPropNames(fn)[0]])(fn = 0)), res;
};
var __copyProps = (to, from, except, desc) => {
	if (from && typeof from === "object" || typeof from === "function") for (var keys = __getOwnPropNames(from), i = 0, n = keys.length, key; i < n; i++) {
		key = keys[i];
		if (!__hasOwnProp.call(to, key) && key !== except) __defProp(to, key, {
			get: ((k) => from[k]).bind(null, key),
			enumerable: !(desc = __getOwnPropDesc(from, key)) || desc.enumerable
		});
	}
	return to;
};
var __toCommonJS = (mod) => __copyProps(__defProp({}, "__esModule", { value: true }), mod);

//#region entry.js
var entry_exports = {};
var entry;
var init_entry = __esm({ "entry.js"() {
	entry = (init_entry(), __toCommonJS(entry_exports));
	input.works = entry.__esModule === true;
} });

init_entry();
```
---

Variant: (format: Cjs)

# Assets

## entry.js

```js
"use strict";
//#region rolldown:runtime
var __defProp = Object.defineProperty;
var __getOwnPropDesc = Object.getOwnPropertyDescriptor;
var __getOwnPropNames = Object.getOwnPropertyNames;
var __hasOwnProp = Object.prototype.hasOwnProperty;
var __esm = (fn, res) => function() {
	return fn && (res = (0, fn[__getOwnPropNames(fn)[0]])(fn = 0)), res;
};
var __copyProps = (to, from, except, desc) => {
	if (from && typeof from === "object" || typeof from === "function") for (var keys = __getOwnPropNames(from), i = 0, n = keys.length, key; i < n; i++) {
		key = keys[i];
		if (!__hasOwnProp.call(to, key) && key !== except) __defProp(to, key, {
			get: ((k) => from[k]).bind(null, key),
			enumerable: !(desc = __getOwnPropDesc(from, key)) || desc.enumerable
		});
	}
	return to;
};
var __toCommonJS = (mod) => __copyProps(__defProp({}, "__esModule", { value: true }), mod);


//#region entry.js
var entry_exports = {};
var entry;
var init_entry = __esm({ "entry.js"() {
	entry = (init_entry(), __toCommonJS(entry_exports));
	input.works = entry.__esModule === true;
} });

init_entry();
```
---

Variant: (format: Iife)

# Assets

## entry.js

```js
(function() {

"use strict";
//#region rolldown:runtime
var __defProp = Object.defineProperty;
var __getOwnPropDesc = Object.getOwnPropertyDescriptor;
var __getOwnPropNames = Object.getOwnPropertyNames;
var __hasOwnProp = Object.prototype.hasOwnProperty;
var __esm = (fn, res) => function() {
	return fn && (res = (0, fn[__getOwnPropNames(fn)[0]])(fn = 0)), res;
};
var __copyProps = (to, from, except, desc) => {
	if (from && typeof from === "object" || typeof from === "function") for (var keys = __getOwnPropNames(from), i = 0, n = keys.length, key; i < n; i++) {
		key = keys[i];
		if (!__hasOwnProp.call(to, key) && key !== except) __defProp(to, key, {
			get: ((k) => from[k]).bind(null, key),
			enumerable: !(desc = __getOwnPropDesc(from, key)) || desc.enumerable
		});
	}
	return to;
};
var __toCommonJS = (mod) => __copyProps(__defProp({}, "__esModule", { value: true }), mod);


//#region entry.js
var entry_exports = {};
var entry;
var init_entry = __esm({ "entry.js"() {
	entry = (init_entry(), __toCommonJS(entry_exports));
	input.works = entry.__esModule === true;
} });

init_entry();
})();
```
---

Variant: (format: Umd)

# Assets

## entry.js

```js
(function(factory) {
  
  typeof define === 'function' && define.amd ? define([], factory) :
  factory();
})(function() {
"use strict";
//#region rolldown:runtime
var __defProp = Object.defineProperty;
var __getOwnPropDesc = Object.getOwnPropertyDescriptor;
var __getOwnPropNames = Object.getOwnPropertyNames;
var __hasOwnProp = Object.prototype.hasOwnProperty;
var __esm = (fn, res) => function() {
	return fn && (res = (0, fn[__getOwnPropNames(fn)[0]])(fn = 0)), res;
};
var __copyProps = (to, from, except, desc) => {
	if (from && typeof from === "object" || typeof from === "function") for (var keys = __getOwnPropNames(from), i = 0, n = keys.length, key; i < n; i++) {
		key = keys[i];
		if (!__hasOwnProp.call(to, key) && key !== except) __defProp(to, key, {
			get: ((k) => from[k]).bind(null, key),
			enumerable: !(desc = __getOwnPropDesc(from, key)) || desc.enumerable
		});
	}
	return to;
};
var __toCommonJS = (mod) => __copyProps(__defProp({}, "__esModule", { value: true }), mod);


//#region entry.js
var entry_exports = {};
var entry;
var init_entry = __esm({ "entry.js"() {
	entry = (init_entry(), __toCommonJS(entry_exports));
	input.works = entry.__esModule === true;
} });

init_entry();
});
```
