---
source: crates/rolldown_testing/src/integration_test.rs
---
# Assets

## entry.mjs

```js


//#region node_modules/component-indexof/index.js
var require_component_indexof_index = __commonJSMin((exports, module) => {
	module.exports = function() {
		return 234;
	};
});

//#endregion
//#region node_modules/component-classes/index.js
try {
	var index = require_component_indexof_index();
} catch (err) {
	var index = require_component_indexof_index();
}

//#endregion
```
