---
source: crates/rolldown/tests/common/case.rs
expression: content
input_file: crates/rolldown/tests/esbuild/packagejson/test_package_json_exports_order_independent
---
# Assets

## entry.mjs

```js

// node_modules/pkg1/2/bar.js
console.log('SUCCESS');

// node_modules/pkg2/1/bar.js
console.log('SUCCESS');

```
