---
source: crates/rolldown/tests/common/case.rs
expression: self.snapshot.to_string()
input_file: crates/rolldown/tests/esbuild/import_star/re_export_star_name_collision_not_ambiguous_export
---
# Artifacts

## entry_js.mjs

```js
// c.js
let x = 1, y = 2
// b.js

// a.js

// entry.js


export { x, y };
```
