---
source: crates/rolldown_testing/src/integration_test.rs
---
# Assets

## main.js

```js
import assert from "node:assert";const a$1="shared.js",a="index.js";assert.equal(a,"index.js");assert.equal(a$1,"shared.js");
//# sourceMappingURL=main.js.map
```

# Sourcemap Visualizer

```
- ../shared.js
(0:0-0:6) "const " --> (0:33-0:39) "const "
(0:6-0:10) "a = " --> (0:39-0:43) "a$1="
(0:10-2:13) "'shared.js'\n\nexport { a }" --> (0:43-0:55) "\"shared.js\","
- ../main.js
(2:6-2:10) " a =" --> (0:55-0:57) "a="
(2:10-3:0) " 'index.js'" --> (0:57-0:68) "\"index.js\";"
(3:0-3:7) "\nassert" --> (0:68-0:75) "assert."
(3:7-3:13) ".equal" --> (0:75-0:81) "equal("
(3:13-3:16) "(a," --> (0:81-0:83) "a,"
(3:16-3:27) " 'index.js'" --> (0:83-0:94) "\"index.js\")"
(3:27-4:0) ")" --> (0:94-0:95) ";"
(4:0-4:7) "\nassert" --> (0:95-0:102) "assert."
(4:7-4:13) ".equal" --> (0:102-0:108) "equal("
(4:13-4:17) "(a2," --> (0:108-0:112) "a$1,"
(4:17-4:29) " 'shared.js'" --> (0:112-0:124) "\"shared.js\")"
(4:29-6:1) ")\n\n" --> (0:124-1:33) ";\n//# sourceMappingURL=main.js.map"
```
