---
source: crates/rolldown_testing/src/integration_test.rs
---
# Assets

## completion.js

```js
//#region completion.js
async function complete() {
	return (await import("./daemon.js").then((n) => n.t)).start();
}
//#endregion
export { complete };

```

## daemon.js

```js
// HIDDEN [\0rolldown/runtime.js]
//#region daemon-impl.js
function start() {
	return "start";
}
function stop() {
	return "stop";
}
//#endregion
//#region daemon.js
var daemon_exports = /* @__PURE__ */ __exportAll({
	start: () => start,
	stop: () => stop
});
//#endregion
export { __commonJSMin as i, start as n, stop as r, daemon_exports as t };

```

## entry.js

```js
import { i as __commonJSMin, n as start, r as stop } from "./daemon.js";
//#endregion
//#region gateway.js
var import_cjs_dep = (/* @__PURE__ */ __commonJSMin(((exports) => {
	exports.helper = function() {
		return "cjs-helper";
	};
})))();
function gateway() {
	return start() + stop();
}
//#endregion
//#region entry.js
function main() {
	return (0, import_cjs_dep.helper)() + gateway();
}
//#endregion
export { main };

```
