---
source: crates/rolldown_testing/src/integration_test.rs
---
# warnings

## UNRESOLVED_IMPORT

```text
[UNRESOLVED_IMPORT] Warning: "a_nowrap" is imported by "entry.js", but could not be resolved – treating it as an external dependency.

```
## UNRESOLVED_IMPORT

```text
[UNRESOLVED_IMPORT] Warning: "b_nowrap" is imported by "entry.js", but could not be resolved – treating it as an external dependency.

```
## UNRESOLVED_IMPORT

```text
[UNRESOLVED_IMPORT] Warning: "c_nowrap" is imported by "entry.js", but could not be resolved – treating it as an external dependency.

```
## UNRESOLVED_IMPORT

```text
[UNRESOLVED_IMPORT] Warning: "d_WRAP" is imported by "entry.js", but could not be resolved – treating it as an external dependency.

```
## UNRESOLVED_IMPORT

```text
[UNRESOLVED_IMPORT] Warning: "e_WRAP" is imported by "entry.js", but could not be resolved – treating it as an external dependency.

```
## UNRESOLVED_IMPORT

```text
[UNRESOLVED_IMPORT] Warning: "f_WRAP" is imported by "entry.js", but could not be resolved – treating it as an external dependency.

```
## UNRESOLVED_IMPORT

```text
[UNRESOLVED_IMPORT] Warning: "g_WRAP" is imported by "entry.js", but could not be resolved – treating it as an external dependency.

```
## UNRESOLVED_IMPORT

```text
[UNRESOLVED_IMPORT] Warning: "h_WRAP" is imported by "entry.js", but could not be resolved – treating it as an external dependency.

```
## UNRESOLVED_IMPORT

```text
[UNRESOLVED_IMPORT] Warning: "i_WRAP" is imported by "entry.js", but could not be resolved – treating it as an external dependency.

```
## UNRESOLVED_IMPORT

```text
[UNRESOLVED_IMPORT] Warning: "j_WRAP" is imported by "entry.js", but could not be resolved – treating it as an external dependency.

```
## UNRESOLVED_IMPORT

```text
[UNRESOLVED_IMPORT] Warning: "k_WRAP" is imported by "entry.js", but could not be resolved – treating it as an external dependency.

```
# Assets

## entry.js

```js
import "a_nowrap";
import { b } from "b_nowrap";
import "c_nowrap";
import * as d from "d_WRAP";
import { default as e } from "e_WRAP";
import { default as f } from "f_WRAP";
import { __esModule as g } from "g_WRAP";
import * as h from "h_WRAP";
import * as i from "i_WRAP";
import * as j from "j_WRAP";

export * from "c_nowrap"

//#region entry.js
b();
x = d.x;
e();
f();
g();
x = h;
i.x();
j.x` + "``" + `;
x = import("k_WRAP");

//#endregion
```
