---
source: crates/rolldown/tests/common/case.rs
expression: content
input_file: crates/rolldown/tests/esbuild/import_star/import_star_export_star_unused
---
# Assets

## entry_js.mjs

```js
import { __export } from "./$runtime$.mjs";

// foo.js
const foo$1 = 123;

// bar.js
var bar_ns = {};
__export(bar_ns, {
	foo:() => foo$1
});

// entry.js
let foo = 234;
console.log(foo);
```
