---
source: crates/rolldown_testing/src/integration_test.rs
---
# Assets

## assets/some-ufipoOFk.file

## src_entry.css

```css
body {
	background: url(assets/some-ufipoOFk.file);
}

```
## src_entry.js

```js
//#region assets/some.file
var some_default = "assets/some-ufipoOFk.file";

//#endregion
```
