---
source: crates/rolldown_testing/src/integration_test.rs
---
# Assets

## foo.js

```js
//#region foo.js
const devil = "devil";
//#endregion
export { devil as "😈" };

```

## main.js

```js
import { "😈" as devil } from "./foo.js";
//#region main.js
const moduleFoo = import("./foo.js");
//#endregion
export { moduleFoo, devil as "😈" };

```
