---
source: crates/rolldown_testing/src/integration_test.rs
---
# Assets

## main.js

```js
"use strict";

//#region main.js
let count = 0;
function reset() {
	count = 0;
}
function inc() {
	count += 1;
}

//#endregion
Object.defineProperty(exports, 'count', {
  enumerable: true,
  get: function () {
    return count;
  }
});
exports.inc = inc;
exports.reset = reset;
```
