---
source: crates/rolldown_testing/src/integration_test.rs
---
# Assets

## main.js

```js
//#region components/Foo/fooClasses.js
function getFooUtilityClass(slot) {
	return "MuiFoo-" + slot;
}
const fooClasses = { root: "MuiFoo-root" };
//#endregion
//#region components/Foo/Foo.js
const Foo = {
	name: "Foo",
	root: fooClasses.root
};
//#endregion
export { Foo, fooClasses, getFooUtilityClass };

```

# Variant: wrap-all: [on_demand_wrapping: false]

## Assets

### main.js

```js
import { a as getFooUtilityClass, i as fooClasses, n as Foo, t as init_main } from "./main2.js";
init_main();
export { Foo, fooClasses, getFooUtilityClass };

```

### main2.js

```js
// HIDDEN [\0rolldown/runtime.js]
//#region components/Foo/fooClasses.js
function getFooUtilityClass(slot) {
	return "MuiFoo-" + slot;
}
var fooClasses;
function init_fooClasses() {
	return (init_fooClasses = __esmMin((() => {
		fooClasses = { root: "MuiFoo-root" };
	})))();
}
//#endregion
//#region components/Foo/Foo.js
var Foo;
function init_Foo() {
	return (init_Foo = __esmMin((() => {
		init_fooClasses();
		Foo = {
			name: "Foo",
			root: fooClasses.root
		};
	})))();
}
//#endregion
//#region main.js
function init_main() {
	return (init_main = __esmMin((() => {
		init_Foo();
		init_fooClasses();
	})))();
}
//#endregion
export { getFooUtilityClass as a, fooClasses as i, Foo as n, init_fooClasses as o, init_Foo as r, init_main as t };

```
