---
source: crates/rolldown_testing/src/integration_test.rs
---
# Assets

## entry.mjs

```js

//#region entry.js
const image = new URL("./assets/image-0lQh8HHZ.svg", import.meta.url).href;
const imageNotFound = new URL("./image-not-found.svg", import.meta.url).href;

//#endregion
export { image, imageNotFound };
```
