---
source: crates/rolldown_testing/src/integration_test.rs
---
# Errors

## PARSE_ERROR

```text
[PARSE_ERROR] Error: Cannot assign to 'arguments' in strict mode
   ╭─[ cjs.js:2:31 ]
   │
 2 │ module.exports = function foo(arguments) {}
   │                               ────┬────  
   │                                   ╰────── 
───╯

```
