---
source: crates/rolldown_testing/src/integration_test.rs
---
# Assets

## main.js

```js
import { t as init_main } from "./main2.js";
await init_main();

```

## main2.js

```js
import { t as __esmMin } from "./rolldown-runtime.js";
//#region main.js
function init_main() {
	return (init_main = __esmMin((async () => {
		await import("./page-b2.js");
		await import("./page-a2.js");
	})))();
}
//#endregion
export { init_main as t };

```

## page-a.js

```js
import { t as __esmMin } from "./rolldown-runtime.js";
import assert from "node:assert";
//#region default-only.js
function mark$1() {
	globalThis.defaultValue = typeof globalThis.defaultValue === "number" ? globalThis.defaultValue + 1 : 0;
	return 42;
}
var default_only_default;
function init_default_only() {
	return (init_default_only = __esmMin((() => {
		default_only_default = /* @__PURE__ */ mark$1();
	})))();
}
//#endregion
//#region shadowed.js
function mark() {
	globalThis.shadowedValue = typeof globalThis.shadowedValue === "number" ? globalThis.shadowedValue + 1 : 0;
	return 2;
}
var x;
function init_shadowed() {
	return (init_shadowed = __esmMin((() => {
		x = /* @__PURE__ */ mark();
	})))();
}
//#endregion
//#region page-a.js
function init_page_a() {
	return (init_page_a = __esmMin((() => {
		init_default_only();
		init_shadowed();
		assert.strictEqual(globalThis.defaultValue, 0);
		assert.strictEqual(globalThis.shadowedValue, 0);
		assert.strictEqual(default_only_default, 42);
		assert.strictEqual(x, 2);
	})))();
}
//#endregion
export { init_page_a as t };

```

## page-a2.js

```js
import { t as init_page_a } from "./page-a.js";
init_page_a();

```

## page-b.js

```js
import { n as __exportAll, t as __esmMin } from "./rolldown-runtime.js";
import assert from "node:assert";
//#region bridge.js
var bridge_exports = /* @__PURE__ */ __exportAll({ x: () => x });
function x() {
	return 1;
}
function init_bridge() {
	return (init_bridge = __esmMin((() => {})))();
}
//#endregion
//#region page-b.js
function init_page_b() {
	return (init_page_b = __esmMin((() => {
		init_bridge();
		assert.strictEqual(bridge_exports[globalThis.__bridgeKey || "x"](), 1);
		assert.strictEqual(globalThis.defaultValue, void 0, "dead namespace star must not initialize default-only before page-b");
		assert.strictEqual(globalThis.shadowedValue, void 0);
	})))();
}
//#endregion
export { init_page_b as t };

```

## page-b2.js

```js
import { t as init_page_b } from "./page-b.js";
init_page_b();

```

## rolldown-runtime.js

```js
// HIDDEN [\0rolldown/runtime.js]
export { __exportAll as n, __esmMin as t };

```

# Variant: on-demand: [on_demand_wrapping: true]

## Assets

### main.js

```js
//#region main.js
await import("./page-b2.js");
await import("./page-a2.js");
//#endregion

```

### page-a.js

```js
import { t as __esmMin } from "./rolldown-runtime.js";
import assert from "node:assert";
//#region default-only.js
function mark$1() {
	globalThis.defaultValue = typeof globalThis.defaultValue === "number" ? globalThis.defaultValue + 1 : 0;
	return 42;
}
var default_only_default;
function init_default_only() {
	return (init_default_only = __esmMin((() => {
		default_only_default = /* @__PURE__ */ mark$1();
	})))();
}
//#endregion
//#region shadowed.js
function mark() {
	globalThis.shadowedValue = typeof globalThis.shadowedValue === "number" ? globalThis.shadowedValue + 1 : 0;
	return 2;
}
var x;
function init_shadowed() {
	return (init_shadowed = __esmMin((() => {
		x = /* @__PURE__ */ mark();
	})))();
}
//#endregion
//#region page-a.js
function init_page_a() {
	return (init_page_a = __esmMin((() => {
		init_default_only();
		init_shadowed();
		assert.strictEqual(globalThis.defaultValue, 0);
		assert.strictEqual(globalThis.shadowedValue, 0);
		assert.strictEqual(default_only_default, 42);
		assert.strictEqual(x, 2);
	})))();
}
//#endregion
export { init_page_a as t };

```

### page-a2.js

```js
import { t as init_page_a } from "./page-a.js";
init_page_a();

```

### page-b.js

```js
import { n as __exportAll, t as __esmMin } from "./rolldown-runtime.js";
import assert from "node:assert";
//#region bridge.js
var bridge_exports = /* @__PURE__ */ __exportAll({ x: () => x });
function x() {
	return 1;
}
//#endregion
//#region page-b.js
function init_page_b() {
	return (init_page_b = __esmMin((() => {
		assert.strictEqual(bridge_exports[globalThis.__bridgeKey || "x"](), 1);
		assert.strictEqual(globalThis.defaultValue, void 0, "dead namespace star must not initialize default-only before page-b");
		assert.strictEqual(globalThis.shadowedValue, void 0);
	})))();
}
//#endregion
export { init_page_b as t };

```

### page-b2.js

```js
import { t as init_page_b } from "./page-b.js";
init_page_b();

```

### rolldown-runtime.js

```js
// HIDDEN [\0rolldown/runtime.js]
export { __exportAll as n, __esmMin as t };

```
