---
source: crates/rolldown_testing/src/integration_test.rs
---
# warnings

## COMMONJS_VARIABLE_IN_ESM

```text
[COMMONJS_VARIABLE_IN_ESM] Warning: The CommonJS `exports` variable is treated as a global variable in an ECMAScript module and may not work as expected
   ╭─[ cjs-in-esm.js:2:1 ]
   │
 1 │ export let foo = 1
   │ ───┬──  
   │    ╰──── This file is considered to be an ECMAScript module because of the `export` keyword here:
 2 │ exports.foo = 2
   │ ───┬───  
   │    ╰───── 
───╯

```
## COMMONJS_VARIABLE_IN_ESM

```text
[COMMONJS_VARIABLE_IN_ESM] Warning: The CommonJS `module` variable is treated as a global variable in an ECMAScript module and may not work as expected
   ╭─[ cjs-in-esm.js:3:1 ]
   │
 1 │ export let foo = 1
   │ ───┬──  
   │    ╰──── This file is considered to be an ECMAScript module because of the `export` keyword here:
   │ 
 3 │ module.exports = 3
   │ ───┬──  
   │    ╰──── 
───╯

```
## UNRESOLVED_IMPORT

```text
[UNRESOLVED_IMPORT] Warning: Could not resolve 'bar' in import-in-cjs.js
   ╭─[ import-in-cjs.js:1:21 ]
   │
 1 │ import { foo } from 'bar'
   │                     ──┬──  
   │                       ╰──── Module not found, treating it as an external dependency
───╯

```
# Assets

## chunk.js

```js

//#region rolldown:runtime
var __getOwnPropNames = Object.getOwnPropertyNames;
var __commonJS = (cb, mod) => function() {
	return mod || (0, cb[__getOwnPropNames(cb)[0]])((mod = { exports: {} }).exports, mod), mod.exports;
};

export { __commonJS };
```
## cjs-in-esm.js

```js

//#region cjs-in-esm.js
let foo = 1;
exports.foo = 2;
module.exports = 3;

export { foo };
```
## import-in-cjs.js

```js
import { __commonJS } from "./chunk.js";
import { foo } from "bar";

//#region import-in-cjs.js
var require_import_in_cjs = __commonJS({ "import-in-cjs.js"(exports, module) {
	exports.foo = foo;
	module.exports = foo;
} });

export default require_import_in_cjs();

```
## no-warnings-here.js

```js
import { __commonJS } from "./chunk.js";

//#region no-warnings-here.js
var require_no_warnings_here = __commonJS({ "no-warnings-here.js"(exports, module) {
	console.log(module, exports);
} });

export default require_no_warnings_here();

```
