---
source: crates/rolldown_testing/src/integration_test.rs
---
# Assets

## entry.js

```js

//#region enums.ts
let a = /* @__PURE__ */ function(a) {
	a[a["implicit_number"] = 0] = "implicit_number";
	a[a["explicit_number"] = 123] = "explicit_number";
	a["explicit_string"] = "xyz";
	a[a["non_constant"] = foo] = "non_constant";
	return a;
}({});

//#endregion
//#region entry.ts
console.log([
	a.implicit_number,
	a.explicit_number,
	a.explicit_string,
	a.non_constant
]);

//#endregion
```
