---
source: crates/rolldown_testing/src/integration_test.rs
---
# Assets

## main.js

```js
// HIDDEN [\0rolldown/runtime.js]
//#region lib.js
var init_lib = __toCommonJSInitMin((() => {}));
//#endregion
//#region barrel.js
var init_barrel = __toCommonJSInitMin((() => {
	init_lib();
}));
//#endregion
__toCommonJSInitMin((() => {
	init_barrel();
	console.log(42);
}))();

```
