---
source: crates/rolldown_testing/src/integration_test.rs
---
# Assets

## foo.js

```js
import { bar } from "./foo2.js";

export { bar };
```
## foo2.js

```js

//#region foo.js
let bar = 123;

//#endregion
export { bar };
```
## main.js

```js
import { bar } from "./foo2.js";
import { default as assert } from "node:assert";

//#region main.js
import("./foo.js").then(({ bar: b }) => {
	assert.equal(bar, 123);
	assert.equal(b, 123);
});

//#endregion
```
