---
source: crates/rolldown/tests/common/case.rs
expression: content
input_file: crates/rolldown/tests/fixtures/basic_commonjs
---
# Assets

## main.mjs

```js
import { __commonJS, __esm, __toCommonJS, __toESM } from "./_rolldown_runtime.mjs";

// esm.js
function esm_default_fn() {
}
const esm_named_var = 1;
function esm_named_fn() {
}
class esm_named_class {
}
const hoisted_var = 1;
function hoisted_fn() {
	const bar = 1;
}
class hoisted_class {
}

// commonjs.js
var value = require('./esm.js');
module.exports = value;

// main.js
var import_commonjs = require_commonjs$1();
init_esm();
console.log(import_commonjs.default, esm_default_fn, esm_named_var, esm_named_fn, esm_named_class);
const require_commonjs = () => {
};
function esm_default_fn$1() {
}
console.log(require_commonjs, esm_default_fn$1);
```
