---
source: crates/rolldown_testing/src/integration_test.rs
---
# Assets

## entry.js

```js
import assert from "node:assert";



//#region foo.js
var require_foo = __commonJS({ "foo.js"(exports) {
	exports.x = 123;
} });
var import_foo = __toESM(require_foo());
//#endregion

//#region entry.js
assert.equal(import_foo.foo, void 0);
//#endregion

```
