---
source: crates/rolldown_testing/src/integration_test.rs
---
# Assets

## a.js

```js
import { a as Class2, c as a_default, d as varName, f as b_exports, i as Class, l as constName, o as Func, s as Func2, u as letName } from "./b.js";
export { Class, Class as Cls, Class2 as Cls2, Func2 as Fn2, Func, constName, a_default as default, b_exports as fromB, letName, varName };

```

## b.js

```js
// HIDDEN [\0rolldown/runtime.js]
//#region b.js
var b_exports = /* @__PURE__ */ __exportAll({ default: () => b_default });
function b_default() {}
//#endregion
//#region a.js
var a_default = 123;
var varName = 234;
let letName = 234;
const constName = 234;
function Func2() {}
var Class2 = class {};
function Func() {}
var Class = class {};
//#endregion
//#region c.js
function foo() {}
//#endregion
//#region d.js
var d_default = class {};
//#endregion
//#region e.js
var Foo = class {};
//#endregion
export { Class2 as a, a_default as c, varName as d, b_default as default, b_exports as f, Class as i, constName as l, d_default as n, Func as o, foo as r, Func2 as s, Foo as t, letName as u };

```

## c.js

```js
import { r as foo } from "./b.js";
export { foo as default };

```

## d.js

```js
import { n as d_default } from "./b.js";
export { d_default as default };

```

## e.js

```js
import { t as Foo } from "./b.js";
export { Foo as default };

```
