---
source: crates/rolldown_testing/src/integration_test.rs
---
# Assets

## main.js

```js
import assert from "node:assert";
var __esmMin = (fn, res) => () => (fn && (res = fn(fn = 0)), res);
function foo$1(a$1) {
	assert.equal(a$1, a$1);
	assert.equal(a$2, 1);
}
var a$2;
var init_foo = __esmMin((() => {
	a$2 = 1;
}));
//#endregion
//#region bar.js
init_foo();
const { foo } = { foo: foo$1 };
assert.strictEqual(typeof foo, "function");
init_foo();
//#endregion

//# sourceMappingURL=main.js.map
```

# Sourcemap Visualizer

```
- ../foo.js
(4:0) "export default function " --> (2:0) "function "
(4:24) "foo(" --> (2:9) "foo$1("
(4:28) "a$1) " --> (2:15) "a$1) "
(4:33) "{\n" --> (2:20) "{\n"
(5:2) "assert." --> (3:1) "assert."
(5:9) "equal(" --> (3:8) "equal("
(5:15) "a$1, " --> (3:14) "a$1, "
(5:20) "a$1)" --> (3:19) "a$1)"
(5:24) ";\n" --> (3:23) ";\n"
(6:2) "assert." --> (4:1) "assert."
(6:9) "equal(" --> (4:8) "equal("
(6:15) "a, " --> (4:14) "a$2, "
(6:18) "1)" --> (4:19) "1)"
(6:20) ";\n" --> (4:21) ";\n"
(2:6) "a = " --> (8:1) "a$2 = "
(2:10) "1;\n" --> (8:7) "1;\n"
- ../bar.js
(0:24) "\n" --> (12:10) ";\n"
- ../main.js
(5:0) "const " --> (13:0) "const "
(5:6) "{ " --> (13:6) "{ "
(5:8) "foo } = " --> (13:8) "foo } = "
(5:16) "bar;\n" --> (13:16) "{ "
- ../bar.js
(2:17) "foo };\n" --> (13:18) "foo: "
(2:17) "foo };\n" --> (13:23) "foo$1 }"
- ../main.js
(5:16) "bar;\n" --> (13:30) ";\n"
(7:0) "assert." --> (14:0) "assert."
(7:7) "strictEqual(" --> (14:7) "strictEqual("
(7:19) "typeof " --> (14:19) "typeof "
(7:26) "foo, " --> (14:26) "foo, "
(7:31) "'function')" --> (14:31) "\"function\")"
(7:42) ";\n" --> (14:42) ";\n"
```
