---
source: crates/rolldown_testing/src/integration_test.rs
---
# Assets

## main.js

```js
import assert from "node:assert";

// HIDDEN [rolldown:runtime]
//#region foo.js
var foo_exports = {};
/* @__PURE__ */ __export(foo_exports, { default: () => foo$1 });
function foo$1(a$1$1) {
	assert.equal(a$1$1, a$1$1);
	assert.equal(a$1, 1);
}
var a$1;
var init_foo = __esm({ "foo.js": (() => {
	a$1 = 1;
}) });

//#endregion
//#region bar.js
init_foo();
var bar_default = { foo: foo$1 };

//#endregion
//#region main.js
const a = 2;
const { foo } = bar_default;
assert.strictEqual(typeof foo, "function");
init_foo();

//#endregion
//# sourceMappingURL=main.js.map
```

# Sourcemap Visualizer

```
- ../foo.js
(4:0) "export default function " --> (19:0) "function "
(4:24) "foo(" --> (19:9) "foo$1("
(4:28) "a$1) " --> (19:15) "a$1$1) "
(4:33) "{\n" --> (19:22) "{\n"
(5:2) "assert." --> (20:0) "\tassert."
(5:9) "equal(" --> (20:8) "equal("
(5:15) "a$1, " --> (20:14) "a$1$1, "
(5:20) "a$1)\n" --> (20:21) "a$1$1);\n"
(6:2) "assert." --> (21:0) "\tassert."
(6:9) "equal(" --> (21:8) "equal("
(6:15) "a, " --> (21:14) "a$1, "
(6:18) "1)\n" --> (21:19) "1);\n"
(2:6) "a = " --> (25:1) "a$1 = "
(2:10) "1;\n" --> (25:7) "1;\n"
- ../bar.js
(2:0) "export default " --> (31:0) "var bar_default = "
(2:15) "{ " --> (31:18) "{ "
(2:17) "foo }" --> (31:20) "foo: foo$1 };\n"
- ../main.js
(3:0) "const " --> (35:0) "const "
(3:6) "a = " --> (35:6) "a = "
(3:10) "2; // make foo `a` conflict\n" --> (35:10) "2;\n"
(5:0) "const " --> (36:0) "const "
(5:6) "{ " --> (36:6) "{ "
(5:8) "foo } = " --> (36:8) "foo } = "
(5:16) "bar\n" --> (36:16) "bar_default;\n"
(7:0) "assert." --> (37:0) "assert."
(7:7) "strictEqual(" --> (37:7) "strictEqual("
(7:19) "typeof " --> (37:19) "typeof "
(7:26) "foo, " --> (37:26) "foo, "
(7:31) "'function')\n" --> (37:31) "\"function\");\n"
```
