---
source: crates/rolldown_testing/src/integration_test.rs
---
# Assets

## entry.js

```js

//#region rolldown:runtime
var __defProp = Object.defineProperty;
var __export = (target, all) => {
	for (var name in all) __defProp(target, name, {
		get: all[name],
		enumerable: true
	});
};

//#region test.json
var invalid_identifier$1 = true;

//#region test2.json
var test2_exports = {};
__export(test2_exports, {
	default: () => test2_default,
	"invalid-identifier": () => invalid_identifier
});
var invalid_identifier = true;
var test2_default = { "invalid-identifier": invalid_identifier };

//#region entry.js
console.log(invalid_identifier$1, test2_exports);

```
