---
source: crates/rolldown_testing/src/case/case.rs
expression: content
input_file: crates/rolldown/tests/fixtures/misc/outro/iife
---
# Assets

## main.mjs

```js
(function() {

"use strict";

//#region main.js
var main_default = "banner";

//#endregion
return main_default;
console.log('hello world');
})();
```
