---
source: crates/rolldown_testing/src/integration_test.rs
---
# Assets

## main.js

```js
import assert from "node:assert";

// HIDDEN [rolldown:runtime]
//#region commonjs.js
var require_commonjs = /* @__PURE__ */ __commonJS({ "commonjs.js": ((exports, module) => {
	module.exports = { bar: 1 };
}) });

//#endregion
//#region reexports.mjs
var reexports_exports = {};
var import_commonjs = /* @__PURE__ */ __toESM(require_commonjs(), 1);
__reExport(reexports_exports, /* @__PURE__ */ __toESM(require_commonjs(), 1));
assert.equal(import_commonjs.bar, 1);

//#endregion
//#region main.mjs
assert.equal(reexports_exports.bar, 1);

//#endregion
```
