---
source: crates/rolldown_testing/src/integration_test.rs
---
# Assets

## 1.js

```js
//#region 1.js
console.log(1);

//#endregion
```
## 2.js

```js
//#region 2.js
console.log(2);

//#endregion
```
## a.js

```js
import "./1.js";
import "./2.js";

//#region a.js
console.log("a");

//#endregion
```
## b.js

```js
import "./1.js";
import "./2.js";

//#region b.js
console.log("a");

//#endregion
```
## c.js

```js
import "./1.js";

//#region c.js
console.log("c");

//#endregion
```
