---
source: crates/rolldown_testing/src/integration_test.rs
---
# Assets

## entry.js

```js
// HIDDEN [\0@oxc-project+runtime@0.0.0/file.js]
// HIDDEN [\0@oxc-project+runtime@0.0.0/file.js]
// HIDDEN [\0@oxc-project+runtime@0.0.0/file.js]
// HIDDEN [\0@oxc-project+runtime@0.0.0/file.js]
//#region entry.ts
var Foo = class extends Bar {
	constructor() {
		super();
		_defineProperty(this, "foo", 1);
		_defineProperty(this, "bar", 2);
		foo();
		bar();
	}
};

//#endregion
```
