---
source: crates/rolldown_testing/src/integration_test.rs
---
# Assets

## entry.js

```js
import assert from "node:assert";

// HIDDEN [rolldown:runtime]
//#region node_modules/node-pkg-browser/index.js
var require_node_pkg_browser = __commonJS({ "node_modules/node-pkg-browser/index.js"(exports, module) {
	module.exports = function() {
		return 123;
	};
} });

//#endregion
//#region node_modules/demo-pkg/index.js
var require_demo_pkg = __commonJS({ "node_modules/demo-pkg/index.js"(exports, module) {
	const fn$1 = require_node_pkg_browser();
	module.exports = function() {
		return fn$1();
	};
} });

//#endregion
//#region src/entry.js
var import_demo_pkg = __toESM(require_demo_pkg());
assert.equal((0, import_demo_pkg.default)(), 123);

//#endregion
```
