---
source: crates/rolldown_testing/src/integration_test.rs
---
# Assets

## lib.js

```js
//#region a.js
const other = "other";

//#endregion
//#region a2.js
const thing = "thing";
const stuff = "stuff";

//#endregion
//#region lib.js
var bar = "bar";

//#endregion
export { bar, other, stuff, thing };
```
## main.js

```js
//#region main.js
import("./lib.js").then((ns) => [
	ns.foo,
	ns.thing,
	ns
]);

//#endregion
```
