---
source: crates/rolldown_testing/src/integration_test.rs
---
# Assets

## entry.js

```js
import assert from "node:assert";

// HIDDEN [rolldown:runtime]
//#region foo.js
var foo_exports = __export({ foo: () => foo$1 });
const foo$1 = 123;

//#endregion
//#region entry.js
let foo = 234;
assert.deepEqual(foo_exports, { foo: 123 });
assert.equal(foo$1, 123);
assert.equal(foo, 234);

//#endregion
```
