---
source: crates/rolldown_testing/src/integration_test.rs
snapshot_kind: text
---
# Errors

## INVALID_OPTION

```text
[INVALID_OPTION] Error: Invalid value for option "output.file" - When building multiple chunks, the "output.dir" option must be used, not "output.file". You may set `output.inlineDynamicImports` to `true` when using dynamic imports.

```
