---
source: crates/rolldown_testing/src/case/case.rs
expression: content
input_file: crates/rolldown/tests/esbuild/dce/inline_function_call_behavior_changes
---
# warnings

## EVAL

```text
[EVAL] Warning: Use of eval is strongly discouraged as it poses security risks and may cause issues with minification.
    ╭─[entry.js:15:5]
    │
 15 │     id(eval)(),
    │        ──┬─  
    │          ╰─── Used `eval` function here.
────╯

```
## EVAL

```text
[EVAL] Warning: Use of eval is strongly discouraged as it poses security risks and may cause issues with minification.
    ╭─[entry.js:16:5]
    │
 16 │     id(eval)?.(),
    │        ──┬─  
    │          ╰─── Used `eval` function here.
────╯

```
## EVAL

```text
[EVAL] Warning: Use of eval is strongly discouraged as it poses security risks and may cause issues with minification.
    ╭─[entry.js:17:12]
    │
 17 │     (empty(), eval)(),
    │               ──┬─  
    │                 ╰─── Used `eval` function here.
────╯

```
## EVAL

```text
[EVAL] Warning: Use of eval is strongly discouraged as it poses security risks and may cause issues with minification.
    ╭─[entry.js:18:12]
    │
 18 │     (empty(), eval)?.(),
    │               ──┬─  
    │                 ╰─── Used `eval` function here.
────╯

```
# Assets

## entry_js.mjs

```js

//#region entry.js
function empty() {}
function id(x) {
	return x;
}
let shouldBeWrapped = [id(foo.bar)(), id(foo[bar])(), id(foo?.bar)(), id(foo?.[bar])(), (empty(), foo.bar)(), (empty(), foo[bar])(), (empty(), foo?.bar)(), (empty(), foo?.[bar])(), id(eval)(), id(eval)?.(), (empty(), eval)(), (empty(), eval)?.(), id(foo.bar)` + "``" + `, id(foo[bar])` + "``" + `, id(foo?.bar)` + "``" + `, id(foo?.[bar])` + "``" + `, (empty(), foo.bar)` + "``" + `, (empty(), foo[bar])` + "``" + `, (empty(), foo?.bar)` + "``" + `, (empty(), foo?.[bar])` + "``" + `, delete id(foo), delete id(foo.bar), delete id(foo[bar]), delete id(foo?.bar), delete id(foo?.[bar]), delete (empty(), foo), delete (empty(), foo.bar), delete (empty(), foo[bar]), delete (empty(), foo?.bar), delete (empty(), foo?.[bar]), delete empty(),];
let shouldNotBeWrapped = [id(foo)(), (empty(), foo)(), id(foo)` + "``" + `, (empty(), foo)` + "``" + `,];
let shouldNotBeDoubleWrapped = [delete (empty(), foo(), bar()), delete id((foo(), bar())),];

//#endregion
export { shouldBeWrapped, shouldNotBeDoubleWrapped, shouldNotBeWrapped };
```
