---
source: crates/rolldown_testing/src/integration_test.rs
---
# warnings

## INEFFECTIVE_DYNAMIC_IMPORT

```text
[INEFFECTIVE_DYNAMIC_IMPORT] child.js is dynamically imported by parent.js but also statically imported by parent.js, dynamic import will not move module into another chunk.

```

# Assets

## main.js

```js
import assert from "node:assert";
// HIDDEN [\0rolldown/runtime.js]
__rolldown_runtime__.registerGraph({
	ids: [
		"child.js",
		"parent.js",
		"main.js"
	],
	localCount: 3,
	edges: [
		[],
		[0],
		[1]
	],
	dynamicEdges: [
		[],
		[],
		[]
	]
});
//#region child.js
var child_exports = /* @__PURE__ */ __exportAll({ count: () => 0 });
__rolldown_runtime__.createModuleHotContext("child.js");
__rolldown_runtime__.registerModule("child.js", { exports: child_exports });
//#endregion
//#region parent.js
var parent_exports = /* @__PURE__ */ __exportAll({});
const parent_hot = __rolldown_runtime__.createModuleHotContext("parent.js");
__rolldown_runtime__.registerModule("parent.js", { exports: parent_exports });
globalThis.optionalDepAcceptCount ??= 0;
globalThis.optionalDepParentExecuteCount ??= 0;
globalThis.optionalDepParentExecuteCount++;
assert.strictEqual(globalThis.optionalDepParentExecuteCount, 1);
let count = 0;
parent_hot?.accept("child.js", (mod) => {
	count = mod.count;
	globalThis.optionalDepAcceptCount++;
	assert.strictEqual(globalThis.optionalDepAcceptCount, count);
});
process.on("beforeExit", (code) => {
	if (code !== 0) return;
	assert.strictEqual(globalThis.optionalDepAcceptCount, 1);
});
//#endregion
//#region main.js
var main_exports = /* @__PURE__ */ __exportAll({});
__rolldown_runtime__.createModuleHotContext("main.js");
__rolldown_runtime__.registerModule("main.js", { exports: main_exports });
//#endregion

```

# HMR Step 0

## Code

```js
__rolldown_runtime__.registerGraph({ids:["child.js"],localCount:1,edges:[[]],dynamicEdges:[[]]});
//#region child.js
__rolldown_runtime__.registerFactory("child.js", "esm", (function(__rolldown_module_id__) {
	try {
		var __rolldown_exports__ = __rolldown_runtime__.__exportAll({ count: () => count });
		__rolldown_runtime__.registerModule(__rolldown_module_id__, { exports: __rolldown_exports__ });
		const hot_child = __rolldown_runtime__.createModuleHotContext(__rolldown_module_id__);
		const count = 1;
	} finally {}
}));

//#endregion
```

## Meta

- update type: patch

### Changed Ids

- child.js
