---
source: crates/rolldown_testing/src/integration_test.rs
---
# Assets

## main.js

```js
// HIDDEN [\0rolldown/runtime.js]
//#region pure/clone-deep.cjs
var require_clone_deep = /* @__PURE__ */ __commonJSMin(((exports, module) => {
	module.exports = function cloneDeep(value) {
		return JSON.parse(JSON.stringify(value));
	};
}));
var import_clone_deep;
function init_pure_cjs_0() {
	return (init_pure_cjs_0 = __esmMin((() => {
		import_clone_deep = /* @__PURE__ */ __toESM(require_clone_deep());
	})))();
}
//#endregion
//#region pure/index.js
//#endregion
//#region forwarder.js
function helper() {
	return "H";
}
//#endregion
//#region main.js
function init_main() {
	return (init_main = __esmMin((() => {
		init_pure_cjs_0();
		globalThis.__result = [(0, import_clone_deep.default)({ a: 1 }), helper()];
	})))();
}
//#endregion
init_main();

```

# Variant: on-demand: [on_demand_wrapping: true]

## Assets

### main.js

```js
// HIDDEN [\0rolldown/runtime.js]
//#region pure/clone-deep.cjs
var require_clone_deep = /* @__PURE__ */ __commonJSMin(((exports, module) => {
	module.exports = function cloneDeep(value) {
		return JSON.parse(JSON.stringify(value));
	};
}));
var import_clone_deep;
function init_pure_cjs_0() {
	return (init_pure_cjs_0 = __esmMin((() => {
		import_clone_deep = /* @__PURE__ */ __toESM(require_clone_deep());
	})))();
}
//#endregion
//#region pure/index.js
//#endregion
//#region forwarder.js
function helper() {
	return "H";
}
//#endregion
//#region main.js
function init_main() {
	return (init_main = __esmMin((() => {
		init_pure_cjs_0();
		globalThis.__result = [(0, import_clone_deep.default)({ a: 1 }), helper()];
	})))();
}
//#endregion
init_main();

```
