---
source: crates/rolldown_testing/src/integration_test.rs
---
# warnings

## UNRESOLVED_IMPORT

```text
[UNRESOLVED_IMPORT] Warning: Could not resolve "./foo" in entry.js
   ╭─[entry.js:1:45]
   │
 1 │ import { "some import" as someImport } from "./foo"
   │                                             ───┬───  
   │                                                ╰───── Module not found, treating it as an external dependency
───╯

```
## UNRESOLVED_IMPORT

```text
[UNRESOLVED_IMPORT] Warning: Could not resolve "./foo" in entry.js
   ╭─[entry.js:3:34]
   │
 3 │ export * as "all the stuff" from "./foo"
   │                                  ───┬───  
   │                                     ╰───── Module not found, treating it as an external dependency
───╯

```
# Assets

## entry.js

```js
"use strict";

const all the stuff = __toESM(require("./foo"));
const { some import: someImport } = __toESM(require("./foo"));

Object.defineProperty(exports, 'all the stuff', {
  enumerable: true,
  get: function () {
    return all the stuff;
  }
});
exports["some export"] = someImport
```
