---
source: crates/rolldown_testing/src/integration_test.rs
---
# warnings

## UNRESOLVED_IMPORT

```text
[UNRESOLVED_IMPORT] Warning: "./foo" is imported by "entry.js", but could not be resolved – treating it as an external dependency.

```
## UNRESOLVED_IMPORT

```text
[UNRESOLVED_IMPORT] Warning: "./foo" is imported by "entry.js", but could not be resolved – treating it as an external dependency.

```
# Assets

## entry.js

```js
import * as all the stuff from "./foo";
import { some import as someImport } from "./foo";

export { all the stuff, someImport as 'some export' };
```
