---
source: crates/rolldown_testing/src/integration_test.rs
---
# Assets

## main.js

```js
import assert from "assert";

//#region a.js
const a = "a.js";

//#endregion
//#region main.js
const a$1 = "main.js";
function foo(a$1$1) {
	return [
		a$1$1,
		a$1,
		a
	];
}
assert.deepEqual(foo("foo"), [
	"foo",
	"main.js",
	"a.js"
]);

//#endregion
//# sourceMappingURL=main.js.map
```

# Sourcemap Visualizer

```
- ../a.js
(0:0) "const " --> (3:0) "const "
(0:6) "a = " --> (3:6) "a = "
(0:10) "'a.js'\n" --> (3:10) "\"a.js\";\n"
- ../main.js
(2:0) "const " --> (7:0) "const "
(2:6) "a = " --> (7:6) "a$1 = "
(2:10) "'main.js'\n" --> (7:12) "\"main.js\";\n"
(5:0) "function " --> (8:0) "function "
(5:9) "foo(" --> (8:9) "foo("
(5:13) "a$1) " --> (8:13) "a$1$1) "
(5:18) "{\n" --> (8:20) "{\n"
(6:2) "return " --> (9:0) "\treturn "
(6:9) "[" --> (9:8) "[\n"
(6:10) "a$1, " --> (10:2) "a$1$1,\n"
(6:15) "a, " --> (11:2) "a$1,\n"
(6:18) "aJs]" --> (12:2) "a\n"
(6:22) "\n" --> (13:1) "];\n"
(7:1) "\n" --> (14:0) "}\n"
(9:0) "assert." --> (15:0) "assert."
(9:7) "deepEqual(" --> (15:7) "deepEqual("
(9:17) "foo(" --> (15:17) "foo("
(9:21) "'foo')" --> (15:21) "\"foo\")"
(9:27) ", " --> (15:27) ", "
(9:29) "[" --> (15:29) "[\n"
(9:30) "'foo', " --> (16:1) "\"foo\",\n"
(9:37) "'main.js', " --> (17:1) "\"main.js\",\n"
(9:48) "'a.js']" --> (18:1) "\"a.js\"\n"
(9:55) ")" --> (19:0) "])"
(9:56) "\n" --> (19:2) ";\n"
```
