---
source: crates/rolldown_testing/src/integration_test.rs
---
# Errors

## PARSE_ERROR

```text
[PARSE_ERROR] Error: Expected `,` but found `class`
   ╭─[ main.jsx:8:8 ]
   │
 8 │     <a class="the">
   │        ──┬──  
   │          ╰──── `,` expected
───╯

```

## PARSE_ERROR

```text
[PARSE_ERROR] Error: Expected corresponding JSX closing tag for 'b'.
   ╭─[ main.jsx:5:6 ]
   │
 5 │     <b>
   │      ┬  
   │      ╰── 
   │ 
 7 │     </a>
   │       ┬  
   │       ╰── 
───╯

```
