---
source: crates/rolldown_testing/src/integration_test.rs
---
# Assets

## entry1.js

```js
import "./run-dep.js";
//#region init-dep-1.js
global.foo = { log: () => console.log("foo.log() (from entry 1) called") };
//#endregion

```

## entry2.js

```js
import "./run-dep.js";
//#region init-dep-2.js
global.foo = { log: () => console.log("foo.log() (from entry 2) called") };
//#endregion

```

## run-dep.js

```js
//#region run-dep.js
global.foo.log();
//#endregion

```

# Variant: wrap-all: [strict_execution_order: true]

## Assets

### entry1.js

```js
import "./run-dep.js";
import { t as init_entry1 } from "./entry12.js";
init_entry1();

```

### entry12.js

```js
import { t as init_run_dep } from "./run-dep.js";
import { t as __esmMin } from "./rolldown-runtime.js";
//#region init-dep-1.js
function init_init_dep_1() {
	return (init_init_dep_1 = __esmMin((() => {
		global.foo = { log: () => console.log("foo.log() (from entry 1) called") };
	})))();
}
//#endregion
//#region entry1.js
function init_entry1() {
	return (init_entry1 = __esmMin((() => {
		init_init_dep_1();
		init_run_dep();
	})))();
}
//#endregion
export { init_init_dep_1 as n, init_entry1 as t };

```

### entry2.js

```js
import "./run-dep.js";
import { t as init_entry2 } from "./entry22.js";
init_entry2();

```

### entry22.js

```js
import { t as init_run_dep } from "./run-dep.js";
import { t as __esmMin } from "./rolldown-runtime.js";
//#region init-dep-2.js
function init_init_dep_2() {
	return (init_init_dep_2 = __esmMin((() => {
		global.foo = { log: () => console.log("foo.log() (from entry 2) called") };
	})))();
}
//#endregion
//#region entry2.js
function init_entry2() {
	return (init_entry2 = __esmMin((() => {
		init_init_dep_2();
		init_run_dep();
	})))();
}
//#endregion
export { init_init_dep_2 as n, init_entry2 as t };

```

### rolldown-runtime.js

```js
// HIDDEN [\0rolldown/runtime.js]
export { __esmMin as t };

```

### run-dep.js

```js
import { t as __esmMin } from "./rolldown-runtime.js";
//#region run-dep.js
function init_run_dep() {
	return (init_run_dep = __esmMin((() => {
		global.foo.log();
	})))();
}
//#endregion
export { init_run_dep as t };

```

# Variant: on-demand: [on_demand_wrapping: true] [strict_execution_order: true]

## Assets

### entry1.js

```js
import "./run-dep.js";
import { t as init_entry1 } from "./entry12.js";
init_entry1();

```

### entry12.js

```js
import { t as init_run_dep } from "./run-dep.js";
import { t as __esmMin } from "./rolldown-runtime.js";
//#region init-dep-1.js
global.foo = { log: () => console.log("foo.log() (from entry 1) called") };
//#endregion
//#region entry1.js
function init_entry1() {
	return (init_entry1 = __esmMin((() => {
		init_run_dep();
	})))();
}
//#endregion
export { init_entry1 as t };

```

### entry2.js

```js
import "./run-dep.js";
import { t as init_entry2 } from "./entry22.js";
init_entry2();

```

### entry22.js

```js
import { t as init_run_dep } from "./run-dep.js";
import { t as __esmMin } from "./rolldown-runtime.js";
//#region init-dep-2.js
global.foo = { log: () => console.log("foo.log() (from entry 2) called") };
//#endregion
//#region entry2.js
function init_entry2() {
	return (init_entry2 = __esmMin((() => {
		init_run_dep();
	})))();
}
//#endregion
export { init_entry2 as t };

```

### rolldown-runtime.js

```js
// HIDDEN [\0rolldown/runtime.js]
export { __esmMin as t };

```

### run-dep.js

```js
import { t as __esmMin } from "./rolldown-runtime.js";
//#region run-dep.js
function init_run_dep() {
	return (init_run_dep = __esmMin((() => {
		global.foo.log();
	})))();
}
//#endregion
export { init_run_dep as t };

```
