---
source: crates/rolldown/tests/common/case.rs
expression: content
input_file: crates/rolldown/tests/fixtures/reexport_star
---
# 2.mjs

```js
// a.js
var a_ns = {
  get abc() { return abc }
};
const abc = undefined

export { a_ns };
```
# entry.mjs

```js
import { a_ns } from "./2.mjs";

// entry.js


export { a_ns as a };
```
# main.mjs

```js
import { a_ns } from "./2.mjs";

// main.js


export { a_ns as a };
```
