---
source: crates/rolldown_testing/src/integration_test.rs
---
# warnings

## INEFFECTIVE_DYNAMIC_IMPORT

```text
[INEFFECTIVE_DYNAMIC_IMPORT] Warning: 
(!) /root/program/rolldown/crates/rolldown/tests/rolldown/optimization/chunk_merging/dynamic_import_cjs_same_chunk/cjs-module.js is dynamically imported by /root/program/rolldown/crates/rolldown/tests/rolldown/optimization/chunk_merging/dynamic_import_cjs_same_chunk/main.js but also statically imported by /root/program/rolldown/crates/rolldown/tests/rolldown/optimization/chunk_merging/dynamic_import_cjs_same_chunk/main.js, dynamic import will not move module into another chunk.


```

# Assets

## main.js

```js
import assert from "node:assert";

// HIDDEN [rolldown:runtime]
//#region cjs-module.js
var require_cjs_module = /* @__PURE__ */ __commonJSMin(((exports) => {
	exports.value = 42;
}));

//#endregion
//#region main.js
var import_cjs_module = /* @__PURE__ */ __toESM(require_cjs_module());
assert.strictEqual(import_cjs_module.value, 42);
Promise.resolve().then(() => /* @__PURE__ */ __toESM(require_cjs_module())).then((mod) => {
	assert.strictEqual(mod.value, 42);
	assert.strictEqual(mod.default.value, 42);
});

//#endregion
```

# Output Stats

- main.js, is_entry true, is_dynamic_entry false, exports []

# Variant: [format: Cjs]

## warnings

### INEFFECTIVE_DYNAMIC_IMPORT

```text
[INEFFECTIVE_DYNAMIC_IMPORT] Warning: 
(!) /root/program/rolldown/crates/rolldown/tests/rolldown/optimization/chunk_merging/dynamic_import_cjs_same_chunk/cjs-module.js is dynamically imported by /root/program/rolldown/crates/rolldown/tests/rolldown/optimization/chunk_merging/dynamic_import_cjs_same_chunk/main.js but also statically imported by /root/program/rolldown/crates/rolldown/tests/rolldown/optimization/chunk_merging/dynamic_import_cjs_same_chunk/main.js, dynamic import will not move module into another chunk.


```

## Assets

### main.js

```js
// HIDDEN [rolldown:runtime]
let node_assert = require("node:assert");
node_assert = __toESM(node_assert);

//#region cjs-module.js
var require_cjs_module = /* @__PURE__ */ __commonJSMin(((exports) => {
	exports.value = 42;
}));

//#endregion
//#region main.js
var import_cjs_module = /* @__PURE__ */ __toESM(require_cjs_module());
node_assert.default.strictEqual(import_cjs_module.value, 42);
Promise.resolve().then(() => /* @__PURE__ */ __toESM(require_cjs_module())).then((mod) => {
	node_assert.default.strictEqual(mod.value, 42);
	node_assert.default.strictEqual(mod.default.value, 42);
});

//#endregion
```

## Output Stats

- main.js, is_entry true, is_dynamic_entry false, exports []
