---
source: crates/rolldown_testing/src/integration_test.rs
---
# Assets

## main.js

```js
import assert from "node:assert";

//#region shared.js
const a$2 = "shared.js";

//#endregion
//#region main.js
const a = "a";
const a$1 = "a$1";
assert.equal(a$2, "shared.js");
assert.equal(a, "a");
assert.equal(a$1, "a$1");

//#endregion
//# sourceMappingURL=main.js.map
```

# Sourcemap Visualizer

```
- ../shared.js
(0:0-0:6) "const " --> (3:0-3:6) "\nconst"
(0:6-0:10) "a = " --> (3:6-3:12) " a$2 ="
(0:10-2:13) "'shared.js'\n\nexport { a }" --> (3:12-7:0) " \"shared.js\";\n\n//#endregion\n//#region main.js"
- ../main.js
(2:0-2:6) "\nconst" --> (7:0-7:6) "\nconst"
(2:6-2:10) " a =" --> (7:6-7:10) " a ="
(2:10-3:0) " 'a'" --> (7:10-8:0) " \"a\";"
(3:0-3:6) "\nconst" --> (8:0-8:6) "\nconst"
(3:6-3:12) " a$1 =" --> (8:6-8:12) " a$1 ="
(3:12-5:0) " 'a$1'\n" --> (8:12-9:0) " \"a$1\";"
(5:0-5:7) "\nassert" --> (9:0-9:7) "\nassert"
(5:7-5:13) ".equal" --> (9:7-9:13) ".equal"
(5:13-5:17) "(a2," --> (9:13-9:18) "(a$2,"
(5:17-5:29) " 'shared.js'" --> (9:18-9:30) " \"shared.js\""
(5:29-6:0) ")" --> (9:30-10:0) ");"
(6:0-6:7) "\nassert" --> (10:0-10:7) "\nassert"
(6:7-6:13) ".equal" --> (10:7-10:13) ".equal"
(6:13-6:16) "(a," --> (10:13-10:16) "(a,"
(6:16-6:20) " 'a'" --> (10:16-10:20) " \"a\""
(6:20-7:0) ")" --> (10:20-11:0) ");"
(7:0-7:7) "\nassert" --> (11:0-11:7) "\nassert"
(7:7-7:13) ".equal" --> (11:7-11:13) ".equal"
(7:13-7:18) "(a$1," --> (11:13-11:18) "(a$1,"
(7:18-7:24) " 'a$1'" --> (11:18-11:24) " \"a$1\""
(7:24-8:1) ")\n" --> (11:24-14:33) ");\n\n//#endregion\n//# sourceMappingURL=main.js.map"
```
