---
source: crates/rolldown_testing/src/integration_test.rs
---
# warnings

## UNRESOLVED_IMPORT

```text
[UNRESOLVED_IMPORT] Warning: Could not resolve 'some-pkg/css' in entry.css

```
# Assets

## entry.js

```js
//#region a.js
console.log("in a");

//#endregion
//#region b.js
console.log("in b");

//#endregion
//#region c.js
function foo() {
	console.log("in c");
}
foo();

//#endregion
//#region node_modules/some-other-pkg/js/index.js
function bar() {
	console.log("some-other-pkg");
}
bar();

//#endregion
```
## entry2.css

```css
a { zoom: 2 } /*! Copyright notice 1 */
b { zoom: 2 } /*! Copyright notice 1 */
/*
 * @license
 * Copyright notice 2
 */
c {
	zoom: 2
}
/* @preserve This is another comment */


```
## entry2.js

```js

```
