---
source: crates/rolldown_testing/src/integration_test.rs
---
# Assets

## assets/test-B_SY1GJM.png

## main.css

```css
body {
  background-color: #000;
}

body {
  background-color: #f0f0f0;
  background-image: url("./assets/test-B_SY1GJM.png");
}

```

## main.js

```js
//#region main.css
var main_default = void 0;

//#endregion
```
