---
source: crates/rolldown_testing/src/integration_test.rs
---
# Assets

## main.js

```js


//#region foo.js
var foo_exports = {};
__export(foo_exports, {
	a: () => a,
	b: () => b,
	bar: () => bar,
	c: () => c,
	d: () => d,
	default: () => baz,
	e: () => e,
	foo: () => foo,
	g: () => g
});
function foo() {}
var a, b, c, d, e, g, bar, baz;
var init_foo = __esm({ "foo.js"() {
	[b] = [];
	[c = 1] = [];
	({e} = {});
	({f: g = 1} = {});
	bar = class {};
	baz = class {};
} });

//#endregion
//#region main.js
init_foo(), __toCommonJS(foo_exports);

//#endregion
//# sourceMappingURL=main.js.map
```

# Sourcemap Visualizer

```
- ../foo.js
(0:0-2:7) "export var a, [b] = [], [c = 1] = [];\nexport var d, {e} = {}, {f: g = 1} = {};\nexport" --> (29:0-41:0) "\nvar foo_exports = {};\n__export(foo_exports, {\n\ta: () => a,\n\tb: () => b,\n\tbar: () => bar,\n\tc: () => c,\n\td: () => d,\n\tdefault: () => baz,\n\te: () => e,\n\tfoo: () => foo,\n\tg: () => g\n});"
(2:7-2:16) " function" --> (41:0-41:9) "\nfunction"
(2:16-2:22) " foo()" --> (41:9-41:15) " foo()"
(2:22-2:25) " { " --> (41:15-41:16) " "
(2:25-0:0) "" --> (41:16-42:0) "{}"
(0:0-0:15) "export var a, [" --> (42:0-44:2) "\nvar a, b, c, d, e, g, bar, baz;\nvar init_foo = __esm({ \"foo.js\"() {\n\t"
(0:15-0:0) "export var a, [" --> (44:2-44:4) "[b"
(0:0-0:20) "export var a, [b] = " --> (44:4-44:7) "] ="
(0:20-0:22) "[]" --> (44:7-44:8) " "
(0:22-0:0) "export var a, [b] = []" --> (44:8-45:0) "[];"
(0:0-0:25) "export var a, [b] = [], [" --> (45:0-45:2) "\n\t"
(0:25-0:29) "c = " --> (45:2-45:6) "[c ="
(0:29-0:0) "export var a, [b] = [], [c = " --> (45:6-45:8) " 1"
(0:0-0:34) "export var a, [b] = [], [c = 1] = " --> (45:8-45:11) "] ="
(0:34-0:36) "[]" --> (45:11-45:12) " "
(0:36-0:0) "export var a, [b] = [], [c = 1] = []" --> (45:12-46:0) "[];"
(0:0-1:20) "export var a, [b] = [], [c = 1] = [];\nexport var d, {e} =" --> (46:0-46:8) "\n\t({e} ="
(1:20-1:22) " {" --> (46:8-46:9) " "
(1:22-0:0) "" --> (46:9-47:0) "{});"
(0:0-1:25) "export var a, [b] = [], [c = 1] = [];\nexport var d, {e} = {}, " --> (47:0-47:3) "\n\t("
(1:25-1:28) "{f:" --> (47:3-47:6) "{f:"
(1:28-1:32) " g =" --> (47:6-47:10) " g ="
(1:32-0:0) "" --> (47:10-47:12) " 1"
(0:0-1:37) "export var a, [b] = [], [c = 1] = [];\nexport var d, {e} = {}, {f: g = 1} =" --> (47:12-47:15) "} ="
(1:37-1:39) " {" --> (47:15-47:16) " "
(1:39-0:0) "" --> (47:16-48:0) "{});"
(0:0-3:13) "export var a, [b] = [], [c = 1] = [];\nexport var d, {e} = {}, {f: g = 1} = {};\nexport function foo() { }\nexport class" --> (48:0-48:1) "\n"
(3:13-3:7) " class" --> (48:1-48:7) "\tbar ="
(3:7-3:17) " class bar" --> (48:7-48:13) " class"
(3:17-3:20) " { " --> (48:13-48:14) " "
(3:20-0:0) "" --> (48:14-49:0) "{};"
(0:0-4:21) "export var a, [b] = [], [c = 1] = [];\nexport var d, {e} = {}, {f: g = 1} = {};\nexport function foo() { }\nexport class bar { }\nexport default class" --> (49:0-49:1) "\n"
(4:21-4:15) " class" --> (49:1-49:7) "\tbaz ="
(4:15-4:25) " class baz" --> (49:7-49:13) " class"
(4:25-4:28) " { " --> (49:13-49:14) " "
(4:28-0:0) "" --> (49:14-50:0) "{};"
(0:0-8:1) "export var a, [b] = [], [c = 1] = [];\nexport var d, {e} = {}, {f: g = 1} = {};\nexport function foo() { }\nexport class bar { }\nexport default class baz { }\n\n\nexport { }\n" --> (50:0-54:0) "\n} });\n\n//#endregion\n//#region main.js"
(0:0-1:1) "require('./foo')\n" --> (54:0-57:33) "\ninit_foo(), __toCommonJS(foo_exports);\n\n//#endregion\n//# sourceMappingURL=main.js.map"
```
