---
source: crates/rolldown_testing/src/integration_test.rs
---
# Assets

## main.js

```js

//#region foo.js
var foo_exports = {};
__export(foo_exports, {
	a: () => a,
	b: () => b,
	bar: () => bar,
	c: () => c,
	d: () => d,
	default: () => baz,
	e: () => e,
	foo: () => foo,
	g: () => g
});
function foo() {}
var a, b, c, d, e, g, bar, baz;
var init_foo = __esm({ "foo.js"() {
	[b] = [];
	[c = 1] = [];
	({e} = {});
	({f: g = 1} = {});
	bar = class {};
	baz = class {};
} });

//#endregion
//#region main.js
init_foo();

//#endregion
//# sourceMappingURL=main.js.map
```

# Sourcemap Visualizer

```
- ../foo.js
(2:7) "function " --> (27:0) "function "
(2:16) "foo() " --> (27:9) "foo() "
(2:22) "{ }" --> (27:15) "{"
(2:25) "\n" --> (27:16) "}\n"
(0:15) "b] = " --> (30:2) "b] = "
(0:20) "[]" --> (30:7) "["
(0:22) ", [" --> (30:8) "];\n"
(0:25) "c = " --> (31:2) "c = "
(0:29) "1] = " --> (31:6) "1] = "
(0:34) "[]" --> (31:11) "["
(0:36) ";\n" --> (31:12) "];\n"
(1:20) "{}" --> (32:8) "{"
(1:22) ", {" --> (32:9) "});\n"
(1:25) "f: " --> (33:3) "f: "
(1:28) "g = " --> (33:6) "g = "
(1:32) "1} = " --> (33:10) "1} = "
(1:37) "{}" --> (33:15) "{"
(1:39) ";\n" --> (33:16) "});\n"
(3:13) "bar " --> (34:1) "bar = "
(3:7) "class bar " --> (34:7) "class "
(3:17) "{ }" --> (34:13) "{"
(3:20) "\n" --> (34:14) "};\n"
(4:21) "baz " --> (35:1) "baz = "
(4:15) "class baz " --> (35:7) "class "
(4:25) "{ }" --> (35:13) "{"
(4:28) "\n" --> (35:14) "};\n"
- ../main.js
(0:0) "require('./foo')\n" --> (40:0) "init_foo();\n"
```
