---
source: crates/rolldown_testing/src/integration_test.rs
---
# Assets

## main.js

```js
import assert from "node:assert";
// HIDDEN [\0rolldown/runtime.js]
//#region foo.js
var foo_exports = /* @__PURE__ */ __exportAll({
	a: () => a,
	a1: () => a1,
	a2: () => "baz",
	a3: () => a3,
	b: () => b,
	bar: () => bar,
	c: () => c,
	d: () => d,
	default: () => baz,
	destructuring: () => destructuring,
	e: () => e,
	foo: () => foo$1,
	g: () => g,
	index: () => index,
	k: () => k,
	x: () => x,
	y: () => y,
	z: () => z
});
function foo$1() {}
var a, b, c, d, e, g, x, y, z, k, bar, baz, a1, index, a3, destructuring;
var init_foo = __esmMin((() => {
	[b] = [], [c = 1] = [];
	({e} = {}), {f: g = 1} = {};
	({h: [x, {y}], i: {z}, j: {k} = { k: null }} = {
		h: [0, { y: null }],
		i: {}
	});
	bar = class {};
	baz = class {};
	if (globalVar) a1 = 1e3;
	switch (globalVar) {
		case true: break;
		default:
	}
	for (index = 0; index < 10; index++) a3 = 1e3;
	({destructuring} = { destructuring: "destructuring" });
}));
//#endregion
//#region main.js
globalThis.globalVar = true;
const foo = (init_foo(), __toCommonJS(foo_exports));
assert.strictEqual(foo.a1, 1e3);
assert.strictEqual(foo.a2, "baz");
assert.strictEqual(foo.a3, 1e3);
assert.strictEqual(foo.destructuring, "destructuring");
assert.strictEqual(foo.index, 10);
//#endregion

//# sourceMappingURL=main.js.map
```

# Sourcemap Visualizer

```
- ../foo.js
(11:0) "export function " --> (56:0) "function "
(11:16) "foo() " --> (56:9) "foo$1() "
(11:22) "{" --> (56:17) "{"
(11:23) "}\n" --> (56:18) "}\n"
(1:2) "[" --> (59:1) "["
(1:3) "b] = " --> (59:2) "b] = "
(1:8) "[" --> (59:7) "["
(1:9) "],\n" --> (59:8) "], "
(2:2) "[" --> (59:11) "["
(2:3) "c = " --> (59:12) "c = "
(2:7) "1] = " --> (59:16) "1] = "
(2:12) "[" --> (59:21) "["
(2:13) "];\n" --> (59:22) "];\n"
(4:4) "e } = " --> (60:3) "e} = "
(4:10) "{" --> (60:8) "{"
(4:11) "},\n" --> (60:9) "}), "
(4:11) "},\n" --> (60:13) "{"
(5:4) "f: " --> (60:14) "f: "
(5:7) "g = " --> (60:17) "g = "
(5:11) "1 } = " --> (60:21) "1} = "
(5:17) "{" --> (60:26) "{"
(5:18) "};\n" --> (60:27) "};\n"
(7:2) "h: " --> (61:3) "h: "
(7:5) "[" --> (61:6) "["
(7:6) "x, { " --> (61:7) "x, "
(7:6) "x, { " --> (61:10) "{"
(7:11) "y }],\n" --> (61:11) "y}], "
(8:2) "i: " --> (61:16) "i: "
(8:5) "{ " --> (61:19) "{"
(8:7) "z },\n" --> (61:20) "z}, "
(9:2) "j: { " --> (61:24) "j: "
(9:2) "j: { " --> (61:27) "{"
(9:7) "k } = " --> (61:28) "k} = "
(9:13) "{ " --> (61:33) "{ "
(9:15) "k: " --> (61:35) "k: "
(9:18) "null " --> (61:38) "null "
(9:23) "},\n" --> (61:43) "}} = "
(10:4) "{ " --> (61:48) "{\n"
(10:6) "h: " --> (62:2) "h: "
(10:9) "[" --> (62:5) "["
(10:10) "0, " --> (62:6) "0, "
(10:13) "{ " --> (62:9) "{ "
(10:15) "y: " --> (62:11) "y: "
(10:18) "null " --> (62:14) "null "
(10:23) "}" --> (62:19) "}"
(10:24) "], " --> (62:20) "],\n"
(10:27) "i: " --> (63:2) "i: "
(10:30) "{" --> (63:5) "{"
(10:31) "} " --> (63:6) "}\n"
(10:33) "};\n" --> (64:1) "});\n"
(12:13) "bar " --> (65:1) "bar = "
(12:0) "export class bar " --> (65:7) "class "
(12:17) "{" --> (65:13) "{"
(12:18) "}\n" --> (65:14) "};\n"
(13:21) "baz " --> (66:1) "baz = "
(13:0) "export default class baz " --> (66:7) "class "
(13:25) "{" --> (66:13) "{"
(13:26) "}\n" --> (66:14) "};\n"
(17:0) "if (" --> (67:1) "if ("
(17:4) "globalVar) {\n" --> (67:5) "globalVar) "
(18:6) "a1 = " --> (67:16) "a1 = "
(18:11) "1000;\n" --> (67:21) "1e3;\n"
(20:0) "switch (" --> (68:1) "switch ("
(20:8) "globalVar) {\n" --> (68:9) "globalVar) "
(20:0) "switch (globalVar) {\n" --> (68:20) "{\n"
(21:2) "case " --> (69:2) "case "
(21:7) "true:\n" --> (69:7) "true: "
(23:4) "break;\n" --> (69:13) "break;\n"
(24:2) "default:\n" --> (70:2) "default:\n"
(25:0) "}\n" --> (71:1) "}\n"
(26:0) "for (var " --> (72:1) "for ("
(26:9) "index = " --> (72:6) "index = "
(26:17) "0; " --> (72:14) "0; "
(26:20) "index < " --> (72:17) "index < "
(26:28) "10; " --> (72:25) "10; "
(26:32) "index++) {\n" --> (72:29) "index++) "
(27:6) "a3 = " --> (72:38) "a3 = "
(27:11) "1000;\n" --> (72:43) "1e3;\n"
(30:6) "destructuring } = " --> (73:3) "destructuring} = "
(30:24) "{ " --> (73:20) "{ "
(30:26) "destructuring: " --> (73:22) "destructuring: "
(30:41) "'destructuring' " --> (73:37) "\"destructuring\" "
(30:57) "};\n" --> (73:53) "});\n"
- ../main.js
(0:0) "globalThis." --> (77:0) "globalThis."
(0:11) "globalVar = " --> (77:11) "globalVar = "
(0:23) "true;\n" --> (77:23) "true;\n"
(1:0) "const " --> (78:0) "const "
(1:6) "foo = require('./foo');\n" --> (78:6) "foo = ("
(1:6) "foo = require('./foo');\n" --> (78:13) "init_foo("
(1:6) "foo = require('./foo');\n" --> (78:22) "), "
(1:6) "foo = require('./foo');\n" --> (78:25) "__toCommonJS("
(1:6) "foo = require('./foo');\n" --> (78:38) "foo_exports"
(1:6) "foo = require('./foo');\n" --> (78:49) "));\n"
(4:0) "assert." --> (79:0) "assert."
(4:7) "strictEqual(" --> (79:7) "strictEqual("
(4:19) "foo." --> (79:19) "foo."
(4:23) "a1, " --> (79:23) "a1, "
(4:27) "1000" --> (79:27) "1e3"
(4:31) ");\n" --> (79:30) ");\n"
(5:0) "assert." --> (80:0) "assert."
(5:7) "strictEqual(" --> (80:7) "strictEqual("
(5:19) "foo." --> (80:19) "foo."
(5:23) "a2, " --> (80:23) "a2, "
(5:27) "'baz'" --> (80:27) "\"baz\""
(5:32) ");\n" --> (80:32) ");\n"
(6:0) "assert." --> (81:0) "assert."
(6:7) "strictEqual(" --> (81:7) "strictEqual("
(6:19) "foo." --> (81:19) "foo."
(6:23) "a3, " --> (81:23) "a3, "
(6:27) "1000" --> (81:27) "1e3"
(6:31) ");\n" --> (81:30) ");\n"
(7:0) "assert." --> (82:0) "assert."
(7:7) "strictEqual(" --> (82:7) "strictEqual("
(7:19) "foo." --> (82:19) "foo."
(7:23) "destructuring, " --> (82:23) "destructuring, "
(7:38) "'destructuring'" --> (82:38) "\"destructuring\""
(7:53) ");\n" --> (82:53) ");\n"
(8:0) "assert." --> (83:0) "assert."
(8:7) "strictEqual(" --> (83:7) "strictEqual("
(8:19) "foo." --> (83:19) "foo."
(8:23) "index, " --> (83:23) "index, "
(8:30) "10" --> (83:30) "10"
(8:32) ");\n" --> (83:32) ");\n"
```
